[2025-09-05 11:34:17,578: INFO: main: Project initialized]
[2025-09-05 13:11:22,129: INFO: common: yaml file: config\config.yaml loaded successfully]
[2025-09-05 13:12:45,822: INFO: common: yaml file: config\config.yaml loaded successfully]
[2025-09-05 13:12:45,824: INFO: common: yaml file: params.yaml loaded successfully]
[2025-09-05 13:13:13,841: INFO: common: yaml file: config\config.yaml loaded successfully]
[2025-09-05 13:13:13,843: INFO: common: yaml file: params.yaml loaded successfully]
[2025-09-05 13:13:28,382: INFO: common: yaml file: config\config.yaml loaded successfully]
[2025-09-05 13:13:28,384: INFO: common: yaml file: params.yaml loaded successfully]
[2025-09-05 13:13:33,700: INFO: common: yaml file: config\config.yaml loaded successfully]
[2025-09-05 13:13:33,704: INFO: common: yaml file: params.yaml loaded successfully]
[2025-09-05 13:15:23,864: INFO: common: yaml file: config\config.yaml loaded successfully]
[2025-09-05 13:15:23,867: INFO: common: yaml file: params.yaml loaded successfully]
[2025-09-05 13:16:43,745: INFO: common: yaml file: config\config.yaml loaded successfully]
[2025-09-05 13:16:43,747: INFO: common: yaml file: params.yaml loaded successfully]
[2025-09-05 13:18:17,379: INFO: common: yaml file: config\config.yaml loaded successfully]
[2025-09-05 13:18:17,382: INFO: common: yaml file: params.yaml loaded successfully]
[2025-09-05 13:19:11,696: INFO: common: yaml file: config\config.yaml loaded successfully]
[2025-09-05 13:19:11,698: INFO: common: yaml file: params.yaml loaded successfully]
[2025-09-05 13:19:57,945: INFO: common: yaml file: config\config.yaml loaded successfully]
[2025-09-05 13:19:57,947: INFO: common: yaml file: params.yaml loaded successfully]
[2025-09-05 13:31:04,702: INFO: common: yaml file: config\config.yaml loaded successfully]
[2025-09-05 13:31:04,805: INFO: common: yaml file: params.yaml loaded successfully]
[2025-09-05 13:37:19,881: INFO: common: yaml file: config\config.yaml loaded successfully]
[2025-09-05 13:37:19,884: INFO: common: yaml file: params.yaml loaded successfully]
[2025-09-05 13:38:02,840: INFO: common: yaml file: config\config.yaml loaded successfully]
[2025-09-05 13:38:02,843: INFO: common: yaml file: params.yaml loaded successfully]
[2025-09-05 13:39:18,276: INFO: common: yaml file: config\config.yaml loaded successfully]
[2025-09-05 13:39:18,279: INFO: common: yaml file: params.yaml loaded successfully]
[2025-09-05 13:40:31,827: INFO: common: yaml file: config\config.yaml loaded successfully]
[2025-09-05 13:40:31,830: INFO: common: yaml file: params.yaml loaded successfully]
[2025-09-05 13:40:47,521: INFO: common: yaml file: config\config.yaml loaded successfully]
[2025-09-05 13:40:47,523: INFO: common: yaml file: params.yaml loaded successfully]
[2025-09-05 13:41:01,017: INFO: common: yaml file: schema.yaml loaded successfully]
[2025-09-05 13:47:27,682: INFO: common: yaml file: config\config.yaml loaded successfully]
[2025-09-05 13:47:27,685: INFO: common: yaml file: params.yaml loaded successfully]
[2025-09-05 13:47:49,994: INFO: common: yaml file: config\config.yaml loaded successfully]
[2025-09-05 13:47:49,997: INFO: common: yaml file: params.yaml loaded successfully]
[2025-09-05 13:48:25,684: INFO: common: yaml file: config\config.yaml loaded successfully]
[2025-09-05 13:48:25,687: INFO: common: yaml file: params.yaml loaded successfully]
[2025-09-05 13:49:37,928: INFO: common: yaml file: config\config.yaml loaded successfully]
[2025-09-05 13:49:37,931: INFO: common: yaml file: params.yaml loaded successfully]
[2025-09-05 13:50:18,865: INFO: common: yaml file: config\config.yaml loaded successfully]
[2025-09-05 13:50:18,868: INFO: common: yaml file: params.yaml loaded successfully]
[2025-09-05 13:51:16,811: INFO: common: yaml file: config\config.yaml loaded successfully]
[2025-09-05 13:51:16,814: INFO: common: yaml file: params.yaml loaded successfully]
[2025-09-05 13:52:38,183: INFO: common: yaml file: config\config.yaml loaded successfully]
[2025-09-05 13:52:38,186: INFO: common: yaml file: params.yaml loaded successfully]
[2025-09-05 13:54:33,257: INFO: common: yaml file: config\config.yaml loaded successfully]
[2025-09-05 13:54:33,261: INFO: common: yaml file: params.yaml loaded successfully]
[2025-09-05 13:54:58,690: INFO: common: yaml file: config\config.yaml loaded successfully]
[2025-09-05 13:54:58,693: INFO: common: yaml file: params.yaml loaded successfully]
[2025-09-05 13:55:31,468: INFO: common: yaml file: config\config.yaml loaded successfully]
[2025-09-05 13:55:31,473: INFO: common: yaml file: params.yaml loaded successfully]
[2025-09-05 13:55:43,418: INFO: common: yaml file: config\config.yaml loaded successfully]
[2025-09-05 13:55:43,421: INFO: common: yaml file: params.yaml loaded successfully]
[2025-09-05 13:56:09,245: INFO: common: yaml file: config\config.yaml loaded successfully]
[2025-09-05 13:56:09,248: INFO: common: yaml file: params.yaml loaded successfully]
[2025-09-05 14:01:05,046: INFO: common: yaml file: config\config.yaml loaded successfully]
[2025-09-05 14:01:05,142: INFO: common: created directory at: artifacts]
[2025-09-05 14:01:35,513: INFO: common: yaml file: config\config.yaml loaded successfully]
[2025-09-05 14:01:35,516: INFO: common: yaml file: params.yaml loaded successfully]
[2025-09-05 14:02:32,226: INFO: common: yaml file: config\config.yaml loaded successfully]
[2025-09-05 14:02:32,245: INFO: common: yaml file: params.yaml loaded successfully]
[2025-09-05 14:02:32,248: INFO: common: created directory at: artifacts]
[2025-09-05 14:02:59,485: INFO: common: yaml file: config\config.yaml loaded successfully]
[2025-09-05 14:02:59,489: INFO: common: yaml file: params.yaml loaded successfully]
[2025-09-05 14:02:59,491: INFO: common: yaml file: params.yaml loaded successfully]
[2025-09-05 14:02:59,494: INFO: common: created directory at: artifacts]
[2025-09-05 14:03:08,179: INFO: common: yaml file: config\config.yaml loaded successfully]
[2025-09-05 14:03:08,183: INFO: common: yaml file: params.yaml loaded successfully]
[2025-09-05 14:03:08,187: INFO: common: yaml file: params.yaml loaded successfully]
[2025-09-05 14:03:08,190: INFO: common: created directory at: artifacts]
[2025-09-05 14:03:08,195: INFO: common: created directory at: artifacts/data_ingestion]
[2025-09-05 17:38:00,916: INFO: main: >>>>>> stage Data Ingestion stage started <<<<<<]
[2025-09-05 17:38:00,939: INFO: common: yaml file: config\config.yaml loaded successfully]
[2025-09-05 17:38:00,966: INFO: common: yaml file: params.yaml loaded successfully]
[2025-09-05 17:38:00,990: INFO: common: yaml file: schema.yaml loaded successfully]
[2025-09-05 17:38:00,995: INFO: common: created directory at: artifacts]
[2025-09-05 17:38:00,997: INFO: common: created directory at: artifacts/data_ingestion]
[2025-09-05 17:38:02,593: INFO: main: >>>>>> stage Data Ingestion stage completed <<<<<<

x==========x]
[2025-09-05 17:39:46,103: INFO: main: >>>>>> stage Data Ingestion stage started <<<<<<]
[2025-09-05 17:39:46,107: INFO: common: yaml file: config\config.yaml loaded successfully]
[2025-09-05 17:39:46,110: INFO: common: yaml file: params.yaml loaded successfully]
[2025-09-05 17:39:46,124: INFO: common: yaml file: schema.yaml loaded successfully]
[2025-09-05 17:39:46,130: INFO: common: created directory at: artifacts]
[2025-09-05 17:39:46,131: INFO: common: created directory at: artifacts/data_ingestion]
[2025-09-05 17:39:47,034: INFO: main: >>>>>> stage Data Ingestion stage completed <<<<<<

x==========x]
[2025-09-06 13:13:30,930: INFO: common: yaml file: config\config.yaml loaded successfully]
[2025-09-06 13:13:30,994: INFO: common: yaml file: params.yaml loaded successfully]
[2025-09-06 13:13:31,058: INFO: common: yaml file: schema.yaml loaded successfully]
[2025-09-06 13:13:31,083: INFO: common: created directory at: artifacts]
[2025-09-06 13:13:31,086: INFO: common: created directory at: artifacts/data_validation]
[2025-09-06 13:14:54,455: INFO: common: yaml file: config\config.yaml loaded successfully]
[2025-09-06 13:14:54,486: INFO: common: yaml file: params.yaml loaded successfully]
[2025-09-06 13:14:54,510: INFO: common: yaml file: schema.yaml loaded successfully]
[2025-09-06 13:14:54,538: INFO: common: created directory at: artifacts]
[2025-09-06 13:14:54,545: INFO: common: created directory at: artifacts/data_validation]
[2025-09-06 13:16:25,596: INFO: common: yaml file: config\config.yaml loaded successfully]
[2025-09-06 13:16:25,618: INFO: common: yaml file: params.yaml loaded successfully]
[2025-09-06 13:16:25,631: INFO: common: yaml file: schema.yaml loaded successfully]
[2025-09-06 13:16:25,653: INFO: common: created directory at: artifacts]
[2025-09-06 13:16:25,654: INFO: common: created directory at: artifacts/data_validation]
[2025-09-06 13:16:52,490: INFO: common: yaml file: config\config.yaml loaded successfully]
[2025-09-06 13:16:52,493: INFO: common: yaml file: params.yaml loaded successfully]
[2025-09-06 13:16:52,504: INFO: common: yaml file: schema.yaml loaded successfully]
[2025-09-06 13:16:52,508: INFO: common: created directory at: artifacts]
[2025-09-06 13:16:52,510: INFO: common: created directory at: artifacts/data_validation]
[2025-09-06 13:17:09,048: INFO: common: yaml file: config\config.yaml loaded successfully]
[2025-09-06 13:17:09,051: INFO: common: yaml file: params.yaml loaded successfully]
[2025-09-06 13:17:09,065: INFO: common: yaml file: schema.yaml loaded successfully]
[2025-09-06 13:17:09,067: INFO: common: created directory at: artifacts]
[2025-09-06 13:17:09,070: INFO: common: created directory at: artifacts/data_validation]
[2025-09-06 13:17:50,929: INFO: common: yaml file: config\config.yaml loaded successfully]
[2025-09-06 13:17:50,952: INFO: common: yaml file: params.yaml loaded successfully]
[2025-09-06 13:17:50,965: INFO: common: yaml file: schema.yaml loaded successfully]
[2025-09-06 13:17:50,986: INFO: common: created directory at: artifacts]
[2025-09-06 13:17:50,988: INFO: common: created directory at: artifacts/data_validation]
[2025-09-06 13:18:07,225: INFO: common: yaml file: config\config.yaml loaded successfully]
[2025-09-06 13:18:07,229: INFO: common: yaml file: params.yaml loaded successfully]
[2025-09-06 13:18:07,238: INFO: common: yaml file: schema.yaml loaded successfully]
[2025-09-06 13:18:07,246: INFO: common: created directory at: artifacts]
[2025-09-06 13:18:07,251: INFO: common: created directory at: artifacts/data_validation]
[2025-09-06 13:19:57,892: INFO: common: yaml file: config\config.yaml loaded successfully]
[2025-09-06 13:19:57,896: INFO: common: yaml file: params.yaml loaded successfully]
[2025-09-06 13:19:57,910: INFO: common: yaml file: schema.yaml loaded successfully]
[2025-09-06 13:19:57,913: INFO: common: created directory at: artifacts]
[2025-09-06 13:19:57,915: INFO: common: created directory at: artifacts/data_validation]
[2025-09-06 13:32:42,797: INFO: main: >>>>>> stage Data Ingestion stage started <<<<<<]
[2025-09-06 13:32:42,812: INFO: common: yaml file: config\config.yaml loaded successfully]
[2025-09-06 13:32:42,849: INFO: common: yaml file: params.yaml loaded successfully]
[2025-09-06 13:32:42,876: INFO: common: yaml file: schema.yaml loaded successfully]
[2025-09-06 13:32:42,898: INFO: common: created directory at: artifacts]
[2025-09-06 13:32:42,900: INFO: common: created directory at: artifacts/data_ingestion]
[2025-09-06 13:32:43,666: INFO: main: >>>>>> stage Data Ingestion stage completed <<<<<<

x==========x]
[2025-09-06 13:32:43,666: INFO: main: >>>>>> stage Data Validation stage started <<<<<<]
[2025-09-06 13:32:43,670: INFO: common: yaml file: config\config.yaml loaded successfully]
[2025-09-06 13:32:43,673: INFO: common: yaml file: params.yaml loaded successfully]
[2025-09-06 13:32:43,684: INFO: common: yaml file: schema.yaml loaded successfully]
[2025-09-06 13:32:43,688: INFO: common: created directory at: artifacts]
[2025-09-06 13:32:43,689: INFO: common: created directory at: artifacts/data_validation]
[2025-09-06 13:32:47,359: INFO: main: >>>>>> stage Data Validation stage completed <<<<<<

x==========x]
[2025-09-06 15:08:14,364: INFO: common: yaml file: config\config.yaml loaded successfully]
[2025-09-06 15:08:14,429: INFO: common: yaml file: params.yaml loaded successfully]
[2025-09-06 15:08:14,462: INFO: common: yaml file: schema.yaml loaded successfully]
[2025-09-06 15:08:14,493: INFO: common: created directory at: artifacts]
[2025-09-06 15:08:14,500: INFO: common: created directory at: artifacts/data_transformation]
[2025-09-06 15:08:34,737: INFO: 4111175371: Splitted data into training, validation, and test sets]
[2025-09-06 15:08:34,800: INFO: 4111175371: (464809, 55)]
[2025-09-06 15:08:34,802: INFO: 4111175371: (58101, 55)]
[2025-09-06 15:08:34,804: INFO: 4111175371: (58102, 55)]
[2025-09-06 15:18:22,413: INFO: main: >>>>>> stage Data Ingestion stage started <<<<<<]
[2025-09-06 15:18:22,437: INFO: common: yaml file: config\config.yaml loaded successfully]
[2025-09-06 15:18:22,482: INFO: common: yaml file: params.yaml loaded successfully]
[2025-09-06 15:18:22,533: INFO: common: yaml file: schema.yaml loaded successfully]
[2025-09-06 15:18:22,560: INFO: common: created directory at: artifacts]
[2025-09-06 15:18:22,565: INFO: common: created directory at: artifacts/data_ingestion]
[2025-09-06 15:18:23,782: INFO: main: >>>>>> stage Data Ingestion stage completed <<<<<<

x==========x]
[2025-09-06 15:18:23,786: INFO: main: >>>>>> stage Data Validation stage started <<<<<<]
[2025-09-06 15:18:23,797: INFO: common: yaml file: config\config.yaml loaded successfully]
[2025-09-06 15:18:23,803: INFO: common: yaml file: params.yaml loaded successfully]
[2025-09-06 15:18:23,825: INFO: common: yaml file: schema.yaml loaded successfully]
[2025-09-06 15:18:23,833: INFO: common: created directory at: artifacts]
[2025-09-06 15:18:23,833: INFO: common: created directory at: artifacts/data_validation]
[2025-09-06 15:18:29,653: INFO: main: >>>>>> stage Data Validation stage completed <<<<<<

x==========x]
[2025-09-06 15:18:29,656: INFO: main: >>>>>> stage Data Transformation stage started <<<<<<]
[2025-09-06 15:18:29,662: INFO: common: yaml file: config\config.yaml loaded successfully]
[2025-09-06 15:18:29,669: INFO: common: yaml file: params.yaml loaded successfully]
[2025-09-06 15:18:29,747: INFO: common: yaml file: schema.yaml loaded successfully]
[2025-09-06 15:18:29,782: INFO: common: created directory at: artifacts]
[2025-09-06 15:18:29,811: INFO: common: created directory at: artifacts/data_transformation]
[2025-09-06 15:18:59,151: INFO: data_transformation: Splitted data into training, validation, and test sets]
[2025-09-06 15:18:59,161: INFO: data_transformation: (464809, 55)]
[2025-09-06 15:18:59,163: INFO: data_transformation: (58101, 55)]
[2025-09-06 15:18:59,164: INFO: data_transformation: (58102, 55)]
[2025-09-06 15:18:59,296: INFO: main: >>>>>> stage Data Transformation stage completed <<<<<<

x==========x]
[2025-09-06 15:23:46,509: INFO: common: yaml file: config\config.yaml loaded successfully]
[2025-09-06 15:23:46,617: INFO: common: yaml file: params.yaml loaded successfully]
[2025-09-06 15:23:46,659: INFO: common: yaml file: schema.yaml loaded successfully]
[2025-09-06 15:23:46,662: INFO: common: created directory at: artifacts]
[2025-09-06 15:23:46,666: INFO: common: created directory at: artifacts/data_validation]
[2025-09-06 15:27:19,528: INFO: main: >>>>>> stage Data Ingestion stage started <<<<<<]
[2025-09-06 15:27:19,535: INFO: common: yaml file: config\config.yaml loaded successfully]
[2025-09-06 15:27:19,542: INFO: common: yaml file: params.yaml loaded successfully]
[2025-09-06 15:27:19,560: INFO: common: yaml file: schema.yaml loaded successfully]
[2025-09-06 15:27:19,560: INFO: common: created directory at: artifacts]
[2025-09-06 15:27:19,560: INFO: common: created directory at: artifacts/data_ingestion]
[2025-09-06 15:27:20,339: INFO: main: >>>>>> stage Data Ingestion stage completed <<<<<<

x==========x]
[2025-09-06 15:27:20,340: INFO: main: >>>>>> stage Data Validation stage started <<<<<<]
[2025-09-06 15:27:20,344: INFO: common: yaml file: config\config.yaml loaded successfully]
[2025-09-06 15:27:20,346: INFO: common: yaml file: params.yaml loaded successfully]
[2025-09-06 15:27:20,355: INFO: common: yaml file: schema.yaml loaded successfully]
[2025-09-06 15:27:20,360: INFO: common: created directory at: artifacts]
[2025-09-06 15:27:20,360: INFO: common: created directory at: artifacts/data_validation]
[2025-09-06 15:27:23,914: INFO: main: >>>>>> stage Data Validation stage completed <<<<<<

x==========x]
[2025-09-06 15:27:23,934: INFO: main: >>>>>> stage Data Transformation stage started <<<<<<]
[2025-09-06 15:27:23,968: INFO: common: yaml file: config\config.yaml loaded successfully]
[2025-09-06 15:27:23,975: INFO: common: yaml file: params.yaml loaded successfully]
[2025-09-06 15:27:24,014: INFO: common: yaml file: schema.yaml loaded successfully]
[2025-09-06 15:27:24,017: INFO: common: created directory at: artifacts]
[2025-09-06 15:27:24,017: INFO: common: created directory at: artifacts/data_transformation]
[2025-09-06 15:27:44,704: INFO: data_transformation: Splitted data into training, validation, and test sets]
[2025-09-06 15:27:45,019: INFO: data_transformation: (464809, 55)]
[2025-09-06 15:27:45,402: INFO: data_transformation: (58101, 55)]
[2025-09-06 15:27:45,612: INFO: data_transformation: (58102, 55)]
[2025-09-06 15:27:46,369: INFO: main: >>>>>> stage Data Transformation stage completed <<<<<<

x==========x]
[2025-09-06 15:29:02,479: INFO: main: >>>>>> stage Data Ingestion stage started <<<<<<]
[2025-09-06 15:29:02,484: INFO: common: yaml file: config\config.yaml loaded successfully]
[2025-09-06 15:29:02,498: INFO: common: yaml file: params.yaml loaded successfully]
[2025-09-06 15:29:02,523: INFO: common: yaml file: schema.yaml loaded successfully]
[2025-09-06 15:29:02,525: INFO: common: created directory at: artifacts]
[2025-09-06 15:29:02,527: INFO: common: created directory at: artifacts/data_ingestion]
[2025-09-06 15:29:03,328: INFO: main: >>>>>> stage Data Ingestion stage completed <<<<<<

x==========x]
[2025-09-06 15:29:03,329: INFO: main: >>>>>> stage Data Validation stage started <<<<<<]
[2025-09-06 15:29:03,334: INFO: common: yaml file: config\config.yaml loaded successfully]
[2025-09-06 15:29:03,337: INFO: common: yaml file: params.yaml loaded successfully]
[2025-09-06 15:29:03,357: INFO: common: yaml file: schema.yaml loaded successfully]
[2025-09-06 15:29:03,362: INFO: common: created directory at: artifacts]
[2025-09-06 15:29:03,362: INFO: common: created directory at: artifacts/data_validation]
[2025-09-06 15:29:08,025: INFO: main: >>>>>> stage Data Validation stage completed <<<<<<

x==========x]
[2025-09-06 15:29:08,041: INFO: main: >>>>>> stage Data Transformation stage started <<<<<<]
[2025-09-06 15:29:08,124: INFO: common: yaml file: config\config.yaml loaded successfully]
[2025-09-06 15:29:08,133: INFO: common: yaml file: params.yaml loaded successfully]
[2025-09-06 15:29:08,158: INFO: common: yaml file: schema.yaml loaded successfully]
[2025-09-06 15:29:08,159: INFO: common: created directory at: artifacts]
[2025-09-06 15:29:08,160: INFO: common: created directory at: artifacts/data_transformation]
[2025-09-06 15:29:24,801: INFO: data_transformation: Splitted data into training, validation, and test sets]
[2025-09-06 15:29:24,827: INFO: data_transformation: (464809, 55)]
[2025-09-06 15:29:24,827: INFO: data_transformation: (58101, 55)]
[2025-09-06 15:29:24,827: INFO: data_transformation: (58102, 55)]
[2025-09-06 15:29:24,918: INFO: main: >>>>>> stage Data Transformation stage completed <<<<<<

x==========x]
[2025-09-06 15:30:33,825: INFO: main: >>>>>> stage Data Ingestion stage started <<<<<<]
[2025-09-06 15:30:33,837: INFO: common: yaml file: config\config.yaml loaded successfully]
[2025-09-06 15:30:33,869: INFO: common: yaml file: params.yaml loaded successfully]
[2025-09-06 15:30:33,907: INFO: common: yaml file: schema.yaml loaded successfully]
[2025-09-06 15:30:33,918: INFO: common: created directory at: artifacts]
[2025-09-06 15:30:33,941: INFO: common: created directory at: artifacts/data_ingestion]
[2025-09-06 15:30:34,623: INFO: main: >>>>>> stage Data Ingestion stage completed <<<<<<

x==========x]
[2025-09-06 15:30:34,627: INFO: main: >>>>>> stage Data Validation stage started <<<<<<]
[2025-09-06 15:30:34,635: INFO: common: yaml file: config\config.yaml loaded successfully]
[2025-09-06 15:30:34,637: INFO: common: yaml file: params.yaml loaded successfully]
[2025-09-06 15:30:34,654: INFO: common: yaml file: schema.yaml loaded successfully]
[2025-09-06 15:30:34,657: INFO: common: created directory at: artifacts]
[2025-09-06 15:30:34,659: INFO: common: created directory at: artifacts/data_validation]
[2025-09-06 15:30:37,894: INFO: main: >>>>>> stage Data Validation stage completed <<<<<<

x==========x]
[2025-09-06 15:30:37,895: INFO: main: >>>>>> stage Data Transformation stage started <<<<<<]
[2025-09-06 15:30:37,899: ERROR: main: Your dataset hasn't been successfully validated.]
Traceback (most recent call last):
  File "D:\Courses\Udemy\Complete MLOps Bootcamp\Projects\7_End to End Projects\end-to-end-data-science-project\main.py", line 32, in <module>
    data_transformation.initiate_data_transformation()
  File "D:\Courses\Udemy\Complete MLOps Bootcamp\Projects\7_End to End Projects\end-to-end-data-science-project\src\project\pipeline\data_transformation.py", line 29, in initiate_data_transformation
    raise e
  File "D:\Courses\Udemy\Complete MLOps Bootcamp\Projects\7_End to End Projects\end-to-end-data-science-project\src\project\pipeline\data_transformation.py", line 27, in initiate_data_transformation
    raise Exception("Your dataset hasn't been successfully validated.")
Exception: Your dataset hasn't been successfully validated.
[2025-09-06 15:45:30,556: INFO: common: yaml file: config\config.yaml loaded successfully]
[2025-09-06 15:45:30,562: INFO: common: yaml file: params.yaml loaded successfully]
[2025-09-06 15:45:30,586: INFO: common: yaml file: schema.yaml loaded successfully]
[2025-09-06 15:45:30,615: INFO: common: created directory at: artifacts]
[2025-09-06 15:45:30,618: INFO: common: created directory at: artifacts/model_train]
[2025-09-06 15:53:35,690: INFO: main: >>>>>> stage Data Ingestion stage started <<<<<<]
[2025-09-06 15:53:35,713: INFO: common: yaml file: config\config.yaml loaded successfully]
[2025-09-06 15:53:35,727: INFO: common: yaml file: params.yaml loaded successfully]
[2025-09-06 15:53:35,764: INFO: common: yaml file: schema.yaml loaded successfully]
[2025-09-06 15:53:35,769: INFO: common: created directory at: artifacts]
[2025-09-06 15:53:35,769: INFO: common: created directory at: artifacts/data_ingestion]
[2025-09-06 15:53:36,501: INFO: main: >>>>>> stage Data Ingestion stage completed <<<<<<

x==========x]
[2025-09-06 15:53:36,506: INFO: main: >>>>>> stage Data Validation stage started <<<<<<]
[2025-09-06 15:53:36,514: INFO: common: yaml file: config\config.yaml loaded successfully]
[2025-09-06 15:53:36,517: INFO: common: yaml file: params.yaml loaded successfully]
[2025-09-06 15:53:36,533: INFO: common: yaml file: schema.yaml loaded successfully]
[2025-09-06 15:53:36,535: INFO: common: created directory at: artifacts]
[2025-09-06 15:53:36,535: INFO: common: created directory at: artifacts/data_validation]
[2025-09-06 15:53:47,121: INFO: main: >>>>>> stage Data Validation stage completed <<<<<<

x==========x]
[2025-09-06 15:53:47,153: INFO: main: >>>>>> stage Data Transformation stage started <<<<<<]
[2025-09-06 15:53:47,290: INFO: common: yaml file: config\config.yaml loaded successfully]
[2025-09-06 15:53:47,295: INFO: common: yaml file: params.yaml loaded successfully]
[2025-09-06 15:53:47,312: INFO: common: yaml file: schema.yaml loaded successfully]
[2025-09-06 15:53:47,352: INFO: common: created directory at: artifacts]
[2025-09-06 15:53:47,358: INFO: common: created directory at: artifacts/data_transformation]
[2025-09-06 15:54:04,919: INFO: data_transformation: Splitted data into training, validation, and test sets]
[2025-09-06 15:54:04,923: INFO: data_transformation: (464809, 55)]
[2025-09-06 15:54:04,925: INFO: data_transformation: (58101, 55)]
[2025-09-06 15:54:04,928: INFO: data_transformation: (58102, 55)]
[2025-09-06 15:54:04,994: INFO: main: >>>>>> stage Data Transformation stage completed <<<<<<

x==========x]
[2025-09-06 15:54:04,994: INFO: main: >>>>>> stage Model Training stage started <<<<<<]
[2025-09-06 15:54:05,001: INFO: common: yaml file: config\config.yaml loaded successfully]
[2025-09-06 15:54:05,004: INFO: common: yaml file: params.yaml loaded successfully]
[2025-09-06 15:54:05,022: INFO: common: yaml file: schema.yaml loaded successfully]
[2025-09-06 15:54:05,025: INFO: common: created directory at: artifacts]
[2025-09-06 15:54:05,030: INFO: common: created directory at: artifacts/model_train]
[2025-09-06 15:54:15,568: INFO: main: >>>>>> stage Model Training stage completed <<<<<<

x==========x]
[2025-09-06 19:06:18,810: INFO: main: >>>>>> stage Data Ingestion stage started <<<<<<]
[2025-09-06 19:06:18,893: INFO: common: yaml file: config\config.yaml loaded successfully]
[2025-09-06 19:06:18,943: INFO: common: yaml file: params.yaml loaded successfully]
[2025-09-06 19:06:19,028: INFO: common: yaml file: schema.yaml loaded successfully]
[2025-09-06 19:06:19,031: INFO: common: created directory at: artifacts]
[2025-09-06 19:06:19,040: INFO: common: created directory at: artifacts/data_ingestion]
[2025-09-06 19:06:20,086: INFO: main: >>>>>> stage Data Ingestion stage completed <<<<<<

x==========x]
[2025-09-06 19:06:20,088: INFO: main: >>>>>> stage Data Validation stage started <<<<<<]
[2025-09-06 19:06:20,098: INFO: common: yaml file: config\config.yaml loaded successfully]
[2025-09-06 19:06:20,108: INFO: common: yaml file: params.yaml loaded successfully]
[2025-09-06 19:06:20,186: INFO: common: yaml file: schema.yaml loaded successfully]
[2025-09-06 19:06:20,292: INFO: common: created directory at: artifacts]
[2025-09-06 19:06:20,378: INFO: common: created directory at: artifacts/data_validation]
[2025-09-06 19:06:28,071: INFO: main: >>>>>> stage Data Validation stage completed <<<<<<

x==========x]
[2025-09-06 19:06:28,107: INFO: main: >>>>>> stage Data Transformation stage started <<<<<<]
[2025-09-06 19:06:28,314: INFO: common: yaml file: config\config.yaml loaded successfully]
[2025-09-06 19:06:28,327: INFO: common: yaml file: params.yaml loaded successfully]
[2025-09-06 19:06:28,352: INFO: common: yaml file: schema.yaml loaded successfully]
[2025-09-06 19:06:28,354: INFO: common: created directory at: artifacts]
[2025-09-06 19:06:28,381: INFO: common: created directory at: artifacts/data_transformation]
[2025-09-06 19:07:09,803: INFO: data_transformation: Splitted data into training, validation, and test sets]
[2025-09-06 19:07:09,908: INFO: data_transformation: (464809, 55)]
[2025-09-06 19:07:10,140: INFO: data_transformation: (58101, 55)]
[2025-09-06 19:07:10,261: INFO: data_transformation: (58102, 55)]
[2025-09-06 19:07:10,748: INFO: main: >>>>>> stage Data Transformation stage completed <<<<<<

x==========x]
[2025-09-06 19:07:10,842: INFO: main: >>>>>> stage Model Training stage started <<<<<<]
[2025-09-06 19:07:10,918: INFO: common: yaml file: config\config.yaml loaded successfully]
[2025-09-06 19:07:10,956: INFO: common: yaml file: params.yaml loaded successfully]
[2025-09-06 19:07:11,187: INFO: common: yaml file: schema.yaml loaded successfully]
[2025-09-06 19:07:11,259: INFO: common: created directory at: artifacts]
[2025-09-06 19:07:11,351: ERROR: main: "'ConfigBox' object has no attribute 'model_type'"]
Traceback (most recent call last):
  File "box\\box.py", line 594, in box.box.Box.__getitem__
KeyError: 'model_type'

The above exception was the direct cause of the following exception:

Traceback (most recent call last):
  File "box\\box.py", line 633, in box.box.Box.__getattr__
  File "box\\box.py", line 621, in box.box.Box.__getitem__
box.exceptions.BoxKeyError: "'model_type'"

During handling of the above exception, another exception occurred:

Traceback (most recent call last):
  File "box\\box.py", line 635, in box.box.Box.__getattr__
AttributeError: 'ConfigBox' object has no attribute 'model_type'

The above exception was the direct cause of the following exception:

Traceback (most recent call last):
  File "box\\config_box.py", line 29, in box.config_box.ConfigBox.__getattr__
  File "box\\box.py", line 649, in box.box.Box.__getattr__
box.exceptions.BoxKeyError: "'ConfigBox' object has no attribute 'model_type'"

During handling of the above exception, another exception occurred:

Traceback (most recent call last):
  File "box\\box.py", line 594, in box.box.Box.__getitem__
KeyError: 'model_type'

The above exception was the direct cause of the following exception:

Traceback (most recent call last):
  File "box\\box.py", line 633, in box.box.Box.__getattr__
  File "box\\box.py", line 621, in box.box.Box.__getitem__
box.exceptions.BoxKeyError: "'model_type'"

During handling of the above exception, another exception occurred:

Traceback (most recent call last):
  File "box\\box.py", line 635, in box.box.Box.__getattr__
AttributeError: 'ConfigBox' object has no attribute 'model_type'

The above exception was the direct cause of the following exception:

Traceback (most recent call last):
  File "D:\Courses\Udemy\Complete MLOps Bootcamp\Projects\7_End to End Projects\end-to-end-data-science-project\main.py", line 46, in <module>
    model_training.initiate_model_training()
  File "D:\Courses\Udemy\Complete MLOps Bootcamp\Projects\7_End to End Projects\end-to-end-data-science-project\src\project\pipeline\model_train.py", line 28, in initiate_model_training
    raise e
  File "D:\Courses\Udemy\Complete MLOps Bootcamp\Projects\7_End to End Projects\end-to-end-data-science-project\src\project\pipeline\model_train.py", line 22, in initiate_model_training
    model_train_config = config.get_model_train_config()
  File "D:\Courses\Udemy\Complete MLOps Bootcamp\Projects\7_End to End Projects\end-to-end-data-science-project\src\project\config\configuration.py", line 61, in get_model_train_config
    if config.model_type == "RandomForest":
  File "box\\config_box.py", line 31, in box.config_box.ConfigBox.__getattr__
  File "box\\box.py", line 649, in box.box.Box.__getattr__
box.exceptions.BoxKeyError: "'ConfigBox' object has no attribute 'model_type'"
[2025-09-06 19:21:31,290: INFO: main: >>>>>> stage Data Ingestion stage started <<<<<<]
[2025-09-06 19:21:31,327: INFO: common: yaml file: config\config.yaml loaded successfully]
[2025-09-06 19:21:31,382: INFO: common: yaml file: params.yaml loaded successfully]
[2025-09-06 19:21:31,439: INFO: common: yaml file: schema.yaml loaded successfully]
[2025-09-06 19:21:31,441: INFO: common: created directory at: artifacts]
[2025-09-06 19:21:31,441: INFO: common: created directory at: artifacts/data_ingestion]
[2025-09-06 19:21:32,127: INFO: main: >>>>>> stage Data Ingestion stage completed <<<<<<

x==========x]
[2025-09-06 19:21:32,128: INFO: main: >>>>>> stage Data Validation stage started <<<<<<]
[2025-09-06 19:21:32,146: INFO: common: yaml file: config\config.yaml loaded successfully]
[2025-09-06 19:21:32,159: INFO: common: yaml file: params.yaml loaded successfully]
[2025-09-06 19:21:32,213: INFO: common: yaml file: schema.yaml loaded successfully]
[2025-09-06 19:21:32,218: INFO: common: created directory at: artifacts]
[2025-09-06 19:21:32,227: INFO: common: created directory at: artifacts/data_validation]
[2025-09-06 19:21:35,916: INFO: main: >>>>>> stage Data Validation stage completed <<<<<<

x==========x]
[2025-09-06 19:21:35,917: INFO: main: >>>>>> stage Data Transformation stage started <<<<<<]
[2025-09-06 19:21:35,929: INFO: common: yaml file: config\config.yaml loaded successfully]
[2025-09-06 19:21:35,983: INFO: common: yaml file: params.yaml loaded successfully]
[2025-09-06 19:21:36,107: INFO: common: yaml file: schema.yaml loaded successfully]
[2025-09-06 19:21:36,124: INFO: common: created directory at: artifacts]
[2025-09-06 19:21:36,133: INFO: common: created directory at: artifacts/data_transformation]
[2025-09-06 19:21:52,596: INFO: data_transformation: Splitted data into training, validation, and test sets]
[2025-09-06 19:21:52,597: INFO: data_transformation: (464809, 55)]
[2025-09-06 19:21:52,598: INFO: data_transformation: (58101, 55)]
[2025-09-06 19:21:52,599: INFO: data_transformation: (58102, 55)]
[2025-09-06 19:21:52,667: INFO: main: >>>>>> stage Data Transformation stage completed <<<<<<

x==========x]
[2025-09-06 19:21:52,669: INFO: main: >>>>>> stage Model Training stage started <<<<<<]
[2025-09-06 19:21:52,675: INFO: common: yaml file: config\config.yaml loaded successfully]
[2025-09-06 19:21:52,682: INFO: common: yaml file: params.yaml loaded successfully]
[2025-09-06 19:21:52,698: INFO: common: yaml file: schema.yaml loaded successfully]
[2025-09-06 19:21:52,700: INFO: common: created directory at: artifacts]
[2025-09-06 19:21:52,701: ERROR: main: ConfigurationManager.get_model_train_config() missing 1 required positional argument: 'model_type']
Traceback (most recent call last):
  File "D:\Courses\Udemy\Complete MLOps Bootcamp\Projects\7_End to End Projects\end-to-end-data-science-project\main.py", line 46, in <module>
    model_training.initiate_model_training()
  File "D:\Courses\Udemy\Complete MLOps Bootcamp\Projects\7_End to End Projects\end-to-end-data-science-project\src\project\pipeline\model_train.py", line 28, in initiate_model_training
    raise e
  File "D:\Courses\Udemy\Complete MLOps Bootcamp\Projects\7_End to End Projects\end-to-end-data-science-project\src\project\pipeline\model_train.py", line 22, in initiate_model_training
    model_train_config = config.get_model_train_config()
TypeError: ConfigurationManager.get_model_train_config() missing 1 required positional argument: 'model_type'
[2025-09-06 19:23:38,831: INFO: main: >>>>>> stage Data Ingestion stage started <<<<<<]
[2025-09-06 19:23:38,838: INFO: common: yaml file: config\config.yaml loaded successfully]
[2025-09-06 19:23:38,843: INFO: common: yaml file: params.yaml loaded successfully]
[2025-09-06 19:23:38,856: INFO: common: yaml file: schema.yaml loaded successfully]
[2025-09-06 19:23:38,857: INFO: common: created directory at: artifacts]
[2025-09-06 19:23:38,858: INFO: common: created directory at: artifacts/data_ingestion]
[2025-09-06 19:23:39,323: INFO: main: >>>>>> stage Data Ingestion stage completed <<<<<<

x==========x]
[2025-09-06 19:23:39,325: INFO: main: >>>>>> stage Data Validation stage started <<<<<<]
[2025-09-06 19:23:39,335: INFO: common: yaml file: config\config.yaml loaded successfully]
[2025-09-06 19:23:39,342: INFO: common: yaml file: params.yaml loaded successfully]
[2025-09-06 19:23:39,356: INFO: common: yaml file: schema.yaml loaded successfully]
[2025-09-06 19:23:39,357: INFO: common: created directory at: artifacts]
[2025-09-06 19:23:39,358: INFO: common: created directory at: artifacts/data_validation]
[2025-09-06 19:23:42,617: INFO: main: >>>>>> stage Data Validation stage completed <<<<<<

x==========x]
[2025-09-06 19:23:42,620: INFO: main: >>>>>> stage Data Transformation stage started <<<<<<]
[2025-09-06 19:23:42,637: INFO: common: yaml file: config\config.yaml loaded successfully]
[2025-09-06 19:23:42,650: INFO: common: yaml file: params.yaml loaded successfully]
[2025-09-06 19:23:42,674: INFO: common: yaml file: schema.yaml loaded successfully]
[2025-09-06 19:23:42,683: INFO: common: created directory at: artifacts]
[2025-09-06 19:23:42,686: INFO: common: created directory at: artifacts/data_transformation]
[2025-09-06 19:23:58,835: INFO: data_transformation: Splitted data into training, validation, and test sets]
[2025-09-06 19:23:58,842: INFO: data_transformation: (464809, 55)]
[2025-09-06 19:23:58,843: INFO: data_transformation: (58101, 55)]
[2025-09-06 19:23:58,846: INFO: data_transformation: (58102, 55)]
[2025-09-06 19:23:58,967: INFO: main: >>>>>> stage Data Transformation stage completed <<<<<<

x==========x]
[2025-09-06 19:23:58,971: INFO: main: >>>>>> stage Model Training stage started <<<<<<]
[2025-09-06 19:23:58,980: INFO: common: yaml file: config\config.yaml loaded successfully]
[2025-09-06 19:23:58,991: INFO: common: yaml file: params.yaml loaded successfully]
[2025-09-06 19:23:59,012: INFO: common: yaml file: schema.yaml loaded successfully]
[2025-09-06 19:23:59,014: INFO: common: created directory at: artifacts]
[2025-09-06 19:23:59,015: INFO: common: created directory at: artifacts/model_train]
[2025-09-06 19:23:59,016: ERROR: main: ModelTrainConfig.__init__() got an unexpected keyword argument 'n_estimators']
Traceback (most recent call last):
  File "D:\Courses\Udemy\Complete MLOps Bootcamp\Projects\7_End to End Projects\end-to-end-data-science-project\main.py", line 46, in <module>
    model_training.initiate_model_training()
  File "D:\Courses\Udemy\Complete MLOps Bootcamp\Projects\7_End to End Projects\end-to-end-data-science-project\src\project\pipeline\model_train.py", line 42, in initiate_model_training
    raise e
  File "D:\Courses\Udemy\Complete MLOps Bootcamp\Projects\7_End to End Projects\end-to-end-data-science-project\src\project\pipeline\model_train.py", line 24, in initiate_model_training
    model_train_config = config.get_model_train_config(model_type)
  File "D:\Courses\Udemy\Complete MLOps Bootcamp\Projects\7_End to End Projects\end-to-end-data-science-project\src\project\config\configuration.py", line 71, in get_model_train_config
    model_train_config = ModelTrainConfig(
TypeError: ModelTrainConfig.__init__() got an unexpected keyword argument 'n_estimators'
[2025-09-06 19:35:35,849: INFO: main: >>>>>> stage Data Ingestion stage started <<<<<<]
[2025-09-06 19:35:35,877: INFO: common: yaml file: config\config.yaml loaded successfully]
[2025-09-06 19:35:35,920: INFO: common: yaml file: params.yaml loaded successfully]
[2025-09-06 19:35:35,967: INFO: common: yaml file: schema.yaml loaded successfully]
[2025-09-06 19:35:35,969: INFO: common: created directory at: artifacts]
[2025-09-06 19:35:35,969: INFO: common: created directory at: artifacts/data_ingestion]
[2025-09-06 19:35:36,398: INFO: main: >>>>>> stage Data Ingestion stage completed <<<<<<

x==========x]
[2025-09-06 19:35:36,398: INFO: main: >>>>>> stage Data Validation stage started <<<<<<]
[2025-09-06 19:35:36,410: INFO: common: yaml file: config\config.yaml loaded successfully]
[2025-09-06 19:35:36,415: INFO: common: yaml file: params.yaml loaded successfully]
[2025-09-06 19:35:36,425: INFO: common: yaml file: schema.yaml loaded successfully]
[2025-09-06 19:35:36,426: INFO: common: created directory at: artifacts]
[2025-09-06 19:35:36,427: INFO: common: created directory at: artifacts/data_validation]
[2025-09-06 19:35:39,807: INFO: main: >>>>>> stage Data Validation stage completed <<<<<<

x==========x]
[2025-09-06 19:35:39,810: INFO: main: >>>>>> stage Data Transformation stage started <<<<<<]
[2025-09-06 19:35:39,822: INFO: common: yaml file: config\config.yaml loaded successfully]
[2025-09-06 19:35:39,831: INFO: common: yaml file: params.yaml loaded successfully]
[2025-09-06 19:35:39,858: INFO: common: yaml file: schema.yaml loaded successfully]
[2025-09-06 19:35:39,861: INFO: common: created directory at: artifacts]
[2025-09-06 19:35:39,862: INFO: common: created directory at: artifacts/data_transformation]
[2025-09-06 19:35:58,625: INFO: data_transformation: Splitted data into training, validation, and test sets]
[2025-09-06 19:35:58,626: INFO: data_transformation: (464809, 55)]
[2025-09-06 19:35:58,627: INFO: data_transformation: (58101, 55)]
[2025-09-06 19:35:58,627: INFO: data_transformation: (58102, 55)]
[2025-09-06 19:35:58,701: INFO: main: >>>>>> stage Data Transformation stage completed <<<<<<

x==========x]
[2025-09-06 19:35:58,701: INFO: main: >>>>>> stage Model Training stage started <<<<<<]
[2025-09-06 19:35:58,709: INFO: common: yaml file: config\config.yaml loaded successfully]
[2025-09-06 19:35:58,718: INFO: common: yaml file: params.yaml loaded successfully]
[2025-09-06 19:35:58,736: INFO: common: yaml file: schema.yaml loaded successfully]
[2025-09-06 19:35:58,738: INFO: common: created directory at: artifacts]
[2025-09-06 19:35:58,740: INFO: common: created directory at: artifacts/model_train]
[2025-09-06 20:19:48,929: INFO: common: yaml file: config\config.yaml loaded successfully]
[2025-09-06 20:19:49,056: INFO: common: yaml file: params.yaml loaded successfully]
[2025-09-06 20:19:49,182: INFO: common: yaml file: schema.yaml loaded successfully]
[2025-09-06 20:19:49,190: INFO: common: created directory at: artifacts]
[2025-09-06 20:19:49,194: INFO: common: created directory at: artifacts/data_ingestion]
[2025-09-06 20:33:15,640: INFO: main: >>>>>> stage Data Ingestion stage started <<<<<<]
[2025-09-06 20:33:15,656: INFO: common: yaml file: config\config.yaml loaded successfully]
[2025-09-06 20:33:15,673: INFO: common: yaml file: params.yaml loaded successfully]
[2025-09-06 20:33:15,704: INFO: common: yaml file: schema.yaml loaded successfully]
[2025-09-06 20:33:15,706: INFO: common: created directory at: artifacts]
[2025-09-06 20:33:15,707: INFO: common: created directory at: artifacts/data_ingestion]
[2025-09-06 20:33:16,661: INFO: main: >>>>>> stage Data Ingestion stage completed <<<<<<

x==========x]
[2025-09-06 20:33:43,333: INFO: main: >>>>>> stage Data Ingestion stage started <<<<<<]
[2025-09-06 20:33:43,353: INFO: common: yaml file: config\config.yaml loaded successfully]
[2025-09-06 20:33:43,359: INFO: common: yaml file: params.yaml loaded successfully]
[2025-09-06 20:33:43,399: INFO: common: yaml file: schema.yaml loaded successfully]
[2025-09-06 20:33:43,413: INFO: common: created directory at: artifacts]
[2025-09-06 20:33:43,414: INFO: common: created directory at: artifacts/data_ingestion]
[2025-09-06 20:33:44,253: INFO: main: >>>>>> stage Data Ingestion stage completed <<<<<<

x==========x]
[2025-09-06 20:33:44,290: INFO: main: >>>>>> stage Data Validation stage started <<<<<<]
[2025-09-06 20:33:44,330: INFO: common: yaml file: config\config.yaml loaded successfully]
[2025-09-06 20:33:44,369: INFO: common: yaml file: params.yaml loaded successfully]
[2025-09-06 20:33:44,403: INFO: common: yaml file: schema.yaml loaded successfully]
[2025-09-06 20:33:44,415: INFO: common: created directory at: artifacts]
[2025-09-06 20:33:44,426: INFO: common: created directory at: artifacts/data_validation]
[2025-09-06 20:33:50,202: INFO: main: >>>>>> stage Data Validation stage completed <<<<<<

x==========x]
[2025-09-06 20:33:50,312: INFO: main: >>>>>> stage Data Transformation stage started <<<<<<]
[2025-09-06 20:33:50,474: INFO: common: yaml file: config\config.yaml loaded successfully]
[2025-09-06 20:33:50,491: INFO: common: yaml file: params.yaml loaded successfully]
[2025-09-06 20:33:50,520: INFO: common: yaml file: schema.yaml loaded successfully]
[2025-09-06 20:33:50,522: INFO: common: created directory at: artifacts]
[2025-09-06 20:33:50,523: INFO: common: created directory at: artifacts/data_transformation]
[2025-09-06 20:34:06,456: INFO: data_transformation: Splitted data into training, validation, and test sets]
[2025-09-06 20:34:06,456: INFO: data_transformation: (464809, 55)]
[2025-09-06 20:34:06,458: INFO: data_transformation: (58101, 55)]
[2025-09-06 20:34:06,458: INFO: data_transformation: (58102, 55)]
[2025-09-06 20:34:06,526: INFO: main: >>>>>> stage Data Transformation stage completed <<<<<<

x==========x]
[2025-09-06 20:34:06,527: INFO: main: >>>>>> stage Model Training stage started <<<<<<]
[2025-09-06 20:34:06,533: INFO: common: yaml file: config\config.yaml loaded successfully]
[2025-09-06 20:34:06,539: INFO: common: yaml file: params.yaml loaded successfully]
[2025-09-06 20:34:06,552: INFO: common: yaml file: schema.yaml loaded successfully]
[2025-09-06 20:34:06,553: INFO: common: created directory at: artifacts]
[2025-09-06 20:34:06,554: INFO: common: created directory at: artifacts/model_train]
[2025-09-06 20:44:49,424: INFO: common: yaml file: config\config.yaml loaded successfully]
[2025-09-06 20:44:49,521: INFO: common: yaml file: params.yaml loaded successfully]
[2025-09-06 20:44:49,692: INFO: common: yaml file: schema.yaml loaded successfully]
[2025-09-06 20:44:49,725: INFO: common: created directory at: artifacts]
[2025-09-07 00:22:03,373: INFO: common: yaml file: config\config.yaml loaded successfully]
[2025-09-07 00:22:03,416: INFO: common: yaml file: params.yaml loaded successfully]
[2025-09-07 00:22:03,481: INFO: common: yaml file: schema.yaml loaded successfully]
[2025-09-07 00:22:03,483: INFO: common: created directory at: artifacts]
[2025-09-07 00:22:03,486: INFO: common: created directory at: artifacts/data_ingestion]
[2025-09-07 00:27:31,936: INFO: common: yaml file: config\config.yaml loaded successfully]
[2025-09-07 00:27:31,945: INFO: common: yaml file: params.yaml loaded successfully]
[2025-09-07 00:27:32,047: INFO: common: yaml file: schema.yaml loaded successfully]
[2025-09-07 00:27:32,052: INFO: common: created directory at: artifacts]
[2025-09-07 00:27:32,056: INFO: common: created directory at: artifacts/data_ingestion]
[2025-09-07 00:30:39,327: INFO: common: yaml file: config\config.yaml loaded successfully]
[2025-09-07 00:30:39,338: INFO: common: yaml file: params.yaml loaded successfully]
[2025-09-07 00:30:39,379: INFO: common: yaml file: schema.yaml loaded successfully]
[2025-09-07 00:30:39,388: INFO: common: created directory at: artifacts]
[2025-09-07 00:30:39,390: INFO: common: created directory at: artifacts/data_validation]
[2025-09-07 00:42:42,219: INFO: main: >>>>>> stage Data Ingestion stage started <<<<<<]
[2025-09-07 00:42:42,281: INFO: common: yaml file: config\config.yaml loaded successfully]
[2025-09-07 00:42:42,334: INFO: common: yaml file: params.yaml loaded successfully]
[2025-09-07 00:42:42,437: INFO: common: yaml file: schema.yaml loaded successfully]
[2025-09-07 00:42:42,447: INFO: common: created directory at: artifacts]
[2025-09-07 00:42:42,448: INFO: common: created directory at: artifacts/data_ingestion]
[2025-09-07 00:42:42,532: INFO: main: >>>>>> stage Data Ingestion stage completed <<<<<<

x==========x]
[2025-09-07 00:42:42,536: INFO: main: >>>>>> stage Data Validation stage started <<<<<<]
[2025-09-07 00:42:42,556: INFO: common: yaml file: config\config.yaml loaded successfully]
[2025-09-07 00:42:42,594: INFO: common: yaml file: params.yaml loaded successfully]
[2025-09-07 00:42:42,631: INFO: common: yaml file: schema.yaml loaded successfully]
[2025-09-07 00:42:42,634: INFO: common: created directory at: artifacts]
[2025-09-07 00:42:42,648: INFO: common: created directory at: artifacts/data_validation]
[2025-09-07 00:42:42,972: INFO: main: >>>>>> stage Data Validation stage completed <<<<<<

x==========x]
[2025-09-07 00:42:42,978: INFO: main: >>>>>> stage Data Transformation stage started <<<<<<]
[2025-09-07 00:42:43,016: ERROR: main: Your dataset hasn't been successfully validated.]
Traceback (most recent call last):
  File "D:\Courses\Udemy\Complete MLOps Bootcamp\Projects\7_End to End Projects\end-to-end-data-science-project\main.py", line 34, in <module>
    data_transformation.initiate_data_transformation()
  File "D:\Courses\Udemy\Complete MLOps Bootcamp\Projects\7_End to End Projects\end-to-end-data-science-project\src\project\pipeline\data_transformation.py", line 29, in initiate_data_transformation
    raise e
  File "D:\Courses\Udemy\Complete MLOps Bootcamp\Projects\7_End to End Projects\end-to-end-data-science-project\src\project\pipeline\data_transformation.py", line 27, in initiate_data_transformation
    raise Exception("Your dataset hasn't been successfully validated.")
Exception: Your dataset hasn't been successfully validated.
[2025-09-07 00:47:44,536: INFO: main: >>>>>> stage Data Ingestion stage started <<<<<<]
[2025-09-07 00:47:44,550: INFO: common: yaml file: config\config.yaml loaded successfully]
[2025-09-07 00:47:44,564: INFO: common: yaml file: params.yaml loaded successfully]
[2025-09-07 00:47:44,575: INFO: common: yaml file: schema.yaml loaded successfully]
[2025-09-07 00:47:44,577: INFO: common: created directory at: artifacts]
[2025-09-07 00:47:44,578: INFO: common: created directory at: artifacts/data_ingestion]
[2025-09-07 00:47:44,583: INFO: main: >>>>>> stage Data Ingestion stage completed <<<<<<

x==========x]
[2025-09-07 00:47:44,590: INFO: main: >>>>>> stage Data Validation stage started <<<<<<]
[2025-09-07 00:47:44,601: INFO: common: yaml file: config\config.yaml loaded successfully]
[2025-09-07 00:47:44,613: INFO: common: yaml file: params.yaml loaded successfully]
[2025-09-07 00:47:44,622: INFO: common: yaml file: schema.yaml loaded successfully]
[2025-09-07 00:47:44,624: INFO: common: created directory at: artifacts]
[2025-09-07 00:47:44,625: INFO: common: created directory at: artifacts/data_validation]
[2025-09-07 00:47:44,697: INFO: main: >>>>>> stage Data Validation stage completed <<<<<<

x==========x]
[2025-09-07 00:47:44,713: INFO: main: >>>>>> stage Data Transformation stage started <<<<<<]
[2025-09-07 00:47:44,751: ERROR: main: Your dataset hasn't been successfully validated.]
Traceback (most recent call last):
  File "D:\Courses\Udemy\Complete MLOps Bootcamp\Projects\7_End to End Projects\end-to-end-data-science-project\main.py", line 34, in <module>
    data_transformation.initiate_data_transformation()
  File "D:\Courses\Udemy\Complete MLOps Bootcamp\Projects\7_End to End Projects\end-to-end-data-science-project\src\project\pipeline\data_transformation.py", line 29, in initiate_data_transformation
    raise e
  File "D:\Courses\Udemy\Complete MLOps Bootcamp\Projects\7_End to End Projects\end-to-end-data-science-project\src\project\pipeline\data_transformation.py", line 27, in initiate_data_transformation
    raise Exception("Your dataset hasn't been successfully validated.")
Exception: Your dataset hasn't been successfully validated.
[2025-09-07 00:48:12,991: INFO: main: >>>>>> stage Data Ingestion stage started <<<<<<]
[2025-09-07 00:48:13,007: INFO: common: yaml file: config\config.yaml loaded successfully]
[2025-09-07 00:48:13,019: INFO: common: yaml file: params.yaml loaded successfully]
[2025-09-07 00:48:13,029: INFO: common: yaml file: schema.yaml loaded successfully]
[2025-09-07 00:48:13,031: INFO: common: created directory at: artifacts]
[2025-09-07 00:48:13,033: INFO: common: created directory at: artifacts/data_ingestion]
[2025-09-07 00:48:13,041: INFO: main: >>>>>> stage Data Ingestion stage completed <<<<<<

x==========x]
[2025-09-07 00:48:13,045: INFO: main: >>>>>> stage Data Validation stage started <<<<<<]
[2025-09-07 00:48:13,056: INFO: common: yaml file: config\config.yaml loaded successfully]
[2025-09-07 00:48:13,067: INFO: common: yaml file: params.yaml loaded successfully]
[2025-09-07 00:48:13,079: INFO: common: yaml file: schema.yaml loaded successfully]
[2025-09-07 00:48:13,080: INFO: common: created directory at: artifacts]
[2025-09-07 00:48:13,082: INFO: common: created directory at: artifacts/data_validation]
[2025-09-07 00:48:13,138: INFO: main: >>>>>> stage Data Validation stage completed <<<<<<

x==========x]
[2025-09-07 00:48:13,143: INFO: main: >>>>>> stage Data Transformation stage started <<<<<<]
[2025-09-07 00:48:13,148: ERROR: main: Your dataset hasn't been successfully validated.]
Traceback (most recent call last):
  File "D:\Courses\Udemy\Complete MLOps Bootcamp\Projects\7_End to End Projects\end-to-end-data-science-project\main.py", line 34, in <module>
    data_transformation.initiate_data_transformation()
  File "D:\Courses\Udemy\Complete MLOps Bootcamp\Projects\7_End to End Projects\end-to-end-data-science-project\src\project\pipeline\data_transformation.py", line 29, in initiate_data_transformation
    raise e
  File "D:\Courses\Udemy\Complete MLOps Bootcamp\Projects\7_End to End Projects\end-to-end-data-science-project\src\project\pipeline\data_transformation.py", line 27, in initiate_data_transformation
    raise Exception("Your dataset hasn't been successfully validated.")
Exception: Your dataset hasn't been successfully validated.
[2025-09-07 00:48:44,393: INFO: main: >>>>>> stage Data Ingestion stage started <<<<<<]
[2025-09-07 00:48:44,403: INFO: common: yaml file: config\config.yaml loaded successfully]
[2025-09-07 00:48:44,414: INFO: common: yaml file: params.yaml loaded successfully]
[2025-09-07 00:48:44,421: INFO: common: yaml file: schema.yaml loaded successfully]
[2025-09-07 00:48:44,424: INFO: common: created directory at: artifacts]
[2025-09-07 00:48:44,428: INFO: common: created directory at: artifacts/data_ingestion]
[2025-09-07 00:48:44,439: INFO: main: >>>>>> stage Data Ingestion stage completed <<<<<<

x==========x]
[2025-09-07 00:48:44,440: INFO: main: >>>>>> stage Data Validation stage started <<<<<<]
[2025-09-07 00:48:44,460: INFO: common: yaml file: config\config.yaml loaded successfully]
[2025-09-07 00:48:44,469: INFO: common: yaml file: params.yaml loaded successfully]
[2025-09-07 00:48:44,481: INFO: common: yaml file: schema.yaml loaded successfully]
[2025-09-07 00:48:44,482: INFO: common: created directory at: artifacts]
[2025-09-07 00:48:44,483: INFO: common: created directory at: artifacts/data_validation]
[2025-09-07 00:48:44,608: INFO: main: >>>>>> stage Data Validation stage completed <<<<<<

x==========x]
[2025-09-07 00:48:44,609: INFO: main: >>>>>> stage Data Transformation stage started <<<<<<]
[2025-09-07 00:48:44,612: ERROR: main: Your dataset hasn't been successfully validated.]
Traceback (most recent call last):
  File "D:\Courses\Udemy\Complete MLOps Bootcamp\Projects\7_End to End Projects\end-to-end-data-science-project\main.py", line 34, in <module>
    data_transformation.initiate_data_transformation()
  File "D:\Courses\Udemy\Complete MLOps Bootcamp\Projects\7_End to End Projects\end-to-end-data-science-project\src\project\pipeline\data_transformation.py", line 29, in initiate_data_transformation
    raise e
  File "D:\Courses\Udemy\Complete MLOps Bootcamp\Projects\7_End to End Projects\end-to-end-data-science-project\src\project\pipeline\data_transformation.py", line 27, in initiate_data_transformation
    raise Exception("Your dataset hasn't been successfully validated.")
Exception: Your dataset hasn't been successfully validated.
[2025-09-07 00:49:53,537: INFO: main: >>>>>> stage Data Ingestion stage started <<<<<<]
[2025-09-07 00:49:53,546: INFO: common: yaml file: config\config.yaml loaded successfully]
[2025-09-07 00:49:53,556: INFO: common: yaml file: params.yaml loaded successfully]
[2025-09-07 00:49:53,584: INFO: common: yaml file: schema.yaml loaded successfully]
[2025-09-07 00:49:53,672: INFO: common: created directory at: artifacts]
[2025-09-07 00:49:53,673: INFO: common: created directory at: artifacts/data_ingestion]
[2025-09-07 00:49:53,681: INFO: main: >>>>>> stage Data Ingestion stage completed <<<<<<

x==========x]
[2025-09-07 00:49:53,683: INFO: main: >>>>>> stage Data Validation stage started <<<<<<]
[2025-09-07 00:49:53,700: INFO: common: yaml file: config\config.yaml loaded successfully]
[2025-09-07 00:49:53,716: INFO: common: yaml file: params.yaml loaded successfully]
[2025-09-07 00:49:53,726: INFO: common: yaml file: schema.yaml loaded successfully]
[2025-09-07 00:49:53,734: INFO: common: created directory at: artifacts]
[2025-09-07 00:49:53,736: INFO: common: created directory at: artifacts/data_validation]
[2025-09-07 00:49:53,804: INFO: main: >>>>>> stage Data Validation stage completed <<<<<<

x==========x]
[2025-09-07 00:49:53,806: INFO: main: >>>>>> stage Data Transformation stage started <<<<<<]
[2025-09-07 00:49:53,823: INFO: common: yaml file: config\config.yaml loaded successfully]
[2025-09-07 00:49:53,838: INFO: common: yaml file: params.yaml loaded successfully]
[2025-09-07 00:49:53,850: INFO: common: yaml file: schema.yaml loaded successfully]
[2025-09-07 00:49:53,853: INFO: common: created directory at: artifacts]
[2025-09-07 00:49:53,854: INFO: common: created directory at: artifacts/data_transformation]
[2025-09-07 00:49:54,218: INFO: data_transformation: Splitted data into training, validation, and test sets]
[2025-09-07 00:49:54,220: INFO: data_transformation: (914, 13)]
[2025-09-07 00:49:54,221: INFO: data_transformation: (114, 13)]
[2025-09-07 00:49:54,221: INFO: data_transformation: (115, 13)]
[2025-09-07 00:49:54,225: INFO: main: >>>>>> stage Data Transformation stage completed <<<<<<

x==========x]
[2025-09-07 00:49:54,232: INFO: main: >>>>>> stage Model Training stage started <<<<<<]
[2025-09-07 00:49:54,264: INFO: common: yaml file: config\config.yaml loaded successfully]
[2025-09-07 00:49:54,290: INFO: common: yaml file: params.yaml loaded successfully]
[2025-09-07 00:49:54,305: INFO: common: yaml file: schema.yaml loaded successfully]
[2025-09-07 00:49:54,307: INFO: common: created directory at: artifacts]
[2025-09-07 00:49:54,312: INFO: common: created directory at: artifacts/model_train]
[2025-09-07 00:49:54,737: ERROR: main: n_splits=3 cannot be greater than the number of members in each class.]
Traceback (most recent call last):
  File "D:\Courses\Udemy\Complete MLOps Bootcamp\Projects\7_End to End Projects\end-to-end-data-science-project\main.py", line 46, in <module>
    model_training.initiate_model_training()
  File "D:\Courses\Udemy\Complete MLOps Bootcamp\Projects\7_End to End Projects\end-to-end-data-science-project\src\project\pipeline\model_train.py", line 42, in initiate_model_training
    raise e
  File "D:\Courses\Udemy\Complete MLOps Bootcamp\Projects\7_End to End Projects\end-to-end-data-science-project\src\project\pipeline\model_train.py", line 28, in initiate_model_training
    result = model_train.train()  # train and save model
  File "D:\Courses\Udemy\Complete MLOps Bootcamp\Projects\7_End to End Projects\end-to-end-data-science-project\src\project\components\model_train.py", line 64, in train
    random_search.fit(train_x, train_y)
  File "D:\Courses\Udemy\Complete MLOps Bootcamp\Projects\7_End to End Projects\end-to-end-data-science-project\venv\lib\site-packages\sklearn\base.py", line 1365, in wrapper
    return fit_method(estimator, *args, **kwargs)
  File "D:\Courses\Udemy\Complete MLOps Bootcamp\Projects\7_End to End Projects\end-to-end-data-science-project\venv\lib\site-packages\sklearn\model_selection\_search.py", line 1051, in fit
    self._run_search(evaluate_candidates)
  File "D:\Courses\Udemy\Complete MLOps Bootcamp\Projects\7_End to End Projects\end-to-end-data-science-project\venv\lib\site-packages\sklearn\model_selection\_search.py", line 1992, in _run_search
    evaluate_candidates(
  File "D:\Courses\Udemy\Complete MLOps Bootcamp\Projects\7_End to End Projects\end-to-end-data-science-project\venv\lib\site-packages\sklearn\model_selection\_search.py", line 1009, in evaluate_candidates
    for (cand_idx, parameters), (split_idx, (train, test)) in product(
  File "D:\Courses\Udemy\Complete MLOps Bootcamp\Projects\7_End to End Projects\end-to-end-data-science-project\venv\lib\site-packages\sklearn\model_selection\_split.py", line 411, in split
    for train, test in super().split(X, y, groups):
  File "D:\Courses\Udemy\Complete MLOps Bootcamp\Projects\7_End to End Projects\end-to-end-data-science-project\venv\lib\site-packages\sklearn\model_selection\_split.py", line 142, in split
    for test_index in self._iter_test_masks(X, y, groups):
  File "D:\Courses\Udemy\Complete MLOps Bootcamp\Projects\7_End to End Projects\end-to-end-data-science-project\venv\lib\site-packages\sklearn\model_selection\_split.py", line 844, in _iter_test_masks
    test_folds = self._make_test_folds(X, y)
  File "D:\Courses\Udemy\Complete MLOps Bootcamp\Projects\7_End to End Projects\end-to-end-data-science-project\venv\lib\site-packages\sklearn\model_selection\_split.py", line 806, in _make_test_folds
    raise ValueError(
ValueError: n_splits=3 cannot be greater than the number of members in each class.
[2025-09-07 00:52:43,889: INFO: main: >>>>>> stage Data Ingestion stage started <<<<<<]
[2025-09-07 00:52:43,894: INFO: common: yaml file: config\config.yaml loaded successfully]
[2025-09-07 00:52:43,903: INFO: common: yaml file: params.yaml loaded successfully]
[2025-09-07 00:52:43,907: INFO: common: yaml file: schema.yaml loaded successfully]
[2025-09-07 00:52:43,909: INFO: common: created directory at: artifacts]
[2025-09-07 00:52:43,909: INFO: common: created directory at: artifacts/data_ingestion]
[2025-09-07 00:52:43,914: INFO: main: >>>>>> stage Data Ingestion stage completed <<<<<<

x==========x]
[2025-09-07 00:52:43,915: INFO: main: >>>>>> stage Data Validation stage started <<<<<<]
[2025-09-07 00:52:43,925: INFO: common: yaml file: config\config.yaml loaded successfully]
[2025-09-07 00:52:43,933: INFO: common: yaml file: params.yaml loaded successfully]
[2025-09-07 00:52:43,978: INFO: common: yaml file: schema.yaml loaded successfully]
[2025-09-07 00:52:44,018: INFO: common: created directory at: artifacts]
[2025-09-07 00:52:44,075: INFO: common: created directory at: artifacts/data_validation]
[2025-09-07 00:52:44,144: INFO: main: >>>>>> stage Data Validation stage completed <<<<<<

x==========x]
[2025-09-07 00:52:44,144: INFO: main: >>>>>> stage Data Transformation stage started <<<<<<]
[2025-09-07 00:52:44,156: INFO: common: yaml file: config\config.yaml loaded successfully]
[2025-09-07 00:52:44,170: INFO: common: yaml file: params.yaml loaded successfully]
[2025-09-07 00:52:44,177: INFO: common: yaml file: schema.yaml loaded successfully]
[2025-09-07 00:52:44,178: INFO: common: created directory at: artifacts]
[2025-09-07 00:52:44,179: INFO: common: created directory at: artifacts/data_transformation]
[2025-09-07 00:52:44,231: INFO: data_transformation: Splitted data into training, validation, and test sets]
[2025-09-07 00:52:44,232: INFO: data_transformation: (914, 13)]
[2025-09-07 00:52:44,233: INFO: data_transformation: (114, 13)]
[2025-09-07 00:52:44,234: INFO: data_transformation: (115, 13)]
[2025-09-07 00:52:44,235: INFO: main: >>>>>> stage Data Transformation stage completed <<<<<<

x==========x]
[2025-09-07 00:52:44,236: INFO: main: >>>>>> stage Model Training stage started <<<<<<]
[2025-09-07 00:52:44,246: INFO: common: yaml file: config\config.yaml loaded successfully]
[2025-09-07 00:52:44,256: INFO: common: yaml file: params.yaml loaded successfully]
[2025-09-07 00:52:44,262: INFO: common: yaml file: schema.yaml loaded successfully]
[2025-09-07 00:52:44,264: INFO: common: created directory at: artifacts]
[2025-09-07 00:52:44,271: INFO: common: created directory at: artifacts/model_train]
[2025-09-07 00:52:44,382: ERROR: main: n_splits=2 cannot be greater than the number of members in each class.]
Traceback (most recent call last):
  File "D:\Courses\Udemy\Complete MLOps Bootcamp\Projects\7_End to End Projects\end-to-end-data-science-project\main.py", line 46, in <module>
    model_training.initiate_model_training()
  File "D:\Courses\Udemy\Complete MLOps Bootcamp\Projects\7_End to End Projects\end-to-end-data-science-project\src\project\pipeline\model_train.py", line 42, in initiate_model_training
    raise e
  File "D:\Courses\Udemy\Complete MLOps Bootcamp\Projects\7_End to End Projects\end-to-end-data-science-project\src\project\pipeline\model_train.py", line 28, in initiate_model_training
    result = model_train.train()  # train and save model
  File "D:\Courses\Udemy\Complete MLOps Bootcamp\Projects\7_End to End Projects\end-to-end-data-science-project\src\project\components\model_train.py", line 64, in train
    random_search.fit(train_x, train_y)
  File "D:\Courses\Udemy\Complete MLOps Bootcamp\Projects\7_End to End Projects\end-to-end-data-science-project\venv\lib\site-packages\sklearn\base.py", line 1365, in wrapper
    return fit_method(estimator, *args, **kwargs)
  File "D:\Courses\Udemy\Complete MLOps Bootcamp\Projects\7_End to End Projects\end-to-end-data-science-project\venv\lib\site-packages\sklearn\model_selection\_search.py", line 1051, in fit
    self._run_search(evaluate_candidates)
  File "D:\Courses\Udemy\Complete MLOps Bootcamp\Projects\7_End to End Projects\end-to-end-data-science-project\venv\lib\site-packages\sklearn\model_selection\_search.py", line 1992, in _run_search
    evaluate_candidates(
  File "D:\Courses\Udemy\Complete MLOps Bootcamp\Projects\7_End to End Projects\end-to-end-data-science-project\venv\lib\site-packages\sklearn\model_selection\_search.py", line 1009, in evaluate_candidates
    for (cand_idx, parameters), (split_idx, (train, test)) in product(
  File "D:\Courses\Udemy\Complete MLOps Bootcamp\Projects\7_End to End Projects\end-to-end-data-science-project\venv\lib\site-packages\sklearn\model_selection\_split.py", line 411, in split
    for train, test in super().split(X, y, groups):
  File "D:\Courses\Udemy\Complete MLOps Bootcamp\Projects\7_End to End Projects\end-to-end-data-science-project\venv\lib\site-packages\sklearn\model_selection\_split.py", line 142, in split
    for test_index in self._iter_test_masks(X, y, groups):
  File "D:\Courses\Udemy\Complete MLOps Bootcamp\Projects\7_End to End Projects\end-to-end-data-science-project\venv\lib\site-packages\sklearn\model_selection\_split.py", line 844, in _iter_test_masks
    test_folds = self._make_test_folds(X, y)
  File "D:\Courses\Udemy\Complete MLOps Bootcamp\Projects\7_End to End Projects\end-to-end-data-science-project\venv\lib\site-packages\sklearn\model_selection\_split.py", line 806, in _make_test_folds
    raise ValueError(
ValueError: n_splits=2 cannot be greater than the number of members in each class.
[2025-09-07 01:03:14,073: INFO: main: >>>>>> stage Data Ingestion stage started <<<<<<]
[2025-09-07 01:03:14,160: INFO: common: yaml file: config\config.yaml loaded successfully]
[2025-09-07 01:03:14,192: INFO: common: yaml file: params.yaml loaded successfully]
[2025-09-07 01:03:14,234: INFO: common: yaml file: schema.yaml loaded successfully]
[2025-09-07 01:03:14,237: INFO: common: created directory at: artifacts]
[2025-09-07 01:03:14,243: INFO: common: created directory at: artifacts/data_ingestion]
[2025-09-07 01:03:15,259: INFO: main: >>>>>> stage Data Ingestion stage completed <<<<<<

x==========x]
[2025-09-07 01:03:15,260: INFO: main: >>>>>> stage Data Validation stage started <<<<<<]
[2025-09-07 01:03:15,274: INFO: common: yaml file: config\config.yaml loaded successfully]
[2025-09-07 01:03:15,295: INFO: common: yaml file: params.yaml loaded successfully]
[2025-09-07 01:03:15,370: INFO: common: yaml file: schema.yaml loaded successfully]
[2025-09-07 01:03:15,390: INFO: common: created directory at: artifacts]
[2025-09-07 01:03:15,392: INFO: common: created directory at: artifacts/data_validation]
[2025-09-07 01:03:20,669: INFO: main: >>>>>> stage Data Validation stage completed <<<<<<

x==========x]
[2025-09-07 01:03:20,670: INFO: main: >>>>>> stage Data Transformation stage started <<<<<<]
[2025-09-07 01:03:20,679: INFO: common: yaml file: config\config.yaml loaded successfully]
[2025-09-07 01:03:20,685: INFO: common: yaml file: params.yaml loaded successfully]
[2025-09-07 01:03:20,705: INFO: common: yaml file: schema.yaml loaded successfully]
[2025-09-07 01:03:20,706: INFO: common: created directory at: artifacts]
[2025-09-07 01:03:20,707: INFO: common: created directory at: artifacts/data_transformation]
[2025-09-07 01:03:38,322: INFO: data_transformation: Splitted data into training, validation, and test sets]
[2025-09-07 01:03:38,324: INFO: data_transformation: (464809, 55)]
[2025-09-07 01:03:38,326: INFO: data_transformation: (58101, 55)]
[2025-09-07 01:03:38,326: INFO: data_transformation: (58102, 55)]
[2025-09-07 01:03:38,465: INFO: main: >>>>>> stage Data Transformation stage completed <<<<<<

x==========x]
[2025-09-07 01:03:38,467: INFO: main: >>>>>> stage Model Training stage started <<<<<<]
[2025-09-07 01:03:38,481: INFO: common: yaml file: config\config.yaml loaded successfully]
[2025-09-07 01:03:38,498: INFO: common: yaml file: params.yaml loaded successfully]
[2025-09-07 01:03:38,534: INFO: common: yaml file: schema.yaml loaded successfully]
[2025-09-07 01:03:38,537: INFO: common: created directory at: artifacts]
[2025-09-07 01:03:38,549: INFO: common: created directory at: artifacts/model_train]
[2025-09-07 01:07:44,131: INFO: main: >>>>>> stage Data Ingestion stage started <<<<<<]
[2025-09-07 01:07:44,157: INFO: common: yaml file: config\config.yaml loaded successfully]
[2025-09-07 01:07:44,188: INFO: common: yaml file: params.yaml loaded successfully]
[2025-09-07 01:07:44,228: INFO: common: yaml file: schema.yaml loaded successfully]
[2025-09-07 01:07:44,229: INFO: common: created directory at: artifacts]
[2025-09-07 01:07:44,231: INFO: common: created directory at: artifacts/data_ingestion]
[2025-09-07 01:07:45,175: INFO: main: >>>>>> stage Data Ingestion stage completed <<<<<<

x==========x]
[2025-09-07 01:07:45,178: INFO: main: >>>>>> stage Data Validation stage started <<<<<<]
[2025-09-07 01:07:45,203: INFO: common: yaml file: config\config.yaml loaded successfully]
[2025-09-07 01:07:45,219: INFO: common: yaml file: params.yaml loaded successfully]
[2025-09-07 01:07:45,252: INFO: common: yaml file: schema.yaml loaded successfully]
[2025-09-07 01:07:45,254: INFO: common: created directory at: artifacts]
[2025-09-07 01:07:45,255: INFO: common: created directory at: artifacts/data_validation]
[2025-09-07 01:07:50,409: INFO: main: >>>>>> stage Data Validation stage completed <<<<<<

x==========x]
[2025-09-07 01:07:50,411: INFO: main: >>>>>> stage Data Transformation stage started <<<<<<]
[2025-09-07 01:07:50,430: INFO: common: yaml file: config\config.yaml loaded successfully]
[2025-09-07 01:07:50,442: INFO: common: yaml file: params.yaml loaded successfully]
[2025-09-07 01:07:50,469: INFO: common: yaml file: schema.yaml loaded successfully]
[2025-09-07 01:07:50,471: INFO: common: created directory at: artifacts]
[2025-09-07 01:07:50,473: INFO: common: created directory at: artifacts/data_transformation]
[2025-09-07 01:08:13,410: INFO: data_transformation: Splitted data into training, validation, and test sets]
[2025-09-07 01:08:13,416: INFO: data_transformation: (464809, 55)]
[2025-09-07 01:08:13,417: INFO: data_transformation: (58101, 55)]
[2025-09-07 01:08:13,419: INFO: data_transformation: (58102, 55)]
[2025-09-07 01:08:13,524: INFO: main: >>>>>> stage Data Transformation stage completed <<<<<<

x==========x]
[2025-09-07 01:08:13,525: INFO: main: >>>>>> stage Model Training stage started <<<<<<]
[2025-09-07 01:08:13,537: INFO: common: yaml file: config\config.yaml loaded successfully]
[2025-09-07 01:08:13,571: INFO: common: yaml file: params.yaml loaded successfully]
[2025-09-07 01:08:13,673: INFO: common: yaml file: schema.yaml loaded successfully]
[2025-09-07 01:08:13,675: INFO: common: created directory at: artifacts]
[2025-09-07 01:08:13,679: INFO: common: created directory at: artifacts/model_train]
[2025-09-07 01:14:52,450: INFO: common: created directory at: artifacts/model_train]
[2025-09-07 01:15:07,232: ERROR: main: 
All the 810 fits failed.
It is very likely that your model is misconfigured.
You can try to debug the error by setting error_score='raise'.

Below are more details about the failures:
--------------------------------------------------------------------------------
486 fits failed with the following error:
Traceback (most recent call last):
  File "D:\Courses\Udemy\Complete MLOps Bootcamp\Projects\7_End to End Projects\end-to-end-data-science-project\venv\lib\site-packages\sklearn\model_selection\_validation.py", line 859, in _fit_and_score
    estimator.fit(X_train, y_train, **fit_params)
  File "D:\Courses\Udemy\Complete MLOps Bootcamp\Projects\7_End to End Projects\end-to-end-data-science-project\venv\lib\site-packages\xgboost\core.py", line 729, in inner_f
    return func(**kwargs)
  File "D:\Courses\Udemy\Complete MLOps Bootcamp\Projects\7_End to End Projects\end-to-end-data-science-project\venv\lib\site-packages\xgboost\sklearn.py", line 1641, in fit
    raise ValueError(
ValueError: Invalid classes inferred from unique values of `y`.  Expected: [0 1 2 3 4 5], got [1 2 3 5 6 7]

--------------------------------------------------------------------------------
324 fits failed with the following error:
Traceback (most recent call last):
  File "D:\Courses\Udemy\Complete MLOps Bootcamp\Projects\7_End to End Projects\end-to-end-data-science-project\venv\lib\site-packages\sklearn\model_selection\_validation.py", line 859, in _fit_and_score
    estimator.fit(X_train, y_train, **fit_params)
  File "D:\Courses\Udemy\Complete MLOps Bootcamp\Projects\7_End to End Projects\end-to-end-data-science-project\venv\lib\site-packages\xgboost\core.py", line 729, in inner_f
    return func(**kwargs)
  File "D:\Courses\Udemy\Complete MLOps Bootcamp\Projects\7_End to End Projects\end-to-end-data-science-project\venv\lib\site-packages\xgboost\sklearn.py", line 1641, in fit
    raise ValueError(
ValueError: Invalid classes inferred from unique values of `y`.  Expected: [0 1 2 3 4 5 6], got [1 2 3 4 5 6 7]
]
Traceback (most recent call last):
  File "D:\Courses\Udemy\Complete MLOps Bootcamp\Projects\7_End to End Projects\end-to-end-data-science-project\main.py", line 46, in <module>
    model_training.initiate_model_training()
  File "D:\Courses\Udemy\Complete MLOps Bootcamp\Projects\7_End to End Projects\end-to-end-data-science-project\src\project\pipeline\model_train.py", line 42, in initiate_model_training
    raise e
  File "D:\Courses\Udemy\Complete MLOps Bootcamp\Projects\7_End to End Projects\end-to-end-data-science-project\src\project\pipeline\model_train.py", line 28, in initiate_model_training
    result = model_train.train()  # train and save model
  File "D:\Courses\Udemy\Complete MLOps Bootcamp\Projects\7_End to End Projects\end-to-end-data-science-project\src\project\components\model_train.py", line 76, in train
    halving.fit(train_x, train_y)
  File "D:\Courses\Udemy\Complete MLOps Bootcamp\Projects\7_End to End Projects\end-to-end-data-science-project\venv\lib\site-packages\sklearn\base.py", line 1365, in wrapper
    return fit_method(estimator, *args, **kwargs)
  File "D:\Courses\Udemy\Complete MLOps Bootcamp\Projects\7_End to End Projects\end-to-end-data-science-project\venv\lib\site-packages\sklearn\model_selection\_search_successive_halving.py", line 253, in fit
    super().fit(X, y=y, **params)
  File "D:\Courses\Udemy\Complete MLOps Bootcamp\Projects\7_End to End Projects\end-to-end-data-science-project\venv\lib\site-packages\sklearn\base.py", line 1365, in wrapper
    return fit_method(estimator, *args, **kwargs)
  File "D:\Courses\Udemy\Complete MLOps Bootcamp\Projects\7_End to End Projects\end-to-end-data-science-project\venv\lib\site-packages\sklearn\model_selection\_search.py", line 1051, in fit
    self._run_search(evaluate_candidates)
  File "D:\Courses\Udemy\Complete MLOps Bootcamp\Projects\7_End to End Projects\end-to-end-data-science-project\venv\lib\site-packages\sklearn\model_selection\_search_successive_halving.py", line 357, in _run_search
    results = evaluate_candidates(
  File "D:\Courses\Udemy\Complete MLOps Bootcamp\Projects\7_End to End Projects\end-to-end-data-science-project\venv\lib\site-packages\sklearn\model_selection\_search.py", line 1028, in evaluate_candidates
    _warn_or_raise_about_fit_failures(out, self.error_score)
  File "D:\Courses\Udemy\Complete MLOps Bootcamp\Projects\7_End to End Projects\end-to-end-data-science-project\venv\lib\site-packages\sklearn\model_selection\_validation.py", line 505, in _warn_or_raise_about_fit_failures
    raise ValueError(all_fits_failed_message)
ValueError: 
All the 810 fits failed.
It is very likely that your model is misconfigured.
You can try to debug the error by setting error_score='raise'.

Below are more details about the failures:
--------------------------------------------------------------------------------
486 fits failed with the following error:
Traceback (most recent call last):
  File "D:\Courses\Udemy\Complete MLOps Bootcamp\Projects\7_End to End Projects\end-to-end-data-science-project\venv\lib\site-packages\sklearn\model_selection\_validation.py", line 859, in _fit_and_score
    estimator.fit(X_train, y_train, **fit_params)
  File "D:\Courses\Udemy\Complete MLOps Bootcamp\Projects\7_End to End Projects\end-to-end-data-science-project\venv\lib\site-packages\xgboost\core.py", line 729, in inner_f
    return func(**kwargs)
  File "D:\Courses\Udemy\Complete MLOps Bootcamp\Projects\7_End to End Projects\end-to-end-data-science-project\venv\lib\site-packages\xgboost\sklearn.py", line 1641, in fit
    raise ValueError(
ValueError: Invalid classes inferred from unique values of `y`.  Expected: [0 1 2 3 4 5], got [1 2 3 5 6 7]

--------------------------------------------------------------------------------
324 fits failed with the following error:
Traceback (most recent call last):
  File "D:\Courses\Udemy\Complete MLOps Bootcamp\Projects\7_End to End Projects\end-to-end-data-science-project\venv\lib\site-packages\sklearn\model_selection\_validation.py", line 859, in _fit_and_score
    estimator.fit(X_train, y_train, **fit_params)
  File "D:\Courses\Udemy\Complete MLOps Bootcamp\Projects\7_End to End Projects\end-to-end-data-science-project\venv\lib\site-packages\xgboost\core.py", line 729, in inner_f
    return func(**kwargs)
  File "D:\Courses\Udemy\Complete MLOps Bootcamp\Projects\7_End to End Projects\end-to-end-data-science-project\venv\lib\site-packages\xgboost\sklearn.py", line 1641, in fit
    raise ValueError(
ValueError: Invalid classes inferred from unique values of `y`.  Expected: [0 1 2 3 4 5 6], got [1 2 3 4 5 6 7]

[2025-09-07 01:20:28,661: INFO: main: >>>>>> stage Data Ingestion stage started <<<<<<]
[2025-09-07 01:20:28,684: INFO: common: yaml file: config\config.yaml loaded successfully]
[2025-09-07 01:20:28,703: INFO: common: yaml file: params.yaml loaded successfully]
[2025-09-07 01:20:28,717: INFO: common: yaml file: schema.yaml loaded successfully]
[2025-09-07 01:20:28,718: INFO: common: created directory at: artifacts]
[2025-09-07 01:20:28,719: INFO: common: created directory at: artifacts/data_ingestion]
[2025-09-07 01:20:29,510: INFO: main: >>>>>> stage Data Ingestion stage completed <<<<<<

x==========x]
[2025-09-07 01:20:29,551: INFO: main: >>>>>> stage Data Validation stage started <<<<<<]
[2025-09-07 01:20:29,583: INFO: common: yaml file: config\config.yaml loaded successfully]
[2025-09-07 01:20:29,601: INFO: common: yaml file: params.yaml loaded successfully]
[2025-09-07 01:20:29,643: INFO: common: yaml file: schema.yaml loaded successfully]
[2025-09-07 01:20:29,651: INFO: common: created directory at: artifacts]
[2025-09-07 01:20:29,652: INFO: common: created directory at: artifacts/data_validation]
[2025-09-07 01:20:32,821: INFO: main: >>>>>> stage Data Validation stage completed <<<<<<

x==========x]
[2025-09-07 01:20:32,821: INFO: main: >>>>>> stage Data Transformation stage started <<<<<<]
[2025-09-07 01:20:32,830: INFO: common: yaml file: config\config.yaml loaded successfully]
[2025-09-07 01:20:32,837: INFO: common: yaml file: params.yaml loaded successfully]
[2025-09-07 01:20:32,851: INFO: common: yaml file: schema.yaml loaded successfully]
[2025-09-07 01:20:32,853: INFO: common: created directory at: artifacts]
[2025-09-07 01:20:32,854: INFO: common: created directory at: artifacts/data_transformation]
[2025-09-07 01:20:48,632: INFO: data_transformation: Splitted data into training, validation, and test sets]
[2025-09-07 01:20:48,633: INFO: data_transformation: (464809, 55)]
[2025-09-07 01:20:48,634: INFO: data_transformation: (58101, 55)]
[2025-09-07 01:20:48,634: INFO: data_transformation: (58102, 55)]
[2025-09-07 01:20:48,705: INFO: main: >>>>>> stage Data Transformation stage completed <<<<<<

x==========x]
[2025-09-07 01:20:48,705: INFO: main: >>>>>> stage Model Training stage started <<<<<<]
[2025-09-07 01:20:48,711: INFO: common: yaml file: config\config.yaml loaded successfully]
[2025-09-07 01:20:48,718: INFO: common: yaml file: params.yaml loaded successfully]
[2025-09-07 01:20:48,733: INFO: common: yaml file: schema.yaml loaded successfully]
[2025-09-07 01:20:48,734: INFO: common: created directory at: artifacts]
[2025-09-07 01:20:48,736: INFO: common: created directory at: artifacts/model_train]
[2025-09-07 01:27:52,800: INFO: main: >>>>>> stage Model Training stage completed <<<<<<

x==========x]
[2025-09-07 01:30:55,671: INFO: common: yaml file: config\config.yaml loaded successfully]
[2025-09-07 01:30:55,682: INFO: common: yaml file: params.yaml loaded successfully]
[2025-09-07 01:30:55,800: INFO: common: yaml file: schema.yaml loaded successfully]
[2025-09-07 01:30:55,806: INFO: common: created directory at: artifacts]
[2025-09-07 01:30:55,810: INFO: common: created directory at: artifacts/model_evaluation]
[2025-09-07 01:32:27,189: INFO: common: yaml file: config\config.yaml loaded successfully]
[2025-09-07 01:32:27,198: INFO: common: yaml file: params.yaml loaded successfully]
[2025-09-07 01:32:27,218: INFO: common: yaml file: schema.yaml loaded successfully]
[2025-09-07 01:32:27,223: INFO: common: created directory at: artifacts]
[2025-09-07 01:32:27,225: INFO: common: created directory at: artifacts/model_evaluation]
[2025-09-07 01:34:45,214: INFO: common: yaml file: config\config.yaml loaded successfully]
[2025-09-07 01:34:45,226: INFO: common: yaml file: params.yaml loaded successfully]
[2025-09-07 01:34:45,266: INFO: common: yaml file: schema.yaml loaded successfully]
[2025-09-07 01:34:45,269: INFO: common: created directory at: artifacts]
[2025-09-07 01:34:45,274: INFO: common: created directory at: artifacts/model_evaluation]
[2025-09-07 01:44:24,425: INFO: common: yaml file: config\config.yaml loaded successfully]
[2025-09-07 01:44:24,451: INFO: common: yaml file: params.yaml loaded successfully]
[2025-09-07 01:44:24,547: INFO: common: yaml file: schema.yaml loaded successfully]
[2025-09-07 01:44:24,558: INFO: common: created directory at: artifacts]
[2025-09-07 01:44:24,570: INFO: common: created directory at: artifacts/model_evaluation]
[2025-09-07 01:45:59,793: INFO: common: yaml file: config\config.yaml loaded successfully]
[2025-09-07 01:45:59,807: INFO: common: yaml file: params.yaml loaded successfully]
[2025-09-07 01:45:59,829: INFO: common: yaml file: schema.yaml loaded successfully]
[2025-09-07 01:45:59,832: INFO: common: created directory at: artifacts]
[2025-09-07 01:45:59,838: INFO: common: created directory at: artifacts/model_evaluation]
[2025-09-07 01:45:59,843: INFO: common: created directory at: artifacts/model_evaluation]
[2025-09-07 01:49:00,297: INFO: common: yaml file: config\config.yaml loaded successfully]
[2025-09-07 01:49:00,310: INFO: common: yaml file: params.yaml loaded successfully]
[2025-09-07 01:49:00,331: INFO: common: yaml file: schema.yaml loaded successfully]
[2025-09-07 01:49:00,334: INFO: common: created directory at: artifacts]
[2025-09-07 01:49:00,338: INFO: common: created directory at: artifacts/model_evaluation]
[2025-09-07 11:28:20,541: INFO: common: yaml file: config\config.yaml loaded successfully]
[2025-09-07 11:28:20,589: INFO: common: yaml file: params.yaml loaded successfully]
[2025-09-07 11:28:20,641: INFO: common: yaml file: schema.yaml loaded successfully]
[2025-09-07 11:28:20,644: INFO: common: created directory at: artifacts]
[2025-09-07 11:28:20,646: INFO: common: created directory at: artifacts/model_evaluation]
[2025-09-07 11:44:41,915: INFO: common: yaml file: config\config.yaml loaded successfully]
[2025-09-07 11:44:41,981: INFO: common: yaml file: params.yaml loaded successfully]
[2025-09-07 11:44:42,107: INFO: common: yaml file: schema.yaml loaded successfully]
[2025-09-07 11:44:42,127: INFO: common: created directory at: artifacts]
[2025-09-07 11:44:42,134: INFO: common: created directory at: artifacts/model_evaluation]
[2025-09-07 11:45:25,831: INFO: common: json file saved at: artifacts\model_evaluation\metrics.json]
[2025-09-07 11:45:25,923: INFO: common: created directory at: artifacts/model_evaluation]
[2025-09-07 11:45:57,816: INFO: common: json file saved at: artifacts\model_evaluation\metrics.json]
[2025-09-07 11:58:05,291: INFO: common: yaml file: config\config.yaml loaded successfully]
[2025-09-07 11:58:05,355: INFO: common: yaml file: params.yaml loaded successfully]
[2025-09-07 11:58:05,440: INFO: common: yaml file: schema.yaml loaded successfully]
[2025-09-07 11:58:05,445: INFO: common: created directory at: artifacts]
[2025-09-07 11:58:05,453: INFO: common: created directory at: artifacts/model_evaluation]
[2025-09-07 11:59:25,197: INFO: common: yaml file: config\config.yaml loaded successfully]
[2025-09-07 11:59:25,224: INFO: common: yaml file: params.yaml loaded successfully]
[2025-09-07 11:59:25,240: INFO: common: yaml file: schema.yaml loaded successfully]
[2025-09-07 11:59:25,243: INFO: common: created directory at: artifacts]
[2025-09-07 11:59:25,245: INFO: common: created directory at: artifacts/model_evaluation]
[2025-09-07 11:59:26,762: INFO: common: created directory at: artifacts/model_evaluation]
[2025-09-07 12:00:35,477: INFO: common: yaml file: config\config.yaml loaded successfully]
[2025-09-07 12:00:35,484: INFO: common: yaml file: params.yaml loaded successfully]
[2025-09-07 12:00:35,507: INFO: common: yaml file: schema.yaml loaded successfully]
[2025-09-07 12:00:35,511: INFO: common: created directory at: artifacts]
[2025-09-07 12:00:35,513: INFO: common: created directory at: artifacts/model_evaluation]
[2025-09-07 12:01:02,245: INFO: common: json file saved at: artifacts\model_evaluation\metrics.json]
[2025-09-07 12:01:02,275: INFO: common: created directory at: artifacts/model_evaluation]
[2025-09-07 12:01:29,077: INFO: common: json file saved at: artifacts\model_evaluation\metrics.json]
[2025-09-07 12:03:54,013: INFO: common: yaml file: config\config.yaml loaded successfully]
[2025-09-07 12:03:54,020: INFO: common: yaml file: params.yaml loaded successfully]
[2025-09-07 12:03:54,032: INFO: common: yaml file: schema.yaml loaded successfully]
[2025-09-07 12:03:54,034: INFO: common: created directory at: artifacts]
[2025-09-07 12:03:54,036: INFO: common: created directory at: artifacts/model_evaluation]
[2025-09-07 12:08:40,517: INFO: common: json file saved at: artifacts\model_evaluation\metrics.json]
[2025-09-07 12:08:40,578: INFO: common: created directory at: artifacts/model_evaluation]
[2025-09-07 12:18:24,868: INFO: common: yaml file: config\config.yaml loaded successfully]
[2025-09-07 12:18:24,953: INFO: common: yaml file: params.yaml loaded successfully]
[2025-09-07 12:18:25,193: INFO: common: yaml file: schema.yaml loaded successfully]
[2025-09-07 12:18:25,204: INFO: common: created directory at: artifacts]
[2025-09-07 12:18:25,244: INFO: common: created directory at: artifacts/model_evaluation]
[2025-09-07 12:18:25,279: INFO: common: created directory at: artifacts/model_evaluation]
[2025-09-07 12:23:41,853: INFO: main: >>>>>> stage Data Ingestion stage started <<<<<<]
[2025-09-07 12:23:41,927: INFO: common: yaml file: config\config.yaml loaded successfully]
[2025-09-07 12:23:42,176: INFO: common: yaml file: params.yaml loaded successfully]
[2025-09-07 12:23:42,606: INFO: common: yaml file: schema.yaml loaded successfully]
[2025-09-07 12:23:42,663: INFO: common: created directory at: artifacts]
[2025-09-07 12:23:42,756: INFO: common: created directory at: artifacts/data_ingestion]
[2025-09-07 12:23:45,326: INFO: main: >>>>>> stage Data Ingestion stage completed <<<<<<

x==========x]
[2025-09-07 12:23:45,330: INFO: main: >>>>>> stage Data Validation stage started <<<<<<]
[2025-09-07 12:23:45,340: INFO: common: yaml file: config\config.yaml loaded successfully]
[2025-09-07 12:23:45,384: INFO: common: yaml file: params.yaml loaded successfully]
[2025-09-07 12:23:45,441: INFO: common: yaml file: schema.yaml loaded successfully]
[2025-09-07 12:23:45,444: INFO: common: created directory at: artifacts]
[2025-09-07 12:23:45,445: INFO: common: created directory at: artifacts/data_validation]
[2025-09-07 12:23:54,655: INFO: main: >>>>>> stage Data Validation stage completed <<<<<<

x==========x]
[2025-09-07 12:23:54,659: INFO: main: >>>>>> stage Data Transformation stage started <<<<<<]
[2025-09-07 12:23:54,789: INFO: common: yaml file: config\config.yaml loaded successfully]
[2025-09-07 12:23:54,837: INFO: common: yaml file: params.yaml loaded successfully]
[2025-09-07 12:23:54,897: INFO: common: yaml file: schema.yaml loaded successfully]
[2025-09-07 12:23:54,908: INFO: common: created directory at: artifacts]
[2025-09-07 12:23:54,922: INFO: common: created directory at: artifacts/data_transformation]
[2025-09-07 12:24:31,306: INFO: data_transformation: Splitted data into training, validation, and test sets]
[2025-09-07 12:24:31,411: INFO: data_transformation: (464809, 55)]
[2025-09-07 12:24:31,413: INFO: data_transformation: (58101, 55)]
[2025-09-07 12:24:31,416: INFO: data_transformation: (58102, 55)]
[2025-09-07 12:24:31,614: INFO: main: >>>>>> stage Data Transformation stage completed <<<<<<

x==========x]
[2025-09-07 12:24:31,621: INFO: main: >>>>>> stage Model Training stage started <<<<<<]
[2025-09-07 12:24:31,685: INFO: common: yaml file: config\config.yaml loaded successfully]
[2025-09-07 12:24:31,709: INFO: common: yaml file: params.yaml loaded successfully]
[2025-09-07 12:24:31,755: INFO: common: yaml file: schema.yaml loaded successfully]
[2025-09-07 12:24:31,760: INFO: common: created directory at: artifacts]
[2025-09-07 12:24:31,763: INFO: common: created directory at: artifacts/model_train]
[2025-09-07 12:33:52,620: INFO: common: created directory at: artifacts/model_train]
[2025-09-07 12:42:01,010: INFO: main: >>>>>> stage Model Training stage completed <<<<<<

x==========x]
[2025-09-07 12:46:43,302: INFO: common: yaml file: config\config.yaml loaded successfully]
[2025-09-07 12:46:43,370: INFO: common: yaml file: params.yaml loaded successfully]
[2025-09-07 12:46:43,438: INFO: common: yaml file: schema.yaml loaded successfully]
[2025-09-07 12:46:43,468: INFO: common: created directory at: artifacts]
[2025-09-07 12:47:10,227: INFO: common: yaml file: config\config.yaml loaded successfully]
[2025-09-07 12:47:10,239: INFO: common: yaml file: params.yaml loaded successfully]
[2025-09-07 12:47:10,260: INFO: common: yaml file: schema.yaml loaded successfully]
[2025-09-07 12:47:10,264: INFO: common: created directory at: artifacts]
[2025-09-07 12:47:20,539: INFO: common: yaml file: config\config.yaml loaded successfully]
[2025-09-07 12:47:20,553: INFO: common: yaml file: params.yaml loaded successfully]
[2025-09-07 12:47:20,581: INFO: common: yaml file: schema.yaml loaded successfully]
[2025-09-07 12:47:20,588: INFO: common: created directory at: artifacts]
[2025-09-07 12:47:20,627: INFO: common: created directory at: artifacts/model_evaluation]
[2025-09-07 12:48:24,152: INFO: common: yaml file: config\config.yaml loaded successfully]
[2025-09-07 12:48:24,163: INFO: common: yaml file: params.yaml loaded successfully]
[2025-09-07 12:48:24,192: INFO: common: yaml file: schema.yaml loaded successfully]
[2025-09-07 12:48:24,198: INFO: common: created directory at: artifacts]
[2025-09-07 12:48:24,207: INFO: common: created directory at: artifacts/model_evaluation]
[2025-09-07 12:53:09,564: INFO: common: json file saved at: artifacts\model_evaluation\metrics.json]
[2025-09-07 13:04:27,311: INFO: common: yaml file: config\config.yaml loaded successfully]
[2025-09-07 13:04:27,327: INFO: common: yaml file: params.yaml loaded successfully]
[2025-09-07 13:04:27,455: INFO: common: yaml file: schema.yaml loaded successfully]
[2025-09-07 13:04:27,461: INFO: common: created directory at: artifacts]
[2025-09-07 13:04:27,469: INFO: common: created directory at: artifacts/data_ingestion]
[2025-09-07 13:10:33,033: INFO: main: >>>>>> stage Data Ingestion stage started <<<<<<]
[2025-09-07 13:10:33,071: INFO: common: yaml file: config\config.yaml loaded successfully]
[2025-09-07 13:10:33,135: INFO: common: yaml file: params.yaml loaded successfully]
[2025-09-07 13:10:33,290: INFO: common: yaml file: schema.yaml loaded successfully]
[2025-09-07 13:10:33,318: INFO: common: created directory at: artifacts]
[2025-09-07 13:10:33,321: INFO: common: created directory at: artifacts/data_ingestion]
[2025-09-07 13:10:33,821: INFO: main: >>>>>> stage Data Ingestion stage completed <<<<<<

x==========x]
[2025-09-07 13:10:33,823: INFO: main: >>>>>> stage Data Validation stage started <<<<<<]
[2025-09-07 13:10:33,833: INFO: common: yaml file: config\config.yaml loaded successfully]
[2025-09-07 13:10:33,887: INFO: common: yaml file: params.yaml loaded successfully]
[2025-09-07 13:10:33,988: INFO: common: yaml file: schema.yaml loaded successfully]
[2025-09-07 13:10:34,007: INFO: common: created directory at: artifacts]
[2025-09-07 13:10:34,018: INFO: common: created directory at: artifacts/data_validation]
[2025-09-07 13:10:34,758: INFO: main: >>>>>> stage Data Validation stage completed <<<<<<

x==========x]
[2025-09-07 13:10:34,766: INFO: main: >>>>>> stage Data Transformation stage started <<<<<<]
[2025-09-07 13:10:34,801: ERROR: main: Your dataset hasn't been successfully validated.]
Traceback (most recent call last):
  File "D:\Courses\Udemy\Complete MLOps Bootcamp\Projects\7_End to End Projects\end-to-end-data-science-project\main.py", line 34, in <module>
    data_transformation.initiate_data_transformation()
  File "D:\Courses\Udemy\Complete MLOps Bootcamp\Projects\7_End to End Projects\end-to-end-data-science-project\src\project\pipeline\data_transformation.py", line 29, in initiate_data_transformation
    raise e
  File "D:\Courses\Udemy\Complete MLOps Bootcamp\Projects\7_End to End Projects\end-to-end-data-science-project\src\project\pipeline\data_transformation.py", line 27, in initiate_data_transformation
    raise Exception("Your dataset hasn't been successfully validated.")
Exception: Your dataset hasn't been successfully validated.
[2025-09-07 13:11:28,091: INFO: common: yaml file: config\config.yaml loaded successfully]
[2025-09-07 13:11:28,132: INFO: common: yaml file: params.yaml loaded successfully]
[2025-09-07 13:11:28,230: INFO: common: yaml file: schema.yaml loaded successfully]
[2025-09-07 13:11:28,248: INFO: common: created directory at: artifacts]
[2025-09-07 13:11:28,254: INFO: common: created directory at: artifacts/data_validation]
[2025-09-07 13:13:00,653: INFO: common: yaml file: config\config.yaml loaded successfully]
[2025-09-07 13:13:00,666: INFO: common: yaml file: params.yaml loaded successfully]
[2025-09-07 13:13:00,774: INFO: common: yaml file: schema.yaml loaded successfully]
[2025-09-07 13:13:00,783: INFO: common: created directory at: artifacts]
[2025-09-07 13:13:00,787: INFO: common: created directory at: artifacts/data_validation]
[2025-09-07 13:13:41,357: INFO: common: yaml file: config\config.yaml loaded successfully]
[2025-09-07 13:13:41,378: INFO: common: yaml file: params.yaml loaded successfully]
[2025-09-07 13:13:41,667: INFO: common: yaml file: schema.yaml loaded successfully]
[2025-09-07 13:13:41,674: INFO: common: created directory at: artifacts]
[2025-09-07 13:13:41,677: INFO: common: created directory at: artifacts/data_validation]
[2025-09-07 13:14:24,333: INFO: common: yaml file: config\config.yaml loaded successfully]
[2025-09-07 13:14:24,344: INFO: common: yaml file: params.yaml loaded successfully]
[2025-09-07 13:14:24,385: INFO: common: yaml file: schema.yaml loaded successfully]
[2025-09-07 13:14:24,401: INFO: common: created directory at: artifacts]
[2025-09-07 13:14:24,405: INFO: common: created directory at: artifacts/data_validation]
[2025-09-07 13:14:54,876: INFO: common: yaml file: config\config.yaml loaded successfully]
[2025-09-07 13:14:54,886: INFO: common: yaml file: params.yaml loaded successfully]
[2025-09-07 13:14:54,921: INFO: common: yaml file: schema.yaml loaded successfully]
[2025-09-07 13:14:54,942: INFO: common: created directory at: artifacts]
[2025-09-07 13:14:54,962: INFO: common: created directory at: artifacts/data_validation]
[2025-09-07 13:27:06,847: INFO: main: >>>>>> stage Data Ingestion stage started <<<<<<]
[2025-09-07 13:27:06,891: INFO: common: yaml file: config\config.yaml loaded successfully]
[2025-09-07 13:27:06,942: INFO: common: yaml file: params.yaml loaded successfully]
[2025-09-07 13:27:07,019: INFO: common: yaml file: schema.yaml loaded successfully]
[2025-09-07 13:27:07,043: INFO: common: created directory at: artifacts]
[2025-09-07 13:27:07,045: INFO: common: created directory at: artifacts/data_ingestion]
[2025-09-07 13:27:07,439: INFO: main: >>>>>> stage Data Ingestion stage completed <<<<<<

x==========x]
[2025-09-07 13:27:07,440: INFO: main: >>>>>> stage Data Validation stage started <<<<<<]
[2025-09-07 13:27:07,495: INFO: common: yaml file: config\config.yaml loaded successfully]
[2025-09-07 13:27:07,543: INFO: common: yaml file: params.yaml loaded successfully]
[2025-09-07 13:27:07,588: INFO: common: yaml file: schema.yaml loaded successfully]
[2025-09-07 13:27:07,624: INFO: common: created directory at: artifacts]
[2025-09-07 13:27:07,657: INFO: common: created directory at: artifacts/data_validation]
[2025-09-07 13:27:08,179: INFO: main: >>>>>> stage Data Validation stage completed <<<<<<

x==========x]
[2025-09-07 13:27:08,184: INFO: main: >>>>>> stage Data Transformation stage started <<<<<<]
[2025-09-07 13:27:08,230: ERROR: main: Your dataset hasn't been successfully validated.]
Traceback (most recent call last):
  File "D:\Courses\Udemy\Complete MLOps Bootcamp\Projects\7_End to End Projects\end-to-end-data-science-project\main.py", line 34, in <module>
    data_transformation.initiate_data_transformation()
  File "D:\Courses\Udemy\Complete MLOps Bootcamp\Projects\7_End to End Projects\end-to-end-data-science-project\src\project\pipeline\data_transformation.py", line 29, in initiate_data_transformation
    raise e
  File "D:\Courses\Udemy\Complete MLOps Bootcamp\Projects\7_End to End Projects\end-to-end-data-science-project\src\project\pipeline\data_transformation.py", line 27, in initiate_data_transformation
    raise Exception("Your dataset hasn't been successfully validated.")
Exception: Your dataset hasn't been successfully validated.
[2025-09-07 13:30:37,498: INFO: main: >>>>>> stage Data Ingestion stage started <<<<<<]
[2025-09-07 13:30:37,524: INFO: common: yaml file: config\config.yaml loaded successfully]
[2025-09-07 13:30:37,582: INFO: common: yaml file: params.yaml loaded successfully]
[2025-09-07 13:30:37,689: INFO: common: yaml file: schema.yaml loaded successfully]
[2025-09-07 13:30:37,724: INFO: common: created directory at: artifacts]
[2025-09-07 13:30:37,726: INFO: common: created directory at: artifacts/data_ingestion]
[2025-09-07 13:30:38,041: INFO: main: >>>>>> stage Data Ingestion stage completed <<<<<<

x==========x]
[2025-09-07 13:30:38,047: INFO: main: >>>>>> stage Data Validation stage started <<<<<<]
[2025-09-07 13:30:38,072: INFO: common: yaml file: config\config.yaml loaded successfully]
[2025-09-07 13:30:38,100: INFO: common: yaml file: params.yaml loaded successfully]
[2025-09-07 13:30:38,199: INFO: common: yaml file: schema.yaml loaded successfully]
[2025-09-07 13:30:38,203: INFO: common: created directory at: artifacts]
[2025-09-07 13:30:38,205: INFO: common: created directory at: artifacts/data_validation]
[2025-09-07 13:30:38,847: INFO: main: >>>>>> stage Data Validation stage completed <<<<<<

x==========x]
[2025-09-07 13:30:38,848: INFO: main: >>>>>> stage Data Transformation stage started <<<<<<]
[2025-09-07 13:30:38,872: INFO: common: yaml file: config\config.yaml loaded successfully]
[2025-09-07 13:30:38,947: INFO: common: yaml file: params.yaml loaded successfully]
[2025-09-07 13:30:39,033: INFO: common: yaml file: schema.yaml loaded successfully]
[2025-09-07 13:30:39,040: INFO: common: created directory at: artifacts]
[2025-09-07 13:30:39,046: INFO: common: created directory at: artifacts/data_transformation]
[2025-09-07 13:30:42,041: INFO: data_transformation: Splitted data into training, validation, and test sets]
[2025-09-07 13:30:42,043: INFO: data_transformation: (5455, 96)]
[2025-09-07 13:30:42,044: INFO: data_transformation: (682, 96)]
[2025-09-07 13:30:42,045: INFO: data_transformation: (682, 96)]
[2025-09-07 13:30:42,051: INFO: main: >>>>>> stage Data Transformation stage completed <<<<<<

x==========x]
[2025-09-07 13:33:43,133: INFO: main: >>>>>> stage Data Ingestion stage started <<<<<<]
[2025-09-07 13:33:43,163: INFO: common: yaml file: config\config.yaml loaded successfully]
[2025-09-07 13:33:43,201: INFO: common: yaml file: params.yaml loaded successfully]
[2025-09-07 13:33:43,291: INFO: common: yaml file: schema.yaml loaded successfully]
[2025-09-07 13:33:43,314: INFO: common: created directory at: artifacts]
[2025-09-07 13:33:43,333: INFO: common: created directory at: artifacts/data_ingestion]
[2025-09-07 13:33:43,664: INFO: main: >>>>>> stage Data Ingestion stage completed <<<<<<

x==========x]
[2025-09-07 13:33:43,666: INFO: main: >>>>>> stage Data Validation stage started <<<<<<]
[2025-09-07 13:33:43,679: INFO: common: yaml file: config\config.yaml loaded successfully]
[2025-09-07 13:33:43,702: INFO: common: yaml file: params.yaml loaded successfully]
[2025-09-07 13:33:43,772: INFO: common: yaml file: schema.yaml loaded successfully]
[2025-09-07 13:33:43,776: INFO: common: created directory at: artifacts]
[2025-09-07 13:33:43,785: INFO: common: created directory at: artifacts/data_validation]
[2025-09-07 13:33:44,443: INFO: main: >>>>>> stage Data Validation stage completed <<<<<<

x==========x]
[2025-09-07 13:33:44,444: INFO: main: >>>>>> stage Data Transformation stage started <<<<<<]
[2025-09-07 13:33:44,479: INFO: common: yaml file: config\config.yaml loaded successfully]
[2025-09-07 13:33:44,530: INFO: common: yaml file: params.yaml loaded successfully]
[2025-09-07 13:33:44,608: INFO: common: yaml file: schema.yaml loaded successfully]
[2025-09-07 13:33:44,614: INFO: common: created directory at: artifacts]
[2025-09-07 13:33:44,618: INFO: common: created directory at: artifacts/data_transformation]
[2025-09-07 13:33:47,644: INFO: data_transformation: Splitted data into training, validation, and test sets]
[2025-09-07 13:33:47,646: INFO: data_transformation: (5455, 96)]
[2025-09-07 13:33:47,649: INFO: data_transformation: (682, 96)]
[2025-09-07 13:33:47,651: INFO: data_transformation: (682, 96)]
[2025-09-07 13:33:47,658: INFO: main: >>>>>> stage Data Transformation stage completed <<<<<<

x==========x]
[2025-09-07 13:33:47,660: INFO: main: >>>>>> stage Model Training stage started <<<<<<]
[2025-09-07 13:33:47,673: INFO: common: yaml file: config\config.yaml loaded successfully]
[2025-09-07 13:33:47,688: INFO: common: yaml file: params.yaml loaded successfully]
[2025-09-07 13:33:47,724: INFO: common: yaml file: schema.yaml loaded successfully]
[2025-09-07 13:33:47,728: INFO: common: created directory at: artifacts]
[2025-09-07 13:33:47,730: INFO: common: created directory at: artifacts/model_train]
[2025-09-07 13:33:47,750: ERROR: main: "'ConfigBox' object has no attribute 'model_name'"]
Traceback (most recent call last):
  File "box\\box.py", line 594, in box.box.Box.__getitem__
KeyError: 'model_name'

The above exception was the direct cause of the following exception:

Traceback (most recent call last):
  File "box\\box.py", line 633, in box.box.Box.__getattr__
  File "box\\box.py", line 621, in box.box.Box.__getitem__
box.exceptions.BoxKeyError: "'model_name'"

During handling of the above exception, another exception occurred:

Traceback (most recent call last):
  File "box\\box.py", line 635, in box.box.Box.__getattr__
AttributeError: 'ConfigBox' object has no attribute 'model_name'

The above exception was the direct cause of the following exception:

Traceback (most recent call last):
  File "box\\config_box.py", line 29, in box.config_box.ConfigBox.__getattr__
  File "box\\box.py", line 649, in box.box.Box.__getattr__
box.exceptions.BoxKeyError: "'ConfigBox' object has no attribute 'model_name'"

During handling of the above exception, another exception occurred:

Traceback (most recent call last):
  File "box\\box.py", line 594, in box.box.Box.__getitem__
KeyError: 'model_name'

The above exception was the direct cause of the following exception:

Traceback (most recent call last):
  File "box\\box.py", line 633, in box.box.Box.__getattr__
  File "box\\box.py", line 621, in box.box.Box.__getitem__
box.exceptions.BoxKeyError: "'model_name'"

During handling of the above exception, another exception occurred:

Traceback (most recent call last):
  File "box\\box.py", line 635, in box.box.Box.__getattr__
AttributeError: 'ConfigBox' object has no attribute 'model_name'

The above exception was the direct cause of the following exception:

Traceback (most recent call last):
  File "D:\Courses\Udemy\Complete MLOps Bootcamp\Projects\7_End to End Projects\end-to-end-data-science-project\main.py", line 46, in <module>
    model_training.initiate_model_training()
  File "D:\Courses\Udemy\Complete MLOps Bootcamp\Projects\7_End to End Projects\end-to-end-data-science-project\src\project\pipeline\model_train.py", line 42, in initiate_model_training
    raise e
  File "D:\Courses\Udemy\Complete MLOps Bootcamp\Projects\7_End to End Projects\end-to-end-data-science-project\src\project\pipeline\model_train.py", line 24, in initiate_model_training
    model_train_config = config.get_model_train_config(model_type)
  File "D:\Courses\Udemy\Complete MLOps Bootcamp\Projects\7_End to End Projects\end-to-end-data-science-project\src\project\config\configuration.py", line 84, in get_model_train_config
    model_name = config.model_name,
  File "box\\config_box.py", line 31, in box.config_box.ConfigBox.__getattr__
  File "box\\box.py", line 649, in box.box.Box.__getattr__
box.exceptions.BoxKeyError: "'ConfigBox' object has no attribute 'model_name'"
[2025-09-07 13:37:55,412: INFO: main: >>>>>> stage Data Ingestion stage started <<<<<<]
[2025-09-07 13:37:55,426: INFO: common: yaml file: config\config.yaml loaded successfully]
[2025-09-07 13:37:55,445: INFO: common: yaml file: params.yaml loaded successfully]
[2025-09-07 13:37:55,501: INFO: common: yaml file: schema.yaml loaded successfully]
[2025-09-07 13:37:55,508: INFO: common: created directory at: artifacts]
[2025-09-07 13:37:55,509: INFO: common: created directory at: artifacts/data_ingestion]
[2025-09-07 13:37:55,657: INFO: main: >>>>>> stage Data Ingestion stage completed <<<<<<

x==========x]
[2025-09-07 13:37:55,658: INFO: main: >>>>>> stage Data Validation stage started <<<<<<]
[2025-09-07 13:37:55,667: INFO: common: yaml file: config\config.yaml loaded successfully]
[2025-09-07 13:37:55,682: INFO: common: yaml file: params.yaml loaded successfully]
[2025-09-07 13:37:55,727: INFO: common: yaml file: schema.yaml loaded successfully]
[2025-09-07 13:37:55,731: INFO: common: created directory at: artifacts]
[2025-09-07 13:37:55,732: INFO: common: created directory at: artifacts/data_validation]
[2025-09-07 13:37:56,166: INFO: main: >>>>>> stage Data Validation stage completed <<<<<<

x==========x]
[2025-09-07 13:37:56,167: INFO: main: >>>>>> stage Data Transformation stage started <<<<<<]
[2025-09-07 13:37:56,187: INFO: common: yaml file: config\config.yaml loaded successfully]
[2025-09-07 13:37:56,216: INFO: common: yaml file: params.yaml loaded successfully]
[2025-09-07 13:37:56,293: INFO: common: yaml file: schema.yaml loaded successfully]
[2025-09-07 13:37:56,299: INFO: common: created directory at: artifacts]
[2025-09-07 13:37:56,302: INFO: common: created directory at: artifacts/data_transformation]
[2025-09-07 13:37:59,692: INFO: data_transformation: Splitted data into training, validation, and test sets]
[2025-09-07 13:37:59,693: INFO: data_transformation: (5455, 96)]
[2025-09-07 13:37:59,694: INFO: data_transformation: (682, 96)]
[2025-09-07 13:37:59,695: INFO: data_transformation: (682, 96)]
[2025-09-07 13:37:59,701: INFO: main: >>>>>> stage Data Transformation stage completed <<<<<<

x==========x]
[2025-09-07 13:37:59,703: INFO: main: >>>>>> stage Model Training stage started <<<<<<]
[2025-09-07 13:37:59,718: INFO: common: yaml file: config\config.yaml loaded successfully]
[2025-09-07 13:37:59,743: INFO: common: yaml file: params.yaml loaded successfully]
[2025-09-07 13:37:59,804: INFO: common: yaml file: schema.yaml loaded successfully]
[2025-09-07 13:37:59,810: INFO: common: created directory at: artifacts]
[2025-09-07 13:37:59,815: INFO: common: created directory at: artifacts/model_train]
[2025-09-07 13:39:02,135: INFO: common: created directory at: artifacts/model_train]
[2025-09-07 13:39:20,412: INFO: main: >>>>>> stage Model Training stage completed <<<<<<

x==========x]
[2025-09-07 13:46:13,042: INFO: common: yaml file: config\config.yaml loaded successfully]
[2025-09-07 13:46:13,070: INFO: common: yaml file: params.yaml loaded successfully]
[2025-09-07 13:46:13,161: INFO: common: yaml file: schema.yaml loaded successfully]
[2025-09-07 13:46:13,184: INFO: common: created directory at: artifacts]
[2025-09-07 13:46:13,198: INFO: common: created directory at: artifacts/model_evaluation]
[2025-09-07 13:47:47,519: INFO: common: yaml file: config\config.yaml loaded successfully]
[2025-09-07 13:47:47,535: INFO: common: yaml file: params.yaml loaded successfully]
[2025-09-07 13:47:47,610: INFO: common: yaml file: schema.yaml loaded successfully]
[2025-09-07 13:47:47,624: INFO: common: created directory at: artifacts]
[2025-09-07 13:47:47,656: INFO: common: created directory at: artifacts/model_evaluation]
[2025-09-07 13:50:03,881: INFO: common: yaml file: config\config.yaml loaded successfully]
[2025-09-07 13:50:03,891: INFO: common: yaml file: params.yaml loaded successfully]
[2025-09-07 13:50:03,926: INFO: common: yaml file: schema.yaml loaded successfully]
[2025-09-07 13:50:03,934: INFO: common: created directory at: artifacts]
[2025-09-07 13:50:03,961: INFO: common: created directory at: artifacts/model_evaluation]
[2025-09-07 13:51:06,558: INFO: common: yaml file: config\config.yaml loaded successfully]
[2025-09-07 13:51:06,575: INFO: common: yaml file: params.yaml loaded successfully]
[2025-09-07 13:51:06,640: INFO: common: yaml file: schema.yaml loaded successfully]
[2025-09-07 13:51:06,650: INFO: common: created directory at: artifacts]
[2025-09-07 13:51:06,655: INFO: common: created directory at: artifacts/model_evaluation]
[2025-09-07 13:51:24,013: INFO: common: yaml file: config\config.yaml loaded successfully]
[2025-09-07 13:51:24,026: INFO: common: yaml file: params.yaml loaded successfully]
[2025-09-07 13:51:24,103: INFO: common: yaml file: schema.yaml loaded successfully]
[2025-09-07 13:51:24,114: INFO: common: created directory at: artifacts]
[2025-09-07 13:51:24,124: INFO: common: created directory at: artifacts/model_evaluation]
[2025-09-07 13:52:37,833: INFO: common: yaml file: config\config.yaml loaded successfully]
[2025-09-07 13:52:37,845: INFO: common: yaml file: params.yaml loaded successfully]
[2025-09-07 13:52:37,877: INFO: common: yaml file: schema.yaml loaded successfully]
[2025-09-07 13:52:37,883: INFO: common: created directory at: artifacts]
[2025-09-07 13:52:37,889: INFO: common: created directory at: artifacts/model_evaluation]
[2025-09-07 13:52:40,755: INFO: common: yaml file: config\config.yaml loaded successfully]
[2025-09-07 13:52:40,768: INFO: common: yaml file: params.yaml loaded successfully]
[2025-09-07 13:52:40,810: INFO: common: yaml file: schema.yaml loaded successfully]
[2025-09-07 13:52:40,815: INFO: common: created directory at: artifacts]
[2025-09-07 13:52:40,821: INFO: common: created directory at: artifacts/model_evaluation]
[2025-09-07 13:52:42,762: INFO: common: yaml file: config\config.yaml loaded successfully]
[2025-09-07 13:52:42,779: INFO: common: yaml file: params.yaml loaded successfully]
[2025-09-07 13:52:42,878: INFO: common: yaml file: schema.yaml loaded successfully]
[2025-09-07 13:52:42,892: INFO: common: created directory at: artifacts]
[2025-09-07 13:52:42,898: INFO: common: created directory at: artifacts/model_evaluation]
[2025-09-07 13:53:08,928: INFO: common: yaml file: config\config.yaml loaded successfully]
[2025-09-07 13:53:08,938: INFO: common: yaml file: params.yaml loaded successfully]
[2025-09-07 13:53:08,969: INFO: common: yaml file: schema.yaml loaded successfully]
[2025-09-07 13:53:08,976: INFO: common: created directory at: artifacts]
[2025-09-07 13:53:08,980: INFO: common: created directory at: artifacts/model_evaluation]
[2025-09-07 13:53:33,641: INFO: common: yaml file: config\config.yaml loaded successfully]
[2025-09-07 13:53:33,652: INFO: common: yaml file: params.yaml loaded successfully]
[2025-09-07 13:53:33,721: INFO: common: yaml file: schema.yaml loaded successfully]
[2025-09-07 13:53:33,732: INFO: common: created directory at: artifacts]
[2025-09-07 13:53:33,738: INFO: common: created directory at: artifacts/model_evaluation]
[2025-09-07 13:54:49,295: INFO: common: yaml file: config\config.yaml loaded successfully]
[2025-09-07 13:54:49,305: INFO: common: yaml file: params.yaml loaded successfully]
[2025-09-07 13:54:49,348: INFO: common: yaml file: schema.yaml loaded successfully]
[2025-09-07 13:54:49,356: INFO: common: created directory at: artifacts]
[2025-09-07 13:54:49,365: INFO: common: created directory at: artifacts/model_evaluation]
[2025-09-07 13:55:10,432: INFO: common: yaml file: config\config.yaml loaded successfully]
[2025-09-07 13:55:10,443: INFO: common: yaml file: params.yaml loaded successfully]
[2025-09-07 13:55:10,475: INFO: common: yaml file: schema.yaml loaded successfully]
[2025-09-07 13:55:10,479: INFO: common: created directory at: artifacts]
[2025-09-07 13:55:10,482: INFO: common: created directory at: artifacts/model_evaluation]
[2025-09-07 13:55:56,999: INFO: common: yaml file: config\config.yaml loaded successfully]
[2025-09-07 13:55:57,008: INFO: common: yaml file: params.yaml loaded successfully]
[2025-09-07 13:55:57,058: INFO: common: yaml file: schema.yaml loaded successfully]
[2025-09-07 13:55:57,070: INFO: common: created directory at: artifacts]
[2025-09-07 13:55:57,077: INFO: common: created directory at: artifacts/model_evaluation]
[2025-09-07 13:58:20,992: INFO: main: >>>>>> stage Data Ingestion stage started <<<<<<]
[2025-09-07 13:58:21,022: INFO: common: yaml file: config\config.yaml loaded successfully]
[2025-09-07 13:58:21,069: INFO: common: yaml file: params.yaml loaded successfully]
[2025-09-07 13:58:21,163: INFO: common: yaml file: schema.yaml loaded successfully]
[2025-09-07 13:58:21,167: INFO: common: created directory at: artifacts]
[2025-09-07 13:58:21,168: INFO: common: created directory at: artifacts/data_ingestion]
[2025-09-07 13:58:21,476: INFO: main: >>>>>> stage Data Ingestion stage completed <<<<<<

x==========x]
[2025-09-07 13:58:21,479: INFO: main: >>>>>> stage Data Validation stage started <<<<<<]
[2025-09-07 13:58:21,490: INFO: common: yaml file: config\config.yaml loaded successfully]
[2025-09-07 13:58:21,513: INFO: common: yaml file: params.yaml loaded successfully]
[2025-09-07 13:58:21,592: INFO: common: yaml file: schema.yaml loaded successfully]
[2025-09-07 13:58:21,608: INFO: common: created directory at: artifacts]
[2025-09-07 13:58:21,610: INFO: common: created directory at: artifacts/data_validation]
[2025-09-07 13:58:22,353: INFO: main: >>>>>> stage Data Validation stage completed <<<<<<

x==========x]
[2025-09-07 13:58:22,355: INFO: main: >>>>>> stage Data Transformation stage started <<<<<<]
[2025-09-07 13:58:22,388: INFO: common: yaml file: config\config.yaml loaded successfully]
[2025-09-07 13:58:22,429: INFO: common: yaml file: params.yaml loaded successfully]
[2025-09-07 13:58:22,504: INFO: common: yaml file: schema.yaml loaded successfully]
[2025-09-07 13:58:22,509: INFO: common: created directory at: artifacts]
[2025-09-07 13:58:22,515: INFO: common: created directory at: artifacts/data_transformation]
[2025-09-07 13:58:27,342: INFO: data_transformation: Splitted data into training, validation, and test sets]
[2025-09-07 13:58:27,350: INFO: data_transformation: (5455, 96)]
[2025-09-07 13:58:27,351: INFO: data_transformation: (682, 96)]
[2025-09-07 13:58:27,353: INFO: data_transformation: (682, 96)]
[2025-09-07 13:58:27,384: INFO: main: >>>>>> stage Data Transformation stage completed <<<<<<

x==========x]
[2025-09-07 13:58:27,391: INFO: main: >>>>>> stage Model Training stage started <<<<<<]
[2025-09-07 13:58:27,410: INFO: common: yaml file: config\config.yaml loaded successfully]
[2025-09-07 13:58:27,487: INFO: common: yaml file: params.yaml loaded successfully]
[2025-09-07 13:58:27,555: INFO: common: yaml file: schema.yaml loaded successfully]
[2025-09-07 13:58:27,559: INFO: common: created directory at: artifacts]
[2025-09-07 13:58:27,560: INFO: common: created directory at: artifacts/model_train]
[2025-09-07 13:59:08,469: INFO: main: >>>>>> stage Data Ingestion stage started <<<<<<]
[2025-09-07 13:59:08,473: INFO: common: yaml file: config\config.yaml loaded successfully]
[2025-09-07 13:59:08,478: INFO: common: yaml file: params.yaml loaded successfully]
[2025-09-07 13:59:08,497: INFO: common: yaml file: schema.yaml loaded successfully]
[2025-09-07 13:59:08,498: INFO: common: created directory at: artifacts]
[2025-09-07 13:59:08,500: INFO: common: created directory at: artifacts/data_ingestion]
[2025-09-07 13:59:08,590: INFO: main: >>>>>> stage Data Ingestion stage completed <<<<<<

x==========x]
[2025-09-07 13:59:08,591: INFO: main: >>>>>> stage Data Validation stage started <<<<<<]
[2025-09-07 13:59:08,595: INFO: common: yaml file: config\config.yaml loaded successfully]
[2025-09-07 13:59:08,600: INFO: common: yaml file: params.yaml loaded successfully]
[2025-09-07 13:59:08,615: INFO: common: yaml file: schema.yaml loaded successfully]
[2025-09-07 13:59:08,619: INFO: common: created directory at: artifacts]
[2025-09-07 13:59:08,619: INFO: common: created directory at: artifacts/data_validation]
[2025-09-07 13:59:08,803: INFO: main: >>>>>> stage Data Validation stage completed <<<<<<

x==========x]
[2025-09-07 13:59:08,803: INFO: main: >>>>>> stage Data Transformation stage started <<<<<<]
[2025-09-07 13:59:08,807: INFO: common: yaml file: config\config.yaml loaded successfully]
[2025-09-07 13:59:08,818: INFO: common: yaml file: params.yaml loaded successfully]
[2025-09-07 13:59:08,829: INFO: common: yaml file: schema.yaml loaded successfully]
[2025-09-07 13:59:08,835: INFO: common: created directory at: artifacts]
[2025-09-07 13:59:08,836: INFO: common: created directory at: artifacts/data_transformation]
[2025-09-07 13:59:10,017: INFO: data_transformation: Splitted data into training, validation, and test sets]
[2025-09-07 13:59:10,017: INFO: data_transformation: (5455, 96)]
[2025-09-07 13:59:10,017: INFO: data_transformation: (682, 96)]
[2025-09-07 13:59:10,017: INFO: data_transformation: (682, 96)]
[2025-09-07 13:59:10,021: INFO: main: >>>>>> stage Data Transformation stage completed <<<<<<

x==========x]
[2025-09-07 13:59:10,021: INFO: main: >>>>>> stage Model Training stage started <<<<<<]
[2025-09-07 13:59:10,026: INFO: common: yaml file: config\config.yaml loaded successfully]
[2025-09-07 13:59:10,033: INFO: common: yaml file: params.yaml loaded successfully]
[2025-09-07 13:59:10,047: INFO: common: yaml file: schema.yaml loaded successfully]
[2025-09-07 13:59:10,052: INFO: common: created directory at: artifacts]
[2025-09-07 13:59:10,053: INFO: common: created directory at: artifacts/model_train]
[2025-09-07 14:00:08,249: INFO: common: created directory at: artifacts/model_train]
[2025-09-07 14:00:31,317: INFO: main: >>>>>> stage Model Training stage completed <<<<<<

x==========x]
[2025-09-07 14:02:35,887: INFO: main: >>>>>> stage Data Ingestion stage started <<<<<<]
[2025-09-07 14:02:35,907: INFO: common: yaml file: config\config.yaml loaded successfully]
[2025-09-07 14:02:35,912: INFO: common: yaml file: params.yaml loaded successfully]
[2025-09-07 14:02:35,939: INFO: common: yaml file: schema.yaml loaded successfully]
[2025-09-07 14:02:35,947: INFO: common: created directory at: artifacts]
[2025-09-07 14:02:35,951: INFO: common: created directory at: artifacts/data_ingestion]
[2025-09-07 14:02:36,143: INFO: main: >>>>>> stage Data Ingestion stage completed <<<<<<

x==========x]
[2025-09-07 14:02:36,144: INFO: main: >>>>>> stage Data Validation stage started <<<<<<]
[2025-09-07 14:02:36,148: INFO: common: yaml file: config\config.yaml loaded successfully]
[2025-09-07 14:02:36,154: INFO: common: yaml file: params.yaml loaded successfully]
[2025-09-07 14:02:36,169: INFO: common: yaml file: schema.yaml loaded successfully]
[2025-09-07 14:02:36,171: INFO: common: created directory at: artifacts]
[2025-09-07 14:02:36,172: INFO: common: created directory at: artifacts/data_validation]
[2025-09-07 14:02:36,359: INFO: main: >>>>>> stage Data Validation stage completed <<<<<<

x==========x]
[2025-09-07 14:02:36,359: INFO: main: >>>>>> stage Data Transformation stage started <<<<<<]
[2025-09-07 14:02:36,369: INFO: common: yaml file: config\config.yaml loaded successfully]
[2025-09-07 14:02:36,376: INFO: common: yaml file: params.yaml loaded successfully]
[2025-09-07 14:02:36,390: INFO: common: yaml file: schema.yaml loaded successfully]
[2025-09-07 14:02:36,395: INFO: common: created directory at: artifacts]
[2025-09-07 14:02:36,396: INFO: common: created directory at: artifacts/data_transformation]
[2025-09-07 14:02:37,601: INFO: data_transformation: Splitted data into training, validation, and test sets]
[2025-09-07 14:02:37,602: INFO: data_transformation: (5455, 96)]
[2025-09-07 14:02:37,602: INFO: data_transformation: (682, 96)]
[2025-09-07 14:02:37,603: INFO: data_transformation: (682, 96)]
[2025-09-07 14:02:37,605: INFO: main: >>>>>> stage Data Transformation stage completed <<<<<<

x==========x]
[2025-09-07 14:02:37,606: INFO: main: >>>>>> stage Model Training stage started <<<<<<]
[2025-09-07 14:02:37,611: INFO: common: yaml file: config\config.yaml loaded successfully]
[2025-09-07 14:02:37,616: INFO: common: yaml file: params.yaml loaded successfully]
[2025-09-07 14:02:37,633: INFO: common: yaml file: schema.yaml loaded successfully]
[2025-09-07 14:02:37,637: INFO: common: created directory at: artifacts]
[2025-09-07 14:02:37,638: INFO: common: created directory at: artifacts/model_train]
[2025-09-07 14:03:40,701: INFO: common: created directory at: artifacts/model_train]
[2025-09-07 14:03:58,023: INFO: main: >>>>>> stage Model Training stage completed <<<<<<

x==========x]
[2025-09-07 14:04:10,831: INFO: common: yaml file: config\config.yaml loaded successfully]
[2025-09-07 14:04:10,869: INFO: common: yaml file: params.yaml loaded successfully]
[2025-09-07 14:04:10,912: INFO: common: yaml file: schema.yaml loaded successfully]
[2025-09-07 14:04:10,917: INFO: common: created directory at: artifacts]
[2025-09-07 14:04:10,975: INFO: common: created directory at: artifacts/model_evaluation]
[2025-09-07 14:04:42,673: INFO: common: json file saved at: artifacts\model_evaluation\metrics.json]
[2025-09-07 14:11:02,291: INFO: common: yaml file: config\config.yaml loaded successfully]
[2025-09-07 14:11:02,321: INFO: common: yaml file: params.yaml loaded successfully]
[2025-09-07 14:11:02,390: INFO: common: yaml file: schema.yaml loaded successfully]
[2025-09-07 14:11:02,395: INFO: common: created directory at: artifacts]
[2025-09-07 14:11:02,395: INFO: common: created directory at: artifacts/model_evaluation]
[2025-09-07 14:13:32,250: INFO: common: yaml file: config\config.yaml loaded successfully]
[2025-09-07 14:13:32,260: INFO: common: yaml file: params.yaml loaded successfully]
[2025-09-07 14:13:32,290: INFO: common: yaml file: schema.yaml loaded successfully]
[2025-09-07 14:13:32,293: INFO: common: created directory at: artifacts]
[2025-09-07 14:13:32,295: INFO: common: created directory at: artifacts/model_evaluation]
[2025-09-07 14:13:51,206: INFO: common: yaml file: config\config.yaml loaded successfully]
[2025-09-07 14:13:51,215: INFO: common: yaml file: params.yaml loaded successfully]
[2025-09-07 14:13:51,234: INFO: common: yaml file: schema.yaml loaded successfully]
[2025-09-07 14:13:51,242: INFO: common: created directory at: artifacts]
[2025-09-07 14:13:51,245: INFO: common: created directory at: artifacts/model_evaluation]
[2025-09-07 14:16:32,346: INFO: common: yaml file: config\config.yaml loaded successfully]
[2025-09-07 14:16:32,353: INFO: common: yaml file: params.yaml loaded successfully]
[2025-09-07 14:16:32,407: INFO: common: yaml file: schema.yaml loaded successfully]
[2025-09-07 14:16:32,410: INFO: common: created directory at: artifacts]
[2025-09-07 14:16:32,411: INFO: common: created directory at: artifacts/model_evaluation]
[2025-09-07 14:16:43,891: INFO: common: yaml file: config\config.yaml loaded successfully]
[2025-09-07 14:16:43,899: INFO: common: yaml file: params.yaml loaded successfully]
[2025-09-07 14:16:43,920: INFO: common: yaml file: schema.yaml loaded successfully]
[2025-09-07 14:16:43,925: INFO: common: created directory at: artifacts]
[2025-09-07 14:16:43,934: INFO: common: created directory at: artifacts/model_evaluation]
[2025-09-07 14:16:48,648: INFO: common: yaml file: config\config.yaml loaded successfully]
[2025-09-07 14:16:48,655: INFO: common: yaml file: params.yaml loaded successfully]
[2025-09-07 14:16:48,672: INFO: common: yaml file: schema.yaml loaded successfully]
[2025-09-07 14:16:48,679: INFO: common: created directory at: artifacts]
[2025-09-07 14:16:48,682: INFO: common: created directory at: artifacts/model_evaluation]
[2025-09-07 14:18:08,760: INFO: common: yaml file: config\config.yaml loaded successfully]
[2025-09-07 14:18:08,767: INFO: common: yaml file: params.yaml loaded successfully]
[2025-09-07 14:18:08,785: INFO: common: yaml file: schema.yaml loaded successfully]
[2025-09-07 14:18:08,789: INFO: common: created directory at: artifacts]
[2025-09-07 14:18:08,793: INFO: common: created directory at: artifacts/model_evaluation]
[2025-09-07 14:18:13,756: INFO: common: yaml file: config\config.yaml loaded successfully]
[2025-09-07 14:18:13,763: INFO: common: yaml file: params.yaml loaded successfully]
[2025-09-07 14:18:14,367: INFO: common: yaml file: schema.yaml loaded successfully]
[2025-09-07 14:18:14,371: INFO: common: created directory at: artifacts]
[2025-09-07 14:18:14,377: INFO: common: created directory at: artifacts/model_evaluation]
[2025-09-07 14:21:02,652: INFO: common: yaml file: config\config.yaml loaded successfully]
[2025-09-07 14:21:02,709: INFO: common: yaml file: params.yaml loaded successfully]
[2025-09-07 14:21:02,778: INFO: common: yaml file: schema.yaml loaded successfully]
[2025-09-07 14:21:02,786: INFO: common: created directory at: artifacts]
[2025-09-07 14:21:02,790: INFO: common: created directory at: artifacts/model_evaluation]
[2025-09-07 14:21:15,492: INFO: common: yaml file: config\config.yaml loaded successfully]
[2025-09-07 14:21:15,502: INFO: common: yaml file: params.yaml loaded successfully]
[2025-09-07 14:21:15,528: INFO: common: yaml file: schema.yaml loaded successfully]
[2025-09-07 14:21:15,531: INFO: common: created directory at: artifacts]
[2025-09-07 14:21:15,534: INFO: common: created directory at: artifacts/model_evaluation]
[2025-09-07 14:21:43,010: INFO: common: yaml file: config\config.yaml loaded successfully]
[2025-09-07 14:21:43,019: INFO: common: yaml file: params.yaml loaded successfully]
[2025-09-07 14:21:43,043: INFO: common: yaml file: schema.yaml loaded successfully]
[2025-09-07 14:21:43,048: INFO: common: created directory at: artifacts]
[2025-09-07 14:21:43,051: INFO: common: created directory at: artifacts/model_evaluation]
[2025-09-07 14:23:55,297: INFO: common: yaml file: config\config.yaml loaded successfully]
[2025-09-07 14:23:55,306: INFO: common: yaml file: params.yaml loaded successfully]
[2025-09-07 14:23:55,343: INFO: common: yaml file: schema.yaml loaded successfully]
[2025-09-07 14:23:55,345: INFO: common: created directory at: artifacts]
[2025-09-07 14:23:55,430: INFO: common: created directory at: artifacts/model_evaluation]
[2025-09-07 14:24:11,884: INFO: common: json file saved at: artifacts\model_evaluation\metrics.json]
[2025-09-07 14:24:32,700: INFO: common: json file saved at: artifacts\model_evaluation\metrics.json]
[2025-09-07 14:26:26,396: INFO: common: yaml file: config\config.yaml loaded successfully]
[2025-09-07 14:26:26,432: INFO: common: yaml file: params.yaml loaded successfully]
[2025-09-07 14:26:26,529: INFO: common: yaml file: schema.yaml loaded successfully]
[2025-09-07 14:26:26,537: INFO: common: created directory at: artifacts]
[2025-09-07 14:26:26,540: INFO: common: created directory at: artifacts/model_evaluation]
[2025-09-07 14:26:34,324: INFO: common: json file saved at: artifacts\model_evaluation\metrics.json]
[2025-09-07 14:26:52,319: INFO: common: json file saved at: artifacts\model_evaluation\metrics.json]
[2025-09-07 14:28:47,567: INFO: common: yaml file: config\config.yaml loaded successfully]
[2025-09-07 14:28:47,583: INFO: common: yaml file: params.yaml loaded successfully]
[2025-09-07 14:28:47,631: INFO: common: yaml file: schema.yaml loaded successfully]
[2025-09-07 14:28:47,641: INFO: common: created directory at: artifacts]
[2025-09-07 14:28:47,648: INFO: common: created directory at: artifacts/model_evaluation]
[2025-09-07 14:28:59,010: INFO: common: json file saved at: artifacts\model_evaluation\metrics.json]
[2025-09-07 14:29:21,260: INFO: common: json file saved at: artifacts\model_evaluation\metrics.json]
[2025-09-07 14:43:36,227: INFO: main: >>>>>> stage Data Ingestion stage started <<<<<<]
[2025-09-07 14:43:36,243: INFO: common: yaml file: config\config.yaml loaded successfully]
[2025-09-07 14:43:36,290: INFO: common: yaml file: params.yaml loaded successfully]
[2025-09-07 14:43:36,347: INFO: common: yaml file: schema.yaml loaded successfully]
[2025-09-07 14:43:36,370: INFO: common: created directory at: artifacts]
[2025-09-07 14:43:36,370: INFO: common: created directory at: artifacts/data_ingestion]
[2025-09-07 14:43:36,750: INFO: main: >>>>>> stage Data Ingestion stage completed <<<<<<

x==========x]
[2025-09-07 14:43:36,750: INFO: main: >>>>>> stage Data Validation stage started <<<<<<]
[2025-09-07 14:43:36,755: INFO: common: yaml file: config\config.yaml loaded successfully]
[2025-09-07 14:43:36,764: INFO: common: yaml file: params.yaml loaded successfully]
[2025-09-07 14:43:36,780: INFO: common: yaml file: schema.yaml loaded successfully]
[2025-09-07 14:43:36,782: INFO: common: created directory at: artifacts]
[2025-09-07 14:43:36,783: INFO: common: created directory at: artifacts/data_validation]
[2025-09-07 14:43:37,490: INFO: main: >>>>>> stage Data Validation stage completed <<<<<<

x==========x]
[2025-09-07 14:43:37,491: INFO: main: >>>>>> stage Data Transformation stage started <<<<<<]
[2025-09-07 14:43:37,537: INFO: common: yaml file: config\config.yaml loaded successfully]
[2025-09-07 14:43:37,539: INFO: common: yaml file: params.yaml loaded successfully]
[2025-09-07 14:43:37,563: INFO: common: yaml file: schema.yaml loaded successfully]
[2025-09-07 14:43:37,564: INFO: common: created directory at: artifacts]
[2025-09-07 14:43:37,565: INFO: common: created directory at: artifacts/data_transformation]
[2025-09-07 14:43:39,042: INFO: data_transformation: Splitted data into training, validation, and test sets]
[2025-09-07 14:43:39,042: INFO: data_transformation: (5455, 96)]
[2025-09-07 14:43:39,042: INFO: data_transformation: (682, 96)]
[2025-09-07 14:43:39,042: INFO: data_transformation: (682, 96)]
[2025-09-07 14:43:39,047: INFO: main: >>>>>> stage Data Transformation stage completed <<<<<<

x==========x]
[2025-09-07 14:43:39,047: INFO: main: >>>>>> stage Model Training stage started <<<<<<]
[2025-09-07 14:43:39,052: INFO: common: yaml file: config\config.yaml loaded successfully]
[2025-09-07 14:43:39,060: INFO: common: yaml file: params.yaml loaded successfully]
[2025-09-07 14:43:39,078: INFO: common: yaml file: schema.yaml loaded successfully]
[2025-09-07 14:43:39,080: INFO: common: created directory at: artifacts]
[2025-09-07 14:43:39,081: INFO: common: created directory at: artifacts/model_train]
[2025-09-07 14:44:47,616: INFO: common: created directory at: artifacts/model_train]
[2025-09-07 14:45:06,774: INFO: main: >>>>>> stage Model Training stage completed <<<<<<

x==========x]
[2025-09-07 14:45:06,778: INFO: main: >>>>>> stage Model Evaluation stage started <<<<<<]
[2025-09-07 14:45:06,873: INFO: common: yaml file: config\config.yaml loaded successfully]
[2025-09-07 14:45:06,882: INFO: common: yaml file: params.yaml loaded successfully]
[2025-09-07 14:45:06,941: INFO: common: yaml file: schema.yaml loaded successfully]
[2025-09-07 14:45:06,942: INFO: common: created directory at: artifacts]
[2025-09-07 14:45:06,946: INFO: common: yaml file: config\config.yaml loaded successfully]
[2025-09-07 14:45:06,952: INFO: common: yaml file: params.yaml loaded successfully]
[2025-09-07 14:45:06,966: INFO: common: yaml file: schema.yaml loaded successfully]
[2025-09-07 14:45:06,968: INFO: common: created directory at: artifacts]
[2025-09-07 14:45:07,083: INFO: common: created directory at: artifacts/model_evaluation]
[2025-09-07 14:45:07,084: ERROR: main: name 'os' is not defined]
Traceback (most recent call last):
  File "D:\Courses\Udemy\Complete MLOps Bootcamp\Projects\7_End to End Projects\end-to-end-data-science-project\main.py", line 58, in <module>
    model_evaluation.initiate_model_evaluation()
  File "D:\Courses\Udemy\Complete MLOps Bootcamp\Projects\7_End to End Projects\end-to-end-data-science-project\src\project\pipeline\model_evaluation.py", line 28, in initiate_model_evaluation
    raise e
  File "D:\Courses\Udemy\Complete MLOps Bootcamp\Projects\7_End to End Projects\end-to-end-data-science-project\src\project\pipeline\model_evaluation.py", line 23, in initiate_model_evaluation
    model_evaluation_config = config.get_model_evaluation_config()
  File "D:\Courses\Udemy\Complete MLOps Bootcamp\Projects\7_End to End Projects\end-to-end-data-science-project\src\project\config\configuration.py", line 110, in get_model_evaluation_config
    mlflow_tracking_uri=os.environ['MLFLOW_TRACKING_URI'] # type: ignore
NameError: name 'os' is not defined
[2025-09-07 14:48:50,050: INFO: main: >>>>>> stage Data Ingestion stage started <<<<<<]
[2025-09-07 14:48:50,076: INFO: common: yaml file: config\config.yaml loaded successfully]
[2025-09-07 14:48:50,120: INFO: common: yaml file: params.yaml loaded successfully]
[2025-09-07 14:48:50,177: INFO: common: yaml file: schema.yaml loaded successfully]
[2025-09-07 14:48:50,179: INFO: common: created directory at: artifacts]
[2025-09-07 14:48:50,180: INFO: common: created directory at: artifacts/data_ingestion]
[2025-09-07 14:48:50,459: INFO: main: >>>>>> stage Data Ingestion stage completed <<<<<<

x==========x]
[2025-09-07 14:48:50,460: INFO: main: >>>>>> stage Data Validation stage started <<<<<<]
[2025-09-07 14:48:50,463: INFO: common: yaml file: config\config.yaml loaded successfully]
[2025-09-07 14:48:50,468: INFO: common: yaml file: params.yaml loaded successfully]
[2025-09-07 14:48:50,486: INFO: common: yaml file: schema.yaml loaded successfully]
[2025-09-07 14:48:50,488: INFO: common: created directory at: artifacts]
[2025-09-07 14:48:50,489: INFO: common: created directory at: artifacts/data_validation]
[2025-09-07 14:48:51,021: INFO: main: >>>>>> stage Data Validation stage completed <<<<<<

x==========x]
[2025-09-07 14:48:51,023: INFO: main: >>>>>> stage Data Transformation stage started <<<<<<]
[2025-09-07 14:48:51,044: INFO: common: yaml file: config\config.yaml loaded successfully]
[2025-09-07 14:48:51,053: INFO: common: yaml file: params.yaml loaded successfully]
[2025-09-07 14:48:51,077: INFO: common: yaml file: schema.yaml loaded successfully]
[2025-09-07 14:48:51,084: INFO: common: created directory at: artifacts]
[2025-09-07 14:48:51,084: INFO: common: created directory at: artifacts/data_transformation]
[2025-09-07 14:48:52,475: INFO: data_transformation: Splitted data into training, validation, and test sets]
[2025-09-07 14:48:52,475: INFO: data_transformation: (5455, 96)]
[2025-09-07 14:48:52,475: INFO: data_transformation: (682, 96)]
[2025-09-07 14:48:52,480: INFO: data_transformation: (682, 96)]
[2025-09-07 14:48:52,480: INFO: main: >>>>>> stage Data Transformation stage completed <<<<<<

x==========x]
[2025-09-07 14:48:52,480: INFO: main: >>>>>> stage Model Training stage started <<<<<<]
[2025-09-07 14:48:52,490: INFO: common: yaml file: config\config.yaml loaded successfully]
[2025-09-07 14:48:52,495: INFO: common: yaml file: params.yaml loaded successfully]
[2025-09-07 14:48:52,510: INFO: common: yaml file: schema.yaml loaded successfully]
[2025-09-07 14:48:52,516: INFO: common: created directory at: artifacts]
[2025-09-07 14:48:52,518: INFO: common: created directory at: artifacts/model_train]
[2025-09-07 14:49:58,026: INFO: common: created directory at: artifacts/model_train]
[2025-09-07 14:50:21,903: INFO: main: >>>>>> stage Model Training stage completed <<<<<<

x==========x]
[2025-09-07 14:50:21,904: INFO: main: >>>>>> stage Model Evaluation stage started <<<<<<]
[2025-09-07 14:50:22,001: INFO: common: yaml file: config\config.yaml loaded successfully]
[2025-09-07 14:50:22,013: INFO: common: yaml file: params.yaml loaded successfully]
[2025-09-07 14:50:22,056: INFO: common: yaml file: schema.yaml loaded successfully]
[2025-09-07 14:50:22,058: INFO: common: created directory at: artifacts]
[2025-09-07 14:50:22,065: INFO: common: yaml file: config\config.yaml loaded successfully]
[2025-09-07 14:50:22,077: INFO: common: yaml file: params.yaml loaded successfully]
[2025-09-07 14:50:22,124: INFO: common: yaml file: schema.yaml loaded successfully]
[2025-09-07 14:50:22,128: INFO: common: created directory at: artifacts]
[2025-09-07 14:50:22,167: INFO: common: created directory at: artifacts/model_evaluation]
[2025-09-07 14:50:41,721: INFO: common: json file saved at: artifacts\model_evaluation\metrics.json]
[2025-09-07 14:50:41,780: INFO: common: yaml file: config\config.yaml loaded successfully]
[2025-09-07 14:50:41,796: INFO: common: yaml file: params.yaml loaded successfully]
[2025-09-07 14:50:41,838: INFO: common: yaml file: schema.yaml loaded successfully]
[2025-09-07 14:50:41,840: INFO: common: created directory at: artifacts]
[2025-09-07 14:50:41,841: INFO: common: created directory at: artifacts/model_evaluation]
[2025-09-07 14:51:04,145: INFO: common: json file saved at: artifacts\model_evaluation\metrics.json]
[2025-09-07 14:51:04,145: INFO: main: >>>>>> stage Model Evaluation stage completed <<<<<<

x==========x]
