[2025-09-05 11:34:17,578: INFO: main: Project initialized]
[2025-09-05 13:11:22,129: INFO: common: yaml file: config\config.yaml loaded successfully]
[2025-09-05 13:12:45,822: INFO: common: yaml file: config\config.yaml loaded successfully]
[2025-09-05 13:12:45,824: INFO: common: yaml file: params.yaml loaded successfully]
[2025-09-05 13:13:13,841: INFO: common: yaml file: config\config.yaml loaded successfully]
[2025-09-05 13:13:13,843: INFO: common: yaml file: params.yaml loaded successfully]
[2025-09-05 13:13:28,382: INFO: common: yaml file: config\config.yaml loaded successfully]
[2025-09-05 13:13:28,384: INFO: common: yaml file: params.yaml loaded successfully]
[2025-09-05 13:13:33,700: INFO: common: yaml file: config\config.yaml loaded successfully]
[2025-09-05 13:13:33,704: INFO: common: yaml file: params.yaml loaded successfully]
[2025-09-05 13:15:23,864: INFO: common: yaml file: config\config.yaml loaded successfully]
[2025-09-05 13:15:23,867: INFO: common: yaml file: params.yaml loaded successfully]
[2025-09-05 13:16:43,745: INFO: common: yaml file: config\config.yaml loaded successfully]
[2025-09-05 13:16:43,747: INFO: common: yaml file: params.yaml loaded successfully]
[2025-09-05 13:18:17,379: INFO: common: yaml file: config\config.yaml loaded successfully]
[2025-09-05 13:18:17,382: INFO: common: yaml file: params.yaml loaded successfully]
[2025-09-05 13:19:11,696: INFO: common: yaml file: config\config.yaml loaded successfully]
[2025-09-05 13:19:11,698: INFO: common: yaml file: params.yaml loaded successfully]
[2025-09-05 13:19:57,945: INFO: common: yaml file: config\config.yaml loaded successfully]
[2025-09-05 13:19:57,947: INFO: common: yaml file: params.yaml loaded successfully]
[2025-09-05 13:31:04,702: INFO: common: yaml file: config\config.yaml loaded successfully]
[2025-09-05 13:31:04,805: INFO: common: yaml file: params.yaml loaded successfully]
[2025-09-05 13:37:19,881: INFO: common: yaml file: config\config.yaml loaded successfully]
[2025-09-05 13:37:19,884: INFO: common: yaml file: params.yaml loaded successfully]
[2025-09-05 13:38:02,840: INFO: common: yaml file: config\config.yaml loaded successfully]
[2025-09-05 13:38:02,843: INFO: common: yaml file: params.yaml loaded successfully]
[2025-09-05 13:39:18,276: INFO: common: yaml file: config\config.yaml loaded successfully]
[2025-09-05 13:39:18,279: INFO: common: yaml file: params.yaml loaded successfully]
[2025-09-05 13:40:31,827: INFO: common: yaml file: config\config.yaml loaded successfully]
[2025-09-05 13:40:31,830: INFO: common: yaml file: params.yaml loaded successfully]
[2025-09-05 13:40:47,521: INFO: common: yaml file: config\config.yaml loaded successfully]
[2025-09-05 13:40:47,523: INFO: common: yaml file: params.yaml loaded successfully]
[2025-09-05 13:41:01,017: INFO: common: yaml file: schema.yaml loaded successfully]
[2025-09-05 13:47:27,682: INFO: common: yaml file: config\config.yaml loaded successfully]
[2025-09-05 13:47:27,685: INFO: common: yaml file: params.yaml loaded successfully]
[2025-09-05 13:47:49,994: INFO: common: yaml file: config\config.yaml loaded successfully]
[2025-09-05 13:47:49,997: INFO: common: yaml file: params.yaml loaded successfully]
[2025-09-05 13:48:25,684: INFO: common: yaml file: config\config.yaml loaded successfully]
[2025-09-05 13:48:25,687: INFO: common: yaml file: params.yaml loaded successfully]
[2025-09-05 13:49:37,928: INFO: common: yaml file: config\config.yaml loaded successfully]
[2025-09-05 13:49:37,931: INFO: common: yaml file: params.yaml loaded successfully]
[2025-09-05 13:50:18,865: INFO: common: yaml file: config\config.yaml loaded successfully]
[2025-09-05 13:50:18,868: INFO: common: yaml file: params.yaml loaded successfully]
[2025-09-05 13:51:16,811: INFO: common: yaml file: config\config.yaml loaded successfully]
[2025-09-05 13:51:16,814: INFO: common: yaml file: params.yaml loaded successfully]
[2025-09-05 13:52:38,183: INFO: common: yaml file: config\config.yaml loaded successfully]
[2025-09-05 13:52:38,186: INFO: common: yaml file: params.yaml loaded successfully]
[2025-09-05 13:54:33,257: INFO: common: yaml file: config\config.yaml loaded successfully]
[2025-09-05 13:54:33,261: INFO: common: yaml file: params.yaml loaded successfully]
[2025-09-05 13:54:58,690: INFO: common: yaml file: config\config.yaml loaded successfully]
[2025-09-05 13:54:58,693: INFO: common: yaml file: params.yaml loaded successfully]
[2025-09-05 13:55:31,468: INFO: common: yaml file: config\config.yaml loaded successfully]
[2025-09-05 13:55:31,473: INFO: common: yaml file: params.yaml loaded successfully]
[2025-09-05 13:55:43,418: INFO: common: yaml file: config\config.yaml loaded successfully]
[2025-09-05 13:55:43,421: INFO: common: yaml file: params.yaml loaded successfully]
[2025-09-05 13:56:09,245: INFO: common: yaml file: config\config.yaml loaded successfully]
[2025-09-05 13:56:09,248: INFO: common: yaml file: params.yaml loaded successfully]
[2025-09-05 14:01:05,046: INFO: common: yaml file: config\config.yaml loaded successfully]
[2025-09-05 14:01:05,142: INFO: common: created directory at: artifacts]
[2025-09-05 14:01:35,513: INFO: common: yaml file: config\config.yaml loaded successfully]
[2025-09-05 14:01:35,516: INFO: common: yaml file: params.yaml loaded successfully]
[2025-09-05 14:02:32,226: INFO: common: yaml file: config\config.yaml loaded successfully]
[2025-09-05 14:02:32,245: INFO: common: yaml file: params.yaml loaded successfully]
[2025-09-05 14:02:32,248: INFO: common: created directory at: artifacts]
[2025-09-05 14:02:59,485: INFO: common: yaml file: config\config.yaml loaded successfully]
[2025-09-05 14:02:59,489: INFO: common: yaml file: params.yaml loaded successfully]
[2025-09-05 14:02:59,491: INFO: common: yaml file: params.yaml loaded successfully]
[2025-09-05 14:02:59,494: INFO: common: created directory at: artifacts]
[2025-09-05 14:03:08,179: INFO: common: yaml file: config\config.yaml loaded successfully]
[2025-09-05 14:03:08,183: INFO: common: yaml file: params.yaml loaded successfully]
[2025-09-05 14:03:08,187: INFO: common: yaml file: params.yaml loaded successfully]
[2025-09-05 14:03:08,190: INFO: common: created directory at: artifacts]
[2025-09-05 14:03:08,195: INFO: common: created directory at: artifacts/data_ingestion]
[2025-09-05 17:38:00,916: INFO: main: >>>>>> stage Data Ingestion stage started <<<<<<]
[2025-09-05 17:38:00,939: INFO: common: yaml file: config\config.yaml loaded successfully]
[2025-09-05 17:38:00,966: INFO: common: yaml file: params.yaml loaded successfully]
[2025-09-05 17:38:00,990: INFO: common: yaml file: schema.yaml loaded successfully]
[2025-09-05 17:38:00,995: INFO: common: created directory at: artifacts]
[2025-09-05 17:38:00,997: INFO: common: created directory at: artifacts/data_ingestion]
[2025-09-05 17:38:02,593: INFO: main: >>>>>> stage Data Ingestion stage completed <<<<<<

x==========x]
[2025-09-05 17:39:46,103: INFO: main: >>>>>> stage Data Ingestion stage started <<<<<<]
[2025-09-05 17:39:46,107: INFO: common: yaml file: config\config.yaml loaded successfully]
[2025-09-05 17:39:46,110: INFO: common: yaml file: params.yaml loaded successfully]
[2025-09-05 17:39:46,124: INFO: common: yaml file: schema.yaml loaded successfully]
[2025-09-05 17:39:46,130: INFO: common: created directory at: artifacts]
[2025-09-05 17:39:46,131: INFO: common: created directory at: artifacts/data_ingestion]
[2025-09-05 17:39:47,034: INFO: main: >>>>>> stage Data Ingestion stage completed <<<<<<

x==========x]
[2025-09-06 13:13:30,930: INFO: common: yaml file: config\config.yaml loaded successfully]
[2025-09-06 13:13:30,994: INFO: common: yaml file: params.yaml loaded successfully]
[2025-09-06 13:13:31,058: INFO: common: yaml file: schema.yaml loaded successfully]
[2025-09-06 13:13:31,083: INFO: common: created directory at: artifacts]
[2025-09-06 13:13:31,086: INFO: common: created directory at: artifacts/data_validation]
[2025-09-06 13:14:54,455: INFO: common: yaml file: config\config.yaml loaded successfully]
[2025-09-06 13:14:54,486: INFO: common: yaml file: params.yaml loaded successfully]
[2025-09-06 13:14:54,510: INFO: common: yaml file: schema.yaml loaded successfully]
[2025-09-06 13:14:54,538: INFO: common: created directory at: artifacts]
[2025-09-06 13:14:54,545: INFO: common: created directory at: artifacts/data_validation]
[2025-09-06 13:16:25,596: INFO: common: yaml file: config\config.yaml loaded successfully]
[2025-09-06 13:16:25,618: INFO: common: yaml file: params.yaml loaded successfully]
[2025-09-06 13:16:25,631: INFO: common: yaml file: schema.yaml loaded successfully]
[2025-09-06 13:16:25,653: INFO: common: created directory at: artifacts]
[2025-09-06 13:16:25,654: INFO: common: created directory at: artifacts/data_validation]
[2025-09-06 13:16:52,490: INFO: common: yaml file: config\config.yaml loaded successfully]
[2025-09-06 13:16:52,493: INFO: common: yaml file: params.yaml loaded successfully]
[2025-09-06 13:16:52,504: INFO: common: yaml file: schema.yaml loaded successfully]
[2025-09-06 13:16:52,508: INFO: common: created directory at: artifacts]
[2025-09-06 13:16:52,510: INFO: common: created directory at: artifacts/data_validation]
[2025-09-06 13:17:09,048: INFO: common: yaml file: config\config.yaml loaded successfully]
[2025-09-06 13:17:09,051: INFO: common: yaml file: params.yaml loaded successfully]
[2025-09-06 13:17:09,065: INFO: common: yaml file: schema.yaml loaded successfully]
[2025-09-06 13:17:09,067: INFO: common: created directory at: artifacts]
[2025-09-06 13:17:09,070: INFO: common: created directory at: artifacts/data_validation]
[2025-09-06 13:17:50,929: INFO: common: yaml file: config\config.yaml loaded successfully]
[2025-09-06 13:17:50,952: INFO: common: yaml file: params.yaml loaded successfully]
[2025-09-06 13:17:50,965: INFO: common: yaml file: schema.yaml loaded successfully]
[2025-09-06 13:17:50,986: INFO: common: created directory at: artifacts]
[2025-09-06 13:17:50,988: INFO: common: created directory at: artifacts/data_validation]
[2025-09-06 13:18:07,225: INFO: common: yaml file: config\config.yaml loaded successfully]
[2025-09-06 13:18:07,229: INFO: common: yaml file: params.yaml loaded successfully]
[2025-09-06 13:18:07,238: INFO: common: yaml file: schema.yaml loaded successfully]
[2025-09-06 13:18:07,246: INFO: common: created directory at: artifacts]
[2025-09-06 13:18:07,251: INFO: common: created directory at: artifacts/data_validation]
[2025-09-06 13:19:57,892: INFO: common: yaml file: config\config.yaml loaded successfully]
[2025-09-06 13:19:57,896: INFO: common: yaml file: params.yaml loaded successfully]
[2025-09-06 13:19:57,910: INFO: common: yaml file: schema.yaml loaded successfully]
[2025-09-06 13:19:57,913: INFO: common: created directory at: artifacts]
[2025-09-06 13:19:57,915: INFO: common: created directory at: artifacts/data_validation]
[2025-09-06 13:32:42,797: INFO: main: >>>>>> stage Data Ingestion stage started <<<<<<]
[2025-09-06 13:32:42,812: INFO: common: yaml file: config\config.yaml loaded successfully]
[2025-09-06 13:32:42,849: INFO: common: yaml file: params.yaml loaded successfully]
[2025-09-06 13:32:42,876: INFO: common: yaml file: schema.yaml loaded successfully]
[2025-09-06 13:32:42,898: INFO: common: created directory at: artifacts]
[2025-09-06 13:32:42,900: INFO: common: created directory at: artifacts/data_ingestion]
[2025-09-06 13:32:43,666: INFO: main: >>>>>> stage Data Ingestion stage completed <<<<<<

x==========x]
[2025-09-06 13:32:43,666: INFO: main: >>>>>> stage Data Validation stage started <<<<<<]
[2025-09-06 13:32:43,670: INFO: common: yaml file: config\config.yaml loaded successfully]
[2025-09-06 13:32:43,673: INFO: common: yaml file: params.yaml loaded successfully]
[2025-09-06 13:32:43,684: INFO: common: yaml file: schema.yaml loaded successfully]
[2025-09-06 13:32:43,688: INFO: common: created directory at: artifacts]
[2025-09-06 13:32:43,689: INFO: common: created directory at: artifacts/data_validation]
[2025-09-06 13:32:47,359: INFO: main: >>>>>> stage Data Validation stage completed <<<<<<

x==========x]
[2025-09-06 15:08:14,364: INFO: common: yaml file: config\config.yaml loaded successfully]
[2025-09-06 15:08:14,429: INFO: common: yaml file: params.yaml loaded successfully]
[2025-09-06 15:08:14,462: INFO: common: yaml file: schema.yaml loaded successfully]
[2025-09-06 15:08:14,493: INFO: common: created directory at: artifacts]
[2025-09-06 15:08:14,500: INFO: common: created directory at: artifacts/data_transformation]
[2025-09-06 15:08:34,737: INFO: 4111175371: Splitted data into training, validation, and test sets]
[2025-09-06 15:08:34,800: INFO: 4111175371: (464809, 55)]
[2025-09-06 15:08:34,802: INFO: 4111175371: (58101, 55)]
[2025-09-06 15:08:34,804: INFO: 4111175371: (58102, 55)]
[2025-09-06 15:18:22,413: INFO: main: >>>>>> stage Data Ingestion stage started <<<<<<]
[2025-09-06 15:18:22,437: INFO: common: yaml file: config\config.yaml loaded successfully]
[2025-09-06 15:18:22,482: INFO: common: yaml file: params.yaml loaded successfully]
[2025-09-06 15:18:22,533: INFO: common: yaml file: schema.yaml loaded successfully]
[2025-09-06 15:18:22,560: INFO: common: created directory at: artifacts]
[2025-09-06 15:18:22,565: INFO: common: created directory at: artifacts/data_ingestion]
[2025-09-06 15:18:23,782: INFO: main: >>>>>> stage Data Ingestion stage completed <<<<<<

x==========x]
[2025-09-06 15:18:23,786: INFO: main: >>>>>> stage Data Validation stage started <<<<<<]
[2025-09-06 15:18:23,797: INFO: common: yaml file: config\config.yaml loaded successfully]
[2025-09-06 15:18:23,803: INFO: common: yaml file: params.yaml loaded successfully]
[2025-09-06 15:18:23,825: INFO: common: yaml file: schema.yaml loaded successfully]
[2025-09-06 15:18:23,833: INFO: common: created directory at: artifacts]
[2025-09-06 15:18:23,833: INFO: common: created directory at: artifacts/data_validation]
[2025-09-06 15:18:29,653: INFO: main: >>>>>> stage Data Validation stage completed <<<<<<

x==========x]
[2025-09-06 15:18:29,656: INFO: main: >>>>>> stage Data Transformation stage started <<<<<<]
[2025-09-06 15:18:29,662: INFO: common: yaml file: config\config.yaml loaded successfully]
[2025-09-06 15:18:29,669: INFO: common: yaml file: params.yaml loaded successfully]
[2025-09-06 15:18:29,747: INFO: common: yaml file: schema.yaml loaded successfully]
[2025-09-06 15:18:29,782: INFO: common: created directory at: artifacts]
[2025-09-06 15:18:29,811: INFO: common: created directory at: artifacts/data_transformation]
[2025-09-06 15:18:59,151: INFO: data_transformation: Splitted data into training, validation, and test sets]
[2025-09-06 15:18:59,161: INFO: data_transformation: (464809, 55)]
[2025-09-06 15:18:59,163: INFO: data_transformation: (58101, 55)]
[2025-09-06 15:18:59,164: INFO: data_transformation: (58102, 55)]
[2025-09-06 15:18:59,296: INFO: main: >>>>>> stage Data Transformation stage completed <<<<<<

x==========x]
[2025-09-06 15:23:46,509: INFO: common: yaml file: config\config.yaml loaded successfully]
[2025-09-06 15:23:46,617: INFO: common: yaml file: params.yaml loaded successfully]
[2025-09-06 15:23:46,659: INFO: common: yaml file: schema.yaml loaded successfully]
[2025-09-06 15:23:46,662: INFO: common: created directory at: artifacts]
[2025-09-06 15:23:46,666: INFO: common: created directory at: artifacts/data_validation]
[2025-09-06 15:27:19,528: INFO: main: >>>>>> stage Data Ingestion stage started <<<<<<]
[2025-09-06 15:27:19,535: INFO: common: yaml file: config\config.yaml loaded successfully]
[2025-09-06 15:27:19,542: INFO: common: yaml file: params.yaml loaded successfully]
[2025-09-06 15:27:19,560: INFO: common: yaml file: schema.yaml loaded successfully]
[2025-09-06 15:27:19,560: INFO: common: created directory at: artifacts]
[2025-09-06 15:27:19,560: INFO: common: created directory at: artifacts/data_ingestion]
[2025-09-06 15:27:20,339: INFO: main: >>>>>> stage Data Ingestion stage completed <<<<<<

x==========x]
[2025-09-06 15:27:20,340: INFO: main: >>>>>> stage Data Validation stage started <<<<<<]
[2025-09-06 15:27:20,344: INFO: common: yaml file: config\config.yaml loaded successfully]
[2025-09-06 15:27:20,346: INFO: common: yaml file: params.yaml loaded successfully]
[2025-09-06 15:27:20,355: INFO: common: yaml file: schema.yaml loaded successfully]
[2025-09-06 15:27:20,360: INFO: common: created directory at: artifacts]
[2025-09-06 15:27:20,360: INFO: common: created directory at: artifacts/data_validation]
[2025-09-06 15:27:23,914: INFO: main: >>>>>> stage Data Validation stage completed <<<<<<

x==========x]
[2025-09-06 15:27:23,934: INFO: main: >>>>>> stage Data Transformation stage started <<<<<<]
[2025-09-06 15:27:23,968: INFO: common: yaml file: config\config.yaml loaded successfully]
[2025-09-06 15:27:23,975: INFO: common: yaml file: params.yaml loaded successfully]
[2025-09-06 15:27:24,014: INFO: common: yaml file: schema.yaml loaded successfully]
[2025-09-06 15:27:24,017: INFO: common: created directory at: artifacts]
[2025-09-06 15:27:24,017: INFO: common: created directory at: artifacts/data_transformation]
[2025-09-06 15:27:44,704: INFO: data_transformation: Splitted data into training, validation, and test sets]
[2025-09-06 15:27:45,019: INFO: data_transformation: (464809, 55)]
[2025-09-06 15:27:45,402: INFO: data_transformation: (58101, 55)]
[2025-09-06 15:27:45,612: INFO: data_transformation: (58102, 55)]
[2025-09-06 15:27:46,369: INFO: main: >>>>>> stage Data Transformation stage completed <<<<<<

x==========x]
[2025-09-06 15:29:02,479: INFO: main: >>>>>> stage Data Ingestion stage started <<<<<<]
[2025-09-06 15:29:02,484: INFO: common: yaml file: config\config.yaml loaded successfully]
[2025-09-06 15:29:02,498: INFO: common: yaml file: params.yaml loaded successfully]
[2025-09-06 15:29:02,523: INFO: common: yaml file: schema.yaml loaded successfully]
[2025-09-06 15:29:02,525: INFO: common: created directory at: artifacts]
[2025-09-06 15:29:02,527: INFO: common: created directory at: artifacts/data_ingestion]
[2025-09-06 15:29:03,328: INFO: main: >>>>>> stage Data Ingestion stage completed <<<<<<

x==========x]
[2025-09-06 15:29:03,329: INFO: main: >>>>>> stage Data Validation stage started <<<<<<]
[2025-09-06 15:29:03,334: INFO: common: yaml file: config\config.yaml loaded successfully]
[2025-09-06 15:29:03,337: INFO: common: yaml file: params.yaml loaded successfully]
[2025-09-06 15:29:03,357: INFO: common: yaml file: schema.yaml loaded successfully]
[2025-09-06 15:29:03,362: INFO: common: created directory at: artifacts]
[2025-09-06 15:29:03,362: INFO: common: created directory at: artifacts/data_validation]
[2025-09-06 15:29:08,025: INFO: main: >>>>>> stage Data Validation stage completed <<<<<<

x==========x]
[2025-09-06 15:29:08,041: INFO: main: >>>>>> stage Data Transformation stage started <<<<<<]
[2025-09-06 15:29:08,124: INFO: common: yaml file: config\config.yaml loaded successfully]
[2025-09-06 15:29:08,133: INFO: common: yaml file: params.yaml loaded successfully]
[2025-09-06 15:29:08,158: INFO: common: yaml file: schema.yaml loaded successfully]
[2025-09-06 15:29:08,159: INFO: common: created directory at: artifacts]
[2025-09-06 15:29:08,160: INFO: common: created directory at: artifacts/data_transformation]
[2025-09-06 15:29:24,801: INFO: data_transformation: Splitted data into training, validation, and test sets]
[2025-09-06 15:29:24,827: INFO: data_transformation: (464809, 55)]
[2025-09-06 15:29:24,827: INFO: data_transformation: (58101, 55)]
[2025-09-06 15:29:24,827: INFO: data_transformation: (58102, 55)]
[2025-09-06 15:29:24,918: INFO: main: >>>>>> stage Data Transformation stage completed <<<<<<

x==========x]
[2025-09-06 15:30:33,825: INFO: main: >>>>>> stage Data Ingestion stage started <<<<<<]
[2025-09-06 15:30:33,837: INFO: common: yaml file: config\config.yaml loaded successfully]
[2025-09-06 15:30:33,869: INFO: common: yaml file: params.yaml loaded successfully]
[2025-09-06 15:30:33,907: INFO: common: yaml file: schema.yaml loaded successfully]
[2025-09-06 15:30:33,918: INFO: common: created directory at: artifacts]
[2025-09-06 15:30:33,941: INFO: common: created directory at: artifacts/data_ingestion]
[2025-09-06 15:30:34,623: INFO: main: >>>>>> stage Data Ingestion stage completed <<<<<<

x==========x]
[2025-09-06 15:30:34,627: INFO: main: >>>>>> stage Data Validation stage started <<<<<<]
[2025-09-06 15:30:34,635: INFO: common: yaml file: config\config.yaml loaded successfully]
[2025-09-06 15:30:34,637: INFO: common: yaml file: params.yaml loaded successfully]
[2025-09-06 15:30:34,654: INFO: common: yaml file: schema.yaml loaded successfully]
[2025-09-06 15:30:34,657: INFO: common: created directory at: artifacts]
[2025-09-06 15:30:34,659: INFO: common: created directory at: artifacts/data_validation]
[2025-09-06 15:30:37,894: INFO: main: >>>>>> stage Data Validation stage completed <<<<<<

x==========x]
[2025-09-06 15:30:37,895: INFO: main: >>>>>> stage Data Transformation stage started <<<<<<]
[2025-09-06 15:30:37,899: ERROR: main: Your dataset hasn't been successfully validated.]
Traceback (most recent call last):
  File "D:\Courses\Udemy\Complete MLOps Bootcamp\Projects\7_End to End Projects\end-to-end-data-science-project\main.py", line 32, in <module>
    data_transformation.initiate_data_transformation()
  File "D:\Courses\Udemy\Complete MLOps Bootcamp\Projects\7_End to End Projects\end-to-end-data-science-project\src\project\pipeline\data_transformation.py", line 29, in initiate_data_transformation
    raise e
  File "D:\Courses\Udemy\Complete MLOps Bootcamp\Projects\7_End to End Projects\end-to-end-data-science-project\src\project\pipeline\data_transformation.py", line 27, in initiate_data_transformation
    raise Exception("Your dataset hasn't been successfully validated.")
Exception: Your dataset hasn't been successfully validated.
[2025-09-06 15:45:30,556: INFO: common: yaml file: config\config.yaml loaded successfully]
[2025-09-06 15:45:30,562: INFO: common: yaml file: params.yaml loaded successfully]
[2025-09-06 15:45:30,586: INFO: common: yaml file: schema.yaml loaded successfully]
[2025-09-06 15:45:30,615: INFO: common: created directory at: artifacts]
[2025-09-06 15:45:30,618: INFO: common: created directory at: artifacts/model_train]
[2025-09-06 15:53:35,690: INFO: main: >>>>>> stage Data Ingestion stage started <<<<<<]
[2025-09-06 15:53:35,713: INFO: common: yaml file: config\config.yaml loaded successfully]
[2025-09-06 15:53:35,727: INFO: common: yaml file: params.yaml loaded successfully]
[2025-09-06 15:53:35,764: INFO: common: yaml file: schema.yaml loaded successfully]
[2025-09-06 15:53:35,769: INFO: common: created directory at: artifacts]
[2025-09-06 15:53:35,769: INFO: common: created directory at: artifacts/data_ingestion]
[2025-09-06 15:53:36,501: INFO: main: >>>>>> stage Data Ingestion stage completed <<<<<<

x==========x]
[2025-09-06 15:53:36,506: INFO: main: >>>>>> stage Data Validation stage started <<<<<<]
[2025-09-06 15:53:36,514: INFO: common: yaml file: config\config.yaml loaded successfully]
[2025-09-06 15:53:36,517: INFO: common: yaml file: params.yaml loaded successfully]
[2025-09-06 15:53:36,533: INFO: common: yaml file: schema.yaml loaded successfully]
[2025-09-06 15:53:36,535: INFO: common: created directory at: artifacts]
[2025-09-06 15:53:36,535: INFO: common: created directory at: artifacts/data_validation]
[2025-09-06 15:53:47,121: INFO: main: >>>>>> stage Data Validation stage completed <<<<<<

x==========x]
[2025-09-06 15:53:47,153: INFO: main: >>>>>> stage Data Transformation stage started <<<<<<]
[2025-09-06 15:53:47,290: INFO: common: yaml file: config\config.yaml loaded successfully]
[2025-09-06 15:53:47,295: INFO: common: yaml file: params.yaml loaded successfully]
[2025-09-06 15:53:47,312: INFO: common: yaml file: schema.yaml loaded successfully]
[2025-09-06 15:53:47,352: INFO: common: created directory at: artifacts]
[2025-09-06 15:53:47,358: INFO: common: created directory at: artifacts/data_transformation]
[2025-09-06 15:54:04,919: INFO: data_transformation: Splitted data into training, validation, and test sets]
[2025-09-06 15:54:04,923: INFO: data_transformation: (464809, 55)]
[2025-09-06 15:54:04,925: INFO: data_transformation: (58101, 55)]
[2025-09-06 15:54:04,928: INFO: data_transformation: (58102, 55)]
[2025-09-06 15:54:04,994: INFO: main: >>>>>> stage Data Transformation stage completed <<<<<<

x==========x]
[2025-09-06 15:54:04,994: INFO: main: >>>>>> stage Model Training stage started <<<<<<]
[2025-09-06 15:54:05,001: INFO: common: yaml file: config\config.yaml loaded successfully]
[2025-09-06 15:54:05,004: INFO: common: yaml file: params.yaml loaded successfully]
[2025-09-06 15:54:05,022: INFO: common: yaml file: schema.yaml loaded successfully]
[2025-09-06 15:54:05,025: INFO: common: created directory at: artifacts]
[2025-09-06 15:54:05,030: INFO: common: created directory at: artifacts/model_train]
[2025-09-06 15:54:15,568: INFO: main: >>>>>> stage Model Training stage completed <<<<<<

x==========x]
[2025-09-06 19:06:18,810: INFO: main: >>>>>> stage Data Ingestion stage started <<<<<<]
[2025-09-06 19:06:18,893: INFO: common: yaml file: config\config.yaml loaded successfully]
[2025-09-06 19:06:18,943: INFO: common: yaml file: params.yaml loaded successfully]
[2025-09-06 19:06:19,028: INFO: common: yaml file: schema.yaml loaded successfully]
[2025-09-06 19:06:19,031: INFO: common: created directory at: artifacts]
[2025-09-06 19:06:19,040: INFO: common: created directory at: artifacts/data_ingestion]
[2025-09-06 19:06:20,086: INFO: main: >>>>>> stage Data Ingestion stage completed <<<<<<

x==========x]
[2025-09-06 19:06:20,088: INFO: main: >>>>>> stage Data Validation stage started <<<<<<]
[2025-09-06 19:06:20,098: INFO: common: yaml file: config\config.yaml loaded successfully]
[2025-09-06 19:06:20,108: INFO: common: yaml file: params.yaml loaded successfully]
[2025-09-06 19:06:20,186: INFO: common: yaml file: schema.yaml loaded successfully]
[2025-09-06 19:06:20,292: INFO: common: created directory at: artifacts]
[2025-09-06 19:06:20,378: INFO: common: created directory at: artifacts/data_validation]
[2025-09-06 19:06:28,071: INFO: main: >>>>>> stage Data Validation stage completed <<<<<<

x==========x]
[2025-09-06 19:06:28,107: INFO: main: >>>>>> stage Data Transformation stage started <<<<<<]
[2025-09-06 19:06:28,314: INFO: common: yaml file: config\config.yaml loaded successfully]
[2025-09-06 19:06:28,327: INFO: common: yaml file: params.yaml loaded successfully]
[2025-09-06 19:06:28,352: INFO: common: yaml file: schema.yaml loaded successfully]
[2025-09-06 19:06:28,354: INFO: common: created directory at: artifacts]
[2025-09-06 19:06:28,381: INFO: common: created directory at: artifacts/data_transformation]
[2025-09-06 19:07:09,803: INFO: data_transformation: Splitted data into training, validation, and test sets]
[2025-09-06 19:07:09,908: INFO: data_transformation: (464809, 55)]
[2025-09-06 19:07:10,140: INFO: data_transformation: (58101, 55)]
[2025-09-06 19:07:10,261: INFO: data_transformation: (58102, 55)]
[2025-09-06 19:07:10,748: INFO: main: >>>>>> stage Data Transformation stage completed <<<<<<

x==========x]
[2025-09-06 19:07:10,842: INFO: main: >>>>>> stage Model Training stage started <<<<<<]
[2025-09-06 19:07:10,918: INFO: common: yaml file: config\config.yaml loaded successfully]
[2025-09-06 19:07:10,956: INFO: common: yaml file: params.yaml loaded successfully]
[2025-09-06 19:07:11,187: INFO: common: yaml file: schema.yaml loaded successfully]
[2025-09-06 19:07:11,259: INFO: common: created directory at: artifacts]
[2025-09-06 19:07:11,351: ERROR: main: "'ConfigBox' object has no attribute 'model_type'"]
Traceback (most recent call last):
  File "box\\box.py", line 594, in box.box.Box.__getitem__
KeyError: 'model_type'

The above exception was the direct cause of the following exception:

Traceback (most recent call last):
  File "box\\box.py", line 633, in box.box.Box.__getattr__
  File "box\\box.py", line 621, in box.box.Box.__getitem__
box.exceptions.BoxKeyError: "'model_type'"

During handling of the above exception, another exception occurred:

Traceback (most recent call last):
  File "box\\box.py", line 635, in box.box.Box.__getattr__
AttributeError: 'ConfigBox' object has no attribute 'model_type'

The above exception was the direct cause of the following exception:

Traceback (most recent call last):
  File "box\\config_box.py", line 29, in box.config_box.ConfigBox.__getattr__
  File "box\\box.py", line 649, in box.box.Box.__getattr__
box.exceptions.BoxKeyError: "'ConfigBox' object has no attribute 'model_type'"

During handling of the above exception, another exception occurred:

Traceback (most recent call last):
  File "box\\box.py", line 594, in box.box.Box.__getitem__
KeyError: 'model_type'

The above exception was the direct cause of the following exception:

Traceback (most recent call last):
  File "box\\box.py", line 633, in box.box.Box.__getattr__
  File "box\\box.py", line 621, in box.box.Box.__getitem__
box.exceptions.BoxKeyError: "'model_type'"

During handling of the above exception, another exception occurred:

Traceback (most recent call last):
  File "box\\box.py", line 635, in box.box.Box.__getattr__
AttributeError: 'ConfigBox' object has no attribute 'model_type'

The above exception was the direct cause of the following exception:

Traceback (most recent call last):
  File "D:\Courses\Udemy\Complete MLOps Bootcamp\Projects\7_End to End Projects\end-to-end-data-science-project\main.py", line 46, in <module>
    model_training.initiate_model_training()
  File "D:\Courses\Udemy\Complete MLOps Bootcamp\Projects\7_End to End Projects\end-to-end-data-science-project\src\project\pipeline\model_train.py", line 28, in initiate_model_training
    raise e
  File "D:\Courses\Udemy\Complete MLOps Bootcamp\Projects\7_End to End Projects\end-to-end-data-science-project\src\project\pipeline\model_train.py", line 22, in initiate_model_training
    model_train_config = config.get_model_train_config()
  File "D:\Courses\Udemy\Complete MLOps Bootcamp\Projects\7_End to End Projects\end-to-end-data-science-project\src\project\config\configuration.py", line 61, in get_model_train_config
    if config.model_type == "RandomForest":
  File "box\\config_box.py", line 31, in box.config_box.ConfigBox.__getattr__
  File "box\\box.py", line 649, in box.box.Box.__getattr__
box.exceptions.BoxKeyError: "'ConfigBox' object has no attribute 'model_type'"
[2025-09-06 19:21:31,290: INFO: main: >>>>>> stage Data Ingestion stage started <<<<<<]
[2025-09-06 19:21:31,327: INFO: common: yaml file: config\config.yaml loaded successfully]
[2025-09-06 19:21:31,382: INFO: common: yaml file: params.yaml loaded successfully]
[2025-09-06 19:21:31,439: INFO: common: yaml file: schema.yaml loaded successfully]
[2025-09-06 19:21:31,441: INFO: common: created directory at: artifacts]
[2025-09-06 19:21:31,441: INFO: common: created directory at: artifacts/data_ingestion]
[2025-09-06 19:21:32,127: INFO: main: >>>>>> stage Data Ingestion stage completed <<<<<<

x==========x]
[2025-09-06 19:21:32,128: INFO: main: >>>>>> stage Data Validation stage started <<<<<<]
[2025-09-06 19:21:32,146: INFO: common: yaml file: config\config.yaml loaded successfully]
[2025-09-06 19:21:32,159: INFO: common: yaml file: params.yaml loaded successfully]
[2025-09-06 19:21:32,213: INFO: common: yaml file: schema.yaml loaded successfully]
[2025-09-06 19:21:32,218: INFO: common: created directory at: artifacts]
[2025-09-06 19:21:32,227: INFO: common: created directory at: artifacts/data_validation]
[2025-09-06 19:21:35,916: INFO: main: >>>>>> stage Data Validation stage completed <<<<<<

x==========x]
[2025-09-06 19:21:35,917: INFO: main: >>>>>> stage Data Transformation stage started <<<<<<]
[2025-09-06 19:21:35,929: INFO: common: yaml file: config\config.yaml loaded successfully]
[2025-09-06 19:21:35,983: INFO: common: yaml file: params.yaml loaded successfully]
[2025-09-06 19:21:36,107: INFO: common: yaml file: schema.yaml loaded successfully]
[2025-09-06 19:21:36,124: INFO: common: created directory at: artifacts]
[2025-09-06 19:21:36,133: INFO: common: created directory at: artifacts/data_transformation]
[2025-09-06 19:21:52,596: INFO: data_transformation: Splitted data into training, validation, and test sets]
[2025-09-06 19:21:52,597: INFO: data_transformation: (464809, 55)]
[2025-09-06 19:21:52,598: INFO: data_transformation: (58101, 55)]
[2025-09-06 19:21:52,599: INFO: data_transformation: (58102, 55)]
[2025-09-06 19:21:52,667: INFO: main: >>>>>> stage Data Transformation stage completed <<<<<<

x==========x]
[2025-09-06 19:21:52,669: INFO: main: >>>>>> stage Model Training stage started <<<<<<]
[2025-09-06 19:21:52,675: INFO: common: yaml file: config\config.yaml loaded successfully]
[2025-09-06 19:21:52,682: INFO: common: yaml file: params.yaml loaded successfully]
[2025-09-06 19:21:52,698: INFO: common: yaml file: schema.yaml loaded successfully]
[2025-09-06 19:21:52,700: INFO: common: created directory at: artifacts]
[2025-09-06 19:21:52,701: ERROR: main: ConfigurationManager.get_model_train_config() missing 1 required positional argument: 'model_type']
Traceback (most recent call last):
  File "D:\Courses\Udemy\Complete MLOps Bootcamp\Projects\7_End to End Projects\end-to-end-data-science-project\main.py", line 46, in <module>
    model_training.initiate_model_training()
  File "D:\Courses\Udemy\Complete MLOps Bootcamp\Projects\7_End to End Projects\end-to-end-data-science-project\src\project\pipeline\model_train.py", line 28, in initiate_model_training
    raise e
  File "D:\Courses\Udemy\Complete MLOps Bootcamp\Projects\7_End to End Projects\end-to-end-data-science-project\src\project\pipeline\model_train.py", line 22, in initiate_model_training
    model_train_config = config.get_model_train_config()
TypeError: ConfigurationManager.get_model_train_config() missing 1 required positional argument: 'model_type'
[2025-09-06 19:23:38,831: INFO: main: >>>>>> stage Data Ingestion stage started <<<<<<]
[2025-09-06 19:23:38,838: INFO: common: yaml file: config\config.yaml loaded successfully]
[2025-09-06 19:23:38,843: INFO: common: yaml file: params.yaml loaded successfully]
[2025-09-06 19:23:38,856: INFO: common: yaml file: schema.yaml loaded successfully]
[2025-09-06 19:23:38,857: INFO: common: created directory at: artifacts]
[2025-09-06 19:23:38,858: INFO: common: created directory at: artifacts/data_ingestion]
[2025-09-06 19:23:39,323: INFO: main: >>>>>> stage Data Ingestion stage completed <<<<<<

x==========x]
[2025-09-06 19:23:39,325: INFO: main: >>>>>> stage Data Validation stage started <<<<<<]
[2025-09-06 19:23:39,335: INFO: common: yaml file: config\config.yaml loaded successfully]
[2025-09-06 19:23:39,342: INFO: common: yaml file: params.yaml loaded successfully]
[2025-09-06 19:23:39,356: INFO: common: yaml file: schema.yaml loaded successfully]
[2025-09-06 19:23:39,357: INFO: common: created directory at: artifacts]
[2025-09-06 19:23:39,358: INFO: common: created directory at: artifacts/data_validation]
[2025-09-06 19:23:42,617: INFO: main: >>>>>> stage Data Validation stage completed <<<<<<

x==========x]
[2025-09-06 19:23:42,620: INFO: main: >>>>>> stage Data Transformation stage started <<<<<<]
[2025-09-06 19:23:42,637: INFO: common: yaml file: config\config.yaml loaded successfully]
[2025-09-06 19:23:42,650: INFO: common: yaml file: params.yaml loaded successfully]
[2025-09-06 19:23:42,674: INFO: common: yaml file: schema.yaml loaded successfully]
[2025-09-06 19:23:42,683: INFO: common: created directory at: artifacts]
[2025-09-06 19:23:42,686: INFO: common: created directory at: artifacts/data_transformation]
[2025-09-06 19:23:58,835: INFO: data_transformation: Splitted data into training, validation, and test sets]
[2025-09-06 19:23:58,842: INFO: data_transformation: (464809, 55)]
[2025-09-06 19:23:58,843: INFO: data_transformation: (58101, 55)]
[2025-09-06 19:23:58,846: INFO: data_transformation: (58102, 55)]
[2025-09-06 19:23:58,967: INFO: main: >>>>>> stage Data Transformation stage completed <<<<<<

x==========x]
[2025-09-06 19:23:58,971: INFO: main: >>>>>> stage Model Training stage started <<<<<<]
[2025-09-06 19:23:58,980: INFO: common: yaml file: config\config.yaml loaded successfully]
[2025-09-06 19:23:58,991: INFO: common: yaml file: params.yaml loaded successfully]
[2025-09-06 19:23:59,012: INFO: common: yaml file: schema.yaml loaded successfully]
[2025-09-06 19:23:59,014: INFO: common: created directory at: artifacts]
[2025-09-06 19:23:59,015: INFO: common: created directory at: artifacts/model_train]
[2025-09-06 19:23:59,016: ERROR: main: ModelTrainConfig.__init__() got an unexpected keyword argument 'n_estimators']
Traceback (most recent call last):
  File "D:\Courses\Udemy\Complete MLOps Bootcamp\Projects\7_End to End Projects\end-to-end-data-science-project\main.py", line 46, in <module>
    model_training.initiate_model_training()
  File "D:\Courses\Udemy\Complete MLOps Bootcamp\Projects\7_End to End Projects\end-to-end-data-science-project\src\project\pipeline\model_train.py", line 42, in initiate_model_training
    raise e
  File "D:\Courses\Udemy\Complete MLOps Bootcamp\Projects\7_End to End Projects\end-to-end-data-science-project\src\project\pipeline\model_train.py", line 24, in initiate_model_training
    model_train_config = config.get_model_train_config(model_type)
  File "D:\Courses\Udemy\Complete MLOps Bootcamp\Projects\7_End to End Projects\end-to-end-data-science-project\src\project\config\configuration.py", line 71, in get_model_train_config
    model_train_config = ModelTrainConfig(
TypeError: ModelTrainConfig.__init__() got an unexpected keyword argument 'n_estimators'
[2025-09-06 19:35:35,849: INFO: main: >>>>>> stage Data Ingestion stage started <<<<<<]
[2025-09-06 19:35:35,877: INFO: common: yaml file: config\config.yaml loaded successfully]
[2025-09-06 19:35:35,920: INFO: common: yaml file: params.yaml loaded successfully]
[2025-09-06 19:35:35,967: INFO: common: yaml file: schema.yaml loaded successfully]
[2025-09-06 19:35:35,969: INFO: common: created directory at: artifacts]
[2025-09-06 19:35:35,969: INFO: common: created directory at: artifacts/data_ingestion]
[2025-09-06 19:35:36,398: INFO: main: >>>>>> stage Data Ingestion stage completed <<<<<<

x==========x]
[2025-09-06 19:35:36,398: INFO: main: >>>>>> stage Data Validation stage started <<<<<<]
[2025-09-06 19:35:36,410: INFO: common: yaml file: config\config.yaml loaded successfully]
[2025-09-06 19:35:36,415: INFO: common: yaml file: params.yaml loaded successfully]
[2025-09-06 19:35:36,425: INFO: common: yaml file: schema.yaml loaded successfully]
[2025-09-06 19:35:36,426: INFO: common: created directory at: artifacts]
[2025-09-06 19:35:36,427: INFO: common: created directory at: artifacts/data_validation]
[2025-09-06 19:35:39,807: INFO: main: >>>>>> stage Data Validation stage completed <<<<<<

x==========x]
[2025-09-06 19:35:39,810: INFO: main: >>>>>> stage Data Transformation stage started <<<<<<]
[2025-09-06 19:35:39,822: INFO: common: yaml file: config\config.yaml loaded successfully]
[2025-09-06 19:35:39,831: INFO: common: yaml file: params.yaml loaded successfully]
[2025-09-06 19:35:39,858: INFO: common: yaml file: schema.yaml loaded successfully]
[2025-09-06 19:35:39,861: INFO: common: created directory at: artifacts]
[2025-09-06 19:35:39,862: INFO: common: created directory at: artifacts/data_transformation]
[2025-09-06 19:35:58,625: INFO: data_transformation: Splitted data into training, validation, and test sets]
[2025-09-06 19:35:58,626: INFO: data_transformation: (464809, 55)]
[2025-09-06 19:35:58,627: INFO: data_transformation: (58101, 55)]
[2025-09-06 19:35:58,627: INFO: data_transformation: (58102, 55)]
[2025-09-06 19:35:58,701: INFO: main: >>>>>> stage Data Transformation stage completed <<<<<<

x==========x]
[2025-09-06 19:35:58,701: INFO: main: >>>>>> stage Model Training stage started <<<<<<]
[2025-09-06 19:35:58,709: INFO: common: yaml file: config\config.yaml loaded successfully]
[2025-09-06 19:35:58,718: INFO: common: yaml file: params.yaml loaded successfully]
[2025-09-06 19:35:58,736: INFO: common: yaml file: schema.yaml loaded successfully]
[2025-09-06 19:35:58,738: INFO: common: created directory at: artifacts]
[2025-09-06 19:35:58,740: INFO: common: created directory at: artifacts/model_train]
[2025-09-06 20:19:48,929: INFO: common: yaml file: config\config.yaml loaded successfully]
[2025-09-06 20:19:49,056: INFO: common: yaml file: params.yaml loaded successfully]
[2025-09-06 20:19:49,182: INFO: common: yaml file: schema.yaml loaded successfully]
[2025-09-06 20:19:49,190: INFO: common: created directory at: artifacts]
[2025-09-06 20:19:49,194: INFO: common: created directory at: artifacts/data_ingestion]
[2025-09-06 20:33:15,640: INFO: main: >>>>>> stage Data Ingestion stage started <<<<<<]
[2025-09-06 20:33:15,656: INFO: common: yaml file: config\config.yaml loaded successfully]
[2025-09-06 20:33:15,673: INFO: common: yaml file: params.yaml loaded successfully]
[2025-09-06 20:33:15,704: INFO: common: yaml file: schema.yaml loaded successfully]
[2025-09-06 20:33:15,706: INFO: common: created directory at: artifacts]
[2025-09-06 20:33:15,707: INFO: common: created directory at: artifacts/data_ingestion]
[2025-09-06 20:33:16,661: INFO: main: >>>>>> stage Data Ingestion stage completed <<<<<<

x==========x]
[2025-09-06 20:33:43,333: INFO: main: >>>>>> stage Data Ingestion stage started <<<<<<]
[2025-09-06 20:33:43,353: INFO: common: yaml file: config\config.yaml loaded successfully]
[2025-09-06 20:33:43,359: INFO: common: yaml file: params.yaml loaded successfully]
[2025-09-06 20:33:43,399: INFO: common: yaml file: schema.yaml loaded successfully]
[2025-09-06 20:33:43,413: INFO: common: created directory at: artifacts]
[2025-09-06 20:33:43,414: INFO: common: created directory at: artifacts/data_ingestion]
[2025-09-06 20:33:44,253: INFO: main: >>>>>> stage Data Ingestion stage completed <<<<<<

x==========x]
[2025-09-06 20:33:44,290: INFO: main: >>>>>> stage Data Validation stage started <<<<<<]
[2025-09-06 20:33:44,330: INFO: common: yaml file: config\config.yaml loaded successfully]
[2025-09-06 20:33:44,369: INFO: common: yaml file: params.yaml loaded successfully]
[2025-09-06 20:33:44,403: INFO: common: yaml file: schema.yaml loaded successfully]
[2025-09-06 20:33:44,415: INFO: common: created directory at: artifacts]
[2025-09-06 20:33:44,426: INFO: common: created directory at: artifacts/data_validation]
[2025-09-06 20:33:50,202: INFO: main: >>>>>> stage Data Validation stage completed <<<<<<

x==========x]
[2025-09-06 20:33:50,312: INFO: main: >>>>>> stage Data Transformation stage started <<<<<<]
[2025-09-06 20:33:50,474: INFO: common: yaml file: config\config.yaml loaded successfully]
[2025-09-06 20:33:50,491: INFO: common: yaml file: params.yaml loaded successfully]
[2025-09-06 20:33:50,520: INFO: common: yaml file: schema.yaml loaded successfully]
[2025-09-06 20:33:50,522: INFO: common: created directory at: artifacts]
[2025-09-06 20:33:50,523: INFO: common: created directory at: artifacts/data_transformation]
[2025-09-06 20:34:06,456: INFO: data_transformation: Splitted data into training, validation, and test sets]
[2025-09-06 20:34:06,456: INFO: data_transformation: (464809, 55)]
[2025-09-06 20:34:06,458: INFO: data_transformation: (58101, 55)]
[2025-09-06 20:34:06,458: INFO: data_transformation: (58102, 55)]
[2025-09-06 20:34:06,526: INFO: main: >>>>>> stage Data Transformation stage completed <<<<<<

x==========x]
[2025-09-06 20:34:06,527: INFO: main: >>>>>> stage Model Training stage started <<<<<<]
[2025-09-06 20:34:06,533: INFO: common: yaml file: config\config.yaml loaded successfully]
[2025-09-06 20:34:06,539: INFO: common: yaml file: params.yaml loaded successfully]
[2025-09-06 20:34:06,552: INFO: common: yaml file: schema.yaml loaded successfully]
[2025-09-06 20:34:06,553: INFO: common: created directory at: artifacts]
[2025-09-06 20:34:06,554: INFO: common: created directory at: artifacts/model_train]
[2025-09-06 20:44:49,424: INFO: common: yaml file: config\config.yaml loaded successfully]
[2025-09-06 20:44:49,521: INFO: common: yaml file: params.yaml loaded successfully]
[2025-09-06 20:44:49,692: INFO: common: yaml file: schema.yaml loaded successfully]
[2025-09-06 20:44:49,725: INFO: common: created directory at: artifacts]
[2025-09-07 00:22:03,373: INFO: common: yaml file: config\config.yaml loaded successfully]
[2025-09-07 00:22:03,416: INFO: common: yaml file: params.yaml loaded successfully]
[2025-09-07 00:22:03,481: INFO: common: yaml file: schema.yaml loaded successfully]
[2025-09-07 00:22:03,483: INFO: common: created directory at: artifacts]
[2025-09-07 00:22:03,486: INFO: common: created directory at: artifacts/data_ingestion]
[2025-09-07 00:27:31,936: INFO: common: yaml file: config\config.yaml loaded successfully]
[2025-09-07 00:27:31,945: INFO: common: yaml file: params.yaml loaded successfully]
[2025-09-07 00:27:32,047: INFO: common: yaml file: schema.yaml loaded successfully]
[2025-09-07 00:27:32,052: INFO: common: created directory at: artifacts]
[2025-09-07 00:27:32,056: INFO: common: created directory at: artifacts/data_ingestion]
[2025-09-07 00:30:39,327: INFO: common: yaml file: config\config.yaml loaded successfully]
[2025-09-07 00:30:39,338: INFO: common: yaml file: params.yaml loaded successfully]
[2025-09-07 00:30:39,379: INFO: common: yaml file: schema.yaml loaded successfully]
[2025-09-07 00:30:39,388: INFO: common: created directory at: artifacts]
[2025-09-07 00:30:39,390: INFO: common: created directory at: artifacts/data_validation]
[2025-09-07 00:42:42,219: INFO: main: >>>>>> stage Data Ingestion stage started <<<<<<]
[2025-09-07 00:42:42,281: INFO: common: yaml file: config\config.yaml loaded successfully]
[2025-09-07 00:42:42,334: INFO: common: yaml file: params.yaml loaded successfully]
[2025-09-07 00:42:42,437: INFO: common: yaml file: schema.yaml loaded successfully]
[2025-09-07 00:42:42,447: INFO: common: created directory at: artifacts]
[2025-09-07 00:42:42,448: INFO: common: created directory at: artifacts/data_ingestion]
[2025-09-07 00:42:42,532: INFO: main: >>>>>> stage Data Ingestion stage completed <<<<<<

x==========x]
[2025-09-07 00:42:42,536: INFO: main: >>>>>> stage Data Validation stage started <<<<<<]
[2025-09-07 00:42:42,556: INFO: common: yaml file: config\config.yaml loaded successfully]
[2025-09-07 00:42:42,594: INFO: common: yaml file: params.yaml loaded successfully]
[2025-09-07 00:42:42,631: INFO: common: yaml file: schema.yaml loaded successfully]
[2025-09-07 00:42:42,634: INFO: common: created directory at: artifacts]
[2025-09-07 00:42:42,648: INFO: common: created directory at: artifacts/data_validation]
[2025-09-07 00:42:42,972: INFO: main: >>>>>> stage Data Validation stage completed <<<<<<

x==========x]
[2025-09-07 00:42:42,978: INFO: main: >>>>>> stage Data Transformation stage started <<<<<<]
[2025-09-07 00:42:43,016: ERROR: main: Your dataset hasn't been successfully validated.]
Traceback (most recent call last):
  File "D:\Courses\Udemy\Complete MLOps Bootcamp\Projects\7_End to End Projects\end-to-end-data-science-project\main.py", line 34, in <module>
    data_transformation.initiate_data_transformation()
  File "D:\Courses\Udemy\Complete MLOps Bootcamp\Projects\7_End to End Projects\end-to-end-data-science-project\src\project\pipeline\data_transformation.py", line 29, in initiate_data_transformation
    raise e
  File "D:\Courses\Udemy\Complete MLOps Bootcamp\Projects\7_End to End Projects\end-to-end-data-science-project\src\project\pipeline\data_transformation.py", line 27, in initiate_data_transformation
    raise Exception("Your dataset hasn't been successfully validated.")
Exception: Your dataset hasn't been successfully validated.
[2025-09-07 00:47:44,536: INFO: main: >>>>>> stage Data Ingestion stage started <<<<<<]
[2025-09-07 00:47:44,550: INFO: common: yaml file: config\config.yaml loaded successfully]
[2025-09-07 00:47:44,564: INFO: common: yaml file: params.yaml loaded successfully]
[2025-09-07 00:47:44,575: INFO: common: yaml file: schema.yaml loaded successfully]
[2025-09-07 00:47:44,577: INFO: common: created directory at: artifacts]
[2025-09-07 00:47:44,578: INFO: common: created directory at: artifacts/data_ingestion]
[2025-09-07 00:47:44,583: INFO: main: >>>>>> stage Data Ingestion stage completed <<<<<<

x==========x]
[2025-09-07 00:47:44,590: INFO: main: >>>>>> stage Data Validation stage started <<<<<<]
[2025-09-07 00:47:44,601: INFO: common: yaml file: config\config.yaml loaded successfully]
[2025-09-07 00:47:44,613: INFO: common: yaml file: params.yaml loaded successfully]
[2025-09-07 00:47:44,622: INFO: common: yaml file: schema.yaml loaded successfully]
[2025-09-07 00:47:44,624: INFO: common: created directory at: artifacts]
[2025-09-07 00:47:44,625: INFO: common: created directory at: artifacts/data_validation]
[2025-09-07 00:47:44,697: INFO: main: >>>>>> stage Data Validation stage completed <<<<<<

x==========x]
[2025-09-07 00:47:44,713: INFO: main: >>>>>> stage Data Transformation stage started <<<<<<]
[2025-09-07 00:47:44,751: ERROR: main: Your dataset hasn't been successfully validated.]
Traceback (most recent call last):
  File "D:\Courses\Udemy\Complete MLOps Bootcamp\Projects\7_End to End Projects\end-to-end-data-science-project\main.py", line 34, in <module>
    data_transformation.initiate_data_transformation()
  File "D:\Courses\Udemy\Complete MLOps Bootcamp\Projects\7_End to End Projects\end-to-end-data-science-project\src\project\pipeline\data_transformation.py", line 29, in initiate_data_transformation
    raise e
  File "D:\Courses\Udemy\Complete MLOps Bootcamp\Projects\7_End to End Projects\end-to-end-data-science-project\src\project\pipeline\data_transformation.py", line 27, in initiate_data_transformation
    raise Exception("Your dataset hasn't been successfully validated.")
Exception: Your dataset hasn't been successfully validated.
[2025-09-07 00:48:12,991: INFO: main: >>>>>> stage Data Ingestion stage started <<<<<<]
[2025-09-07 00:48:13,007: INFO: common: yaml file: config\config.yaml loaded successfully]
[2025-09-07 00:48:13,019: INFO: common: yaml file: params.yaml loaded successfully]
[2025-09-07 00:48:13,029: INFO: common: yaml file: schema.yaml loaded successfully]
[2025-09-07 00:48:13,031: INFO: common: created directory at: artifacts]
[2025-09-07 00:48:13,033: INFO: common: created directory at: artifacts/data_ingestion]
[2025-09-07 00:48:13,041: INFO: main: >>>>>> stage Data Ingestion stage completed <<<<<<

x==========x]
[2025-09-07 00:48:13,045: INFO: main: >>>>>> stage Data Validation stage started <<<<<<]
[2025-09-07 00:48:13,056: INFO: common: yaml file: config\config.yaml loaded successfully]
[2025-09-07 00:48:13,067: INFO: common: yaml file: params.yaml loaded successfully]
[2025-09-07 00:48:13,079: INFO: common: yaml file: schema.yaml loaded successfully]
[2025-09-07 00:48:13,080: INFO: common: created directory at: artifacts]
[2025-09-07 00:48:13,082: INFO: common: created directory at: artifacts/data_validation]
[2025-09-07 00:48:13,138: INFO: main: >>>>>> stage Data Validation stage completed <<<<<<

x==========x]
[2025-09-07 00:48:13,143: INFO: main: >>>>>> stage Data Transformation stage started <<<<<<]
[2025-09-07 00:48:13,148: ERROR: main: Your dataset hasn't been successfully validated.]
Traceback (most recent call last):
  File "D:\Courses\Udemy\Complete MLOps Bootcamp\Projects\7_End to End Projects\end-to-end-data-science-project\main.py", line 34, in <module>
    data_transformation.initiate_data_transformation()
  File "D:\Courses\Udemy\Complete MLOps Bootcamp\Projects\7_End to End Projects\end-to-end-data-science-project\src\project\pipeline\data_transformation.py", line 29, in initiate_data_transformation
    raise e
  File "D:\Courses\Udemy\Complete MLOps Bootcamp\Projects\7_End to End Projects\end-to-end-data-science-project\src\project\pipeline\data_transformation.py", line 27, in initiate_data_transformation
    raise Exception("Your dataset hasn't been successfully validated.")
Exception: Your dataset hasn't been successfully validated.
[2025-09-07 00:48:44,393: INFO: main: >>>>>> stage Data Ingestion stage started <<<<<<]
[2025-09-07 00:48:44,403: INFO: common: yaml file: config\config.yaml loaded successfully]
[2025-09-07 00:48:44,414: INFO: common: yaml file: params.yaml loaded successfully]
[2025-09-07 00:48:44,421: INFO: common: yaml file: schema.yaml loaded successfully]
[2025-09-07 00:48:44,424: INFO: common: created directory at: artifacts]
[2025-09-07 00:48:44,428: INFO: common: created directory at: artifacts/data_ingestion]
[2025-09-07 00:48:44,439: INFO: main: >>>>>> stage Data Ingestion stage completed <<<<<<

x==========x]
[2025-09-07 00:48:44,440: INFO: main: >>>>>> stage Data Validation stage started <<<<<<]
[2025-09-07 00:48:44,460: INFO: common: yaml file: config\config.yaml loaded successfully]
[2025-09-07 00:48:44,469: INFO: common: yaml file: params.yaml loaded successfully]
[2025-09-07 00:48:44,481: INFO: common: yaml file: schema.yaml loaded successfully]
[2025-09-07 00:48:44,482: INFO: common: created directory at: artifacts]
[2025-09-07 00:48:44,483: INFO: common: created directory at: artifacts/data_validation]
[2025-09-07 00:48:44,608: INFO: main: >>>>>> stage Data Validation stage completed <<<<<<

x==========x]
[2025-09-07 00:48:44,609: INFO: main: >>>>>> stage Data Transformation stage started <<<<<<]
[2025-09-07 00:48:44,612: ERROR: main: Your dataset hasn't been successfully validated.]
Traceback (most recent call last):
  File "D:\Courses\Udemy\Complete MLOps Bootcamp\Projects\7_End to End Projects\end-to-end-data-science-project\main.py", line 34, in <module>
    data_transformation.initiate_data_transformation()
  File "D:\Courses\Udemy\Complete MLOps Bootcamp\Projects\7_End to End Projects\end-to-end-data-science-project\src\project\pipeline\data_transformation.py", line 29, in initiate_data_transformation
    raise e
  File "D:\Courses\Udemy\Complete MLOps Bootcamp\Projects\7_End to End Projects\end-to-end-data-science-project\src\project\pipeline\data_transformation.py", line 27, in initiate_data_transformation
    raise Exception("Your dataset hasn't been successfully validated.")
Exception: Your dataset hasn't been successfully validated.
[2025-09-07 00:49:53,537: INFO: main: >>>>>> stage Data Ingestion stage started <<<<<<]
[2025-09-07 00:49:53,546: INFO: common: yaml file: config\config.yaml loaded successfully]
[2025-09-07 00:49:53,556: INFO: common: yaml file: params.yaml loaded successfully]
[2025-09-07 00:49:53,584: INFO: common: yaml file: schema.yaml loaded successfully]
[2025-09-07 00:49:53,672: INFO: common: created directory at: artifacts]
[2025-09-07 00:49:53,673: INFO: common: created directory at: artifacts/data_ingestion]
[2025-09-07 00:49:53,681: INFO: main: >>>>>> stage Data Ingestion stage completed <<<<<<

x==========x]
[2025-09-07 00:49:53,683: INFO: main: >>>>>> stage Data Validation stage started <<<<<<]
[2025-09-07 00:49:53,700: INFO: common: yaml file: config\config.yaml loaded successfully]
[2025-09-07 00:49:53,716: INFO: common: yaml file: params.yaml loaded successfully]
[2025-09-07 00:49:53,726: INFO: common: yaml file: schema.yaml loaded successfully]
[2025-09-07 00:49:53,734: INFO: common: created directory at: artifacts]
[2025-09-07 00:49:53,736: INFO: common: created directory at: artifacts/data_validation]
[2025-09-07 00:49:53,804: INFO: main: >>>>>> stage Data Validation stage completed <<<<<<

x==========x]
[2025-09-07 00:49:53,806: INFO: main: >>>>>> stage Data Transformation stage started <<<<<<]
[2025-09-07 00:49:53,823: INFO: common: yaml file: config\config.yaml loaded successfully]
[2025-09-07 00:49:53,838: INFO: common: yaml file: params.yaml loaded successfully]
[2025-09-07 00:49:53,850: INFO: common: yaml file: schema.yaml loaded successfully]
[2025-09-07 00:49:53,853: INFO: common: created directory at: artifacts]
[2025-09-07 00:49:53,854: INFO: common: created directory at: artifacts/data_transformation]
[2025-09-07 00:49:54,218: INFO: data_transformation: Splitted data into training, validation, and test sets]
[2025-09-07 00:49:54,220: INFO: data_transformation: (914, 13)]
[2025-09-07 00:49:54,221: INFO: data_transformation: (114, 13)]
[2025-09-07 00:49:54,221: INFO: data_transformation: (115, 13)]
[2025-09-07 00:49:54,225: INFO: main: >>>>>> stage Data Transformation stage completed <<<<<<

x==========x]
[2025-09-07 00:49:54,232: INFO: main: >>>>>> stage Model Training stage started <<<<<<]
[2025-09-07 00:49:54,264: INFO: common: yaml file: config\config.yaml loaded successfully]
[2025-09-07 00:49:54,290: INFO: common: yaml file: params.yaml loaded successfully]
[2025-09-07 00:49:54,305: INFO: common: yaml file: schema.yaml loaded successfully]
[2025-09-07 00:49:54,307: INFO: common: created directory at: artifacts]
[2025-09-07 00:49:54,312: INFO: common: created directory at: artifacts/model_train]
[2025-09-07 00:49:54,737: ERROR: main: n_splits=3 cannot be greater than the number of members in each class.]
Traceback (most recent call last):
  File "D:\Courses\Udemy\Complete MLOps Bootcamp\Projects\7_End to End Projects\end-to-end-data-science-project\main.py", line 46, in <module>
    model_training.initiate_model_training()
  File "D:\Courses\Udemy\Complete MLOps Bootcamp\Projects\7_End to End Projects\end-to-end-data-science-project\src\project\pipeline\model_train.py", line 42, in initiate_model_training
    raise e
  File "D:\Courses\Udemy\Complete MLOps Bootcamp\Projects\7_End to End Projects\end-to-end-data-science-project\src\project\pipeline\model_train.py", line 28, in initiate_model_training
    result = model_train.train()  # train and save model
  File "D:\Courses\Udemy\Complete MLOps Bootcamp\Projects\7_End to End Projects\end-to-end-data-science-project\src\project\components\model_train.py", line 64, in train
    random_search.fit(train_x, train_y)
  File "D:\Courses\Udemy\Complete MLOps Bootcamp\Projects\7_End to End Projects\end-to-end-data-science-project\venv\lib\site-packages\sklearn\base.py", line 1365, in wrapper
    return fit_method(estimator, *args, **kwargs)
  File "D:\Courses\Udemy\Complete MLOps Bootcamp\Projects\7_End to End Projects\end-to-end-data-science-project\venv\lib\site-packages\sklearn\model_selection\_search.py", line 1051, in fit
    self._run_search(evaluate_candidates)
  File "D:\Courses\Udemy\Complete MLOps Bootcamp\Projects\7_End to End Projects\end-to-end-data-science-project\venv\lib\site-packages\sklearn\model_selection\_search.py", line 1992, in _run_search
    evaluate_candidates(
  File "D:\Courses\Udemy\Complete MLOps Bootcamp\Projects\7_End to End Projects\end-to-end-data-science-project\venv\lib\site-packages\sklearn\model_selection\_search.py", line 1009, in evaluate_candidates
    for (cand_idx, parameters), (split_idx, (train, test)) in product(
  File "D:\Courses\Udemy\Complete MLOps Bootcamp\Projects\7_End to End Projects\end-to-end-data-science-project\venv\lib\site-packages\sklearn\model_selection\_split.py", line 411, in split
    for train, test in super().split(X, y, groups):
  File "D:\Courses\Udemy\Complete MLOps Bootcamp\Projects\7_End to End Projects\end-to-end-data-science-project\venv\lib\site-packages\sklearn\model_selection\_split.py", line 142, in split
    for test_index in self._iter_test_masks(X, y, groups):
  File "D:\Courses\Udemy\Complete MLOps Bootcamp\Projects\7_End to End Projects\end-to-end-data-science-project\venv\lib\site-packages\sklearn\model_selection\_split.py", line 844, in _iter_test_masks
    test_folds = self._make_test_folds(X, y)
  File "D:\Courses\Udemy\Complete MLOps Bootcamp\Projects\7_End to End Projects\end-to-end-data-science-project\venv\lib\site-packages\sklearn\model_selection\_split.py", line 806, in _make_test_folds
    raise ValueError(
ValueError: n_splits=3 cannot be greater than the number of members in each class.
[2025-09-07 00:52:43,889: INFO: main: >>>>>> stage Data Ingestion stage started <<<<<<]
[2025-09-07 00:52:43,894: INFO: common: yaml file: config\config.yaml loaded successfully]
[2025-09-07 00:52:43,903: INFO: common: yaml file: params.yaml loaded successfully]
[2025-09-07 00:52:43,907: INFO: common: yaml file: schema.yaml loaded successfully]
[2025-09-07 00:52:43,909: INFO: common: created directory at: artifacts]
[2025-09-07 00:52:43,909: INFO: common: created directory at: artifacts/data_ingestion]
[2025-09-07 00:52:43,914: INFO: main: >>>>>> stage Data Ingestion stage completed <<<<<<

x==========x]
[2025-09-07 00:52:43,915: INFO: main: >>>>>> stage Data Validation stage started <<<<<<]
[2025-09-07 00:52:43,925: INFO: common: yaml file: config\config.yaml loaded successfully]
[2025-09-07 00:52:43,933: INFO: common: yaml file: params.yaml loaded successfully]
[2025-09-07 00:52:43,978: INFO: common: yaml file: schema.yaml loaded successfully]
[2025-09-07 00:52:44,018: INFO: common: created directory at: artifacts]
[2025-09-07 00:52:44,075: INFO: common: created directory at: artifacts/data_validation]
[2025-09-07 00:52:44,144: INFO: main: >>>>>> stage Data Validation stage completed <<<<<<

x==========x]
[2025-09-07 00:52:44,144: INFO: main: >>>>>> stage Data Transformation stage started <<<<<<]
[2025-09-07 00:52:44,156: INFO: common: yaml file: config\config.yaml loaded successfully]
[2025-09-07 00:52:44,170: INFO: common: yaml file: params.yaml loaded successfully]
[2025-09-07 00:52:44,177: INFO: common: yaml file: schema.yaml loaded successfully]
[2025-09-07 00:52:44,178: INFO: common: created directory at: artifacts]
[2025-09-07 00:52:44,179: INFO: common: created directory at: artifacts/data_transformation]
[2025-09-07 00:52:44,231: INFO: data_transformation: Splitted data into training, validation, and test sets]
[2025-09-07 00:52:44,232: INFO: data_transformation: (914, 13)]
[2025-09-07 00:52:44,233: INFO: data_transformation: (114, 13)]
[2025-09-07 00:52:44,234: INFO: data_transformation: (115, 13)]
[2025-09-07 00:52:44,235: INFO: main: >>>>>> stage Data Transformation stage completed <<<<<<

x==========x]
[2025-09-07 00:52:44,236: INFO: main: >>>>>> stage Model Training stage started <<<<<<]
[2025-09-07 00:52:44,246: INFO: common: yaml file: config\config.yaml loaded successfully]
[2025-09-07 00:52:44,256: INFO: common: yaml file: params.yaml loaded successfully]
[2025-09-07 00:52:44,262: INFO: common: yaml file: schema.yaml loaded successfully]
[2025-09-07 00:52:44,264: INFO: common: created directory at: artifacts]
[2025-09-07 00:52:44,271: INFO: common: created directory at: artifacts/model_train]
[2025-09-07 00:52:44,382: ERROR: main: n_splits=2 cannot be greater than the number of members in each class.]
Traceback (most recent call last):
  File "D:\Courses\Udemy\Complete MLOps Bootcamp\Projects\7_End to End Projects\end-to-end-data-science-project\main.py", line 46, in <module>
    model_training.initiate_model_training()
  File "D:\Courses\Udemy\Complete MLOps Bootcamp\Projects\7_End to End Projects\end-to-end-data-science-project\src\project\pipeline\model_train.py", line 42, in initiate_model_training
    raise e
  File "D:\Courses\Udemy\Complete MLOps Bootcamp\Projects\7_End to End Projects\end-to-end-data-science-project\src\project\pipeline\model_train.py", line 28, in initiate_model_training
    result = model_train.train()  # train and save model
  File "D:\Courses\Udemy\Complete MLOps Bootcamp\Projects\7_End to End Projects\end-to-end-data-science-project\src\project\components\model_train.py", line 64, in train
    random_search.fit(train_x, train_y)
  File "D:\Courses\Udemy\Complete MLOps Bootcamp\Projects\7_End to End Projects\end-to-end-data-science-project\venv\lib\site-packages\sklearn\base.py", line 1365, in wrapper
    return fit_method(estimator, *args, **kwargs)
  File "D:\Courses\Udemy\Complete MLOps Bootcamp\Projects\7_End to End Projects\end-to-end-data-science-project\venv\lib\site-packages\sklearn\model_selection\_search.py", line 1051, in fit
    self._run_search(evaluate_candidates)
  File "D:\Courses\Udemy\Complete MLOps Bootcamp\Projects\7_End to End Projects\end-to-end-data-science-project\venv\lib\site-packages\sklearn\model_selection\_search.py", line 1992, in _run_search
    evaluate_candidates(
  File "D:\Courses\Udemy\Complete MLOps Bootcamp\Projects\7_End to End Projects\end-to-end-data-science-project\venv\lib\site-packages\sklearn\model_selection\_search.py", line 1009, in evaluate_candidates
    for (cand_idx, parameters), (split_idx, (train, test)) in product(
  File "D:\Courses\Udemy\Complete MLOps Bootcamp\Projects\7_End to End Projects\end-to-end-data-science-project\venv\lib\site-packages\sklearn\model_selection\_split.py", line 411, in split
    for train, test in super().split(X, y, groups):
  File "D:\Courses\Udemy\Complete MLOps Bootcamp\Projects\7_End to End Projects\end-to-end-data-science-project\venv\lib\site-packages\sklearn\model_selection\_split.py", line 142, in split
    for test_index in self._iter_test_masks(X, y, groups):
  File "D:\Courses\Udemy\Complete MLOps Bootcamp\Projects\7_End to End Projects\end-to-end-data-science-project\venv\lib\site-packages\sklearn\model_selection\_split.py", line 844, in _iter_test_masks
    test_folds = self._make_test_folds(X, y)
  File "D:\Courses\Udemy\Complete MLOps Bootcamp\Projects\7_End to End Projects\end-to-end-data-science-project\venv\lib\site-packages\sklearn\model_selection\_split.py", line 806, in _make_test_folds
    raise ValueError(
ValueError: n_splits=2 cannot be greater than the number of members in each class.
[2025-09-07 01:03:14,073: INFO: main: >>>>>> stage Data Ingestion stage started <<<<<<]
[2025-09-07 01:03:14,160: INFO: common: yaml file: config\config.yaml loaded successfully]
[2025-09-07 01:03:14,192: INFO: common: yaml file: params.yaml loaded successfully]
[2025-09-07 01:03:14,234: INFO: common: yaml file: schema.yaml loaded successfully]
[2025-09-07 01:03:14,237: INFO: common: created directory at: artifacts]
[2025-09-07 01:03:14,243: INFO: common: created directory at: artifacts/data_ingestion]
[2025-09-07 01:03:15,259: INFO: main: >>>>>> stage Data Ingestion stage completed <<<<<<

x==========x]
[2025-09-07 01:03:15,260: INFO: main: >>>>>> stage Data Validation stage started <<<<<<]
[2025-09-07 01:03:15,274: INFO: common: yaml file: config\config.yaml loaded successfully]
[2025-09-07 01:03:15,295: INFO: common: yaml file: params.yaml loaded successfully]
[2025-09-07 01:03:15,370: INFO: common: yaml file: schema.yaml loaded successfully]
[2025-09-07 01:03:15,390: INFO: common: created directory at: artifacts]
[2025-09-07 01:03:15,392: INFO: common: created directory at: artifacts/data_validation]
[2025-09-07 01:03:20,669: INFO: main: >>>>>> stage Data Validation stage completed <<<<<<

x==========x]
[2025-09-07 01:03:20,670: INFO: main: >>>>>> stage Data Transformation stage started <<<<<<]
[2025-09-07 01:03:20,679: INFO: common: yaml file: config\config.yaml loaded successfully]
[2025-09-07 01:03:20,685: INFO: common: yaml file: params.yaml loaded successfully]
[2025-09-07 01:03:20,705: INFO: common: yaml file: schema.yaml loaded successfully]
[2025-09-07 01:03:20,706: INFO: common: created directory at: artifacts]
[2025-09-07 01:03:20,707: INFO: common: created directory at: artifacts/data_transformation]
[2025-09-07 01:03:38,322: INFO: data_transformation: Splitted data into training, validation, and test sets]
[2025-09-07 01:03:38,324: INFO: data_transformation: (464809, 55)]
[2025-09-07 01:03:38,326: INFO: data_transformation: (58101, 55)]
[2025-09-07 01:03:38,326: INFO: data_transformation: (58102, 55)]
[2025-09-07 01:03:38,465: INFO: main: >>>>>> stage Data Transformation stage completed <<<<<<

x==========x]
[2025-09-07 01:03:38,467: INFO: main: >>>>>> stage Model Training stage started <<<<<<]
[2025-09-07 01:03:38,481: INFO: common: yaml file: config\config.yaml loaded successfully]
[2025-09-07 01:03:38,498: INFO: common: yaml file: params.yaml loaded successfully]
[2025-09-07 01:03:38,534: INFO: common: yaml file: schema.yaml loaded successfully]
[2025-09-07 01:03:38,537: INFO: common: created directory at: artifacts]
[2025-09-07 01:03:38,549: INFO: common: created directory at: artifacts/model_train]
[2025-09-07 01:07:44,131: INFO: main: >>>>>> stage Data Ingestion stage started <<<<<<]
[2025-09-07 01:07:44,157: INFO: common: yaml file: config\config.yaml loaded successfully]
[2025-09-07 01:07:44,188: INFO: common: yaml file: params.yaml loaded successfully]
[2025-09-07 01:07:44,228: INFO: common: yaml file: schema.yaml loaded successfully]
[2025-09-07 01:07:44,229: INFO: common: created directory at: artifacts]
[2025-09-07 01:07:44,231: INFO: common: created directory at: artifacts/data_ingestion]
[2025-09-07 01:07:45,175: INFO: main: >>>>>> stage Data Ingestion stage completed <<<<<<

x==========x]
[2025-09-07 01:07:45,178: INFO: main: >>>>>> stage Data Validation stage started <<<<<<]
[2025-09-07 01:07:45,203: INFO: common: yaml file: config\config.yaml loaded successfully]
[2025-09-07 01:07:45,219: INFO: common: yaml file: params.yaml loaded successfully]
[2025-09-07 01:07:45,252: INFO: common: yaml file: schema.yaml loaded successfully]
[2025-09-07 01:07:45,254: INFO: common: created directory at: artifacts]
[2025-09-07 01:07:45,255: INFO: common: created directory at: artifacts/data_validation]
[2025-09-07 01:07:50,409: INFO: main: >>>>>> stage Data Validation stage completed <<<<<<

x==========x]
[2025-09-07 01:07:50,411: INFO: main: >>>>>> stage Data Transformation stage started <<<<<<]
[2025-09-07 01:07:50,430: INFO: common: yaml file: config\config.yaml loaded successfully]
[2025-09-07 01:07:50,442: INFO: common: yaml file: params.yaml loaded successfully]
[2025-09-07 01:07:50,469: INFO: common: yaml file: schema.yaml loaded successfully]
[2025-09-07 01:07:50,471: INFO: common: created directory at: artifacts]
[2025-09-07 01:07:50,473: INFO: common: created directory at: artifacts/data_transformation]
[2025-09-07 01:08:13,410: INFO: data_transformation: Splitted data into training, validation, and test sets]
[2025-09-07 01:08:13,416: INFO: data_transformation: (464809, 55)]
[2025-09-07 01:08:13,417: INFO: data_transformation: (58101, 55)]
[2025-09-07 01:08:13,419: INFO: data_transformation: (58102, 55)]
[2025-09-07 01:08:13,524: INFO: main: >>>>>> stage Data Transformation stage completed <<<<<<

x==========x]
[2025-09-07 01:08:13,525: INFO: main: >>>>>> stage Model Training stage started <<<<<<]
[2025-09-07 01:08:13,537: INFO: common: yaml file: config\config.yaml loaded successfully]
[2025-09-07 01:08:13,571: INFO: common: yaml file: params.yaml loaded successfully]
[2025-09-07 01:08:13,673: INFO: common: yaml file: schema.yaml loaded successfully]
[2025-09-07 01:08:13,675: INFO: common: created directory at: artifacts]
[2025-09-07 01:08:13,679: INFO: common: created directory at: artifacts/model_train]
[2025-09-07 01:14:52,450: INFO: common: created directory at: artifacts/model_train]
[2025-09-07 01:15:07,232: ERROR: main: 
All the 810 fits failed.
It is very likely that your model is misconfigured.
You can try to debug the error by setting error_score='raise'.

Below are more details about the failures:
--------------------------------------------------------------------------------
486 fits failed with the following error:
Traceback (most recent call last):
  File "D:\Courses\Udemy\Complete MLOps Bootcamp\Projects\7_End to End Projects\end-to-end-data-science-project\venv\lib\site-packages\sklearn\model_selection\_validation.py", line 859, in _fit_and_score
    estimator.fit(X_train, y_train, **fit_params)
  File "D:\Courses\Udemy\Complete MLOps Bootcamp\Projects\7_End to End Projects\end-to-end-data-science-project\venv\lib\site-packages\xgboost\core.py", line 729, in inner_f
    return func(**kwargs)
  File "D:\Courses\Udemy\Complete MLOps Bootcamp\Projects\7_End to End Projects\end-to-end-data-science-project\venv\lib\site-packages\xgboost\sklearn.py", line 1641, in fit
    raise ValueError(
ValueError: Invalid classes inferred from unique values of `y`.  Expected: [0 1 2 3 4 5], got [1 2 3 5 6 7]

--------------------------------------------------------------------------------
324 fits failed with the following error:
Traceback (most recent call last):
  File "D:\Courses\Udemy\Complete MLOps Bootcamp\Projects\7_End to End Projects\end-to-end-data-science-project\venv\lib\site-packages\sklearn\model_selection\_validation.py", line 859, in _fit_and_score
    estimator.fit(X_train, y_train, **fit_params)
  File "D:\Courses\Udemy\Complete MLOps Bootcamp\Projects\7_End to End Projects\end-to-end-data-science-project\venv\lib\site-packages\xgboost\core.py", line 729, in inner_f
    return func(**kwargs)
  File "D:\Courses\Udemy\Complete MLOps Bootcamp\Projects\7_End to End Projects\end-to-end-data-science-project\venv\lib\site-packages\xgboost\sklearn.py", line 1641, in fit
    raise ValueError(
ValueError: Invalid classes inferred from unique values of `y`.  Expected: [0 1 2 3 4 5 6], got [1 2 3 4 5 6 7]
]
Traceback (most recent call last):
  File "D:\Courses\Udemy\Complete MLOps Bootcamp\Projects\7_End to End Projects\end-to-end-data-science-project\main.py", line 46, in <module>
    model_training.initiate_model_training()
  File "D:\Courses\Udemy\Complete MLOps Bootcamp\Projects\7_End to End Projects\end-to-end-data-science-project\src\project\pipeline\model_train.py", line 42, in initiate_model_training
    raise e
  File "D:\Courses\Udemy\Complete MLOps Bootcamp\Projects\7_End to End Projects\end-to-end-data-science-project\src\project\pipeline\model_train.py", line 28, in initiate_model_training
    result = model_train.train()  # train and save model
  File "D:\Courses\Udemy\Complete MLOps Bootcamp\Projects\7_End to End Projects\end-to-end-data-science-project\src\project\components\model_train.py", line 76, in train
    halving.fit(train_x, train_y)
  File "D:\Courses\Udemy\Complete MLOps Bootcamp\Projects\7_End to End Projects\end-to-end-data-science-project\venv\lib\site-packages\sklearn\base.py", line 1365, in wrapper
    return fit_method(estimator, *args, **kwargs)
  File "D:\Courses\Udemy\Complete MLOps Bootcamp\Projects\7_End to End Projects\end-to-end-data-science-project\venv\lib\site-packages\sklearn\model_selection\_search_successive_halving.py", line 253, in fit
    super().fit(X, y=y, **params)
  File "D:\Courses\Udemy\Complete MLOps Bootcamp\Projects\7_End to End Projects\end-to-end-data-science-project\venv\lib\site-packages\sklearn\base.py", line 1365, in wrapper
    return fit_method(estimator, *args, **kwargs)
  File "D:\Courses\Udemy\Complete MLOps Bootcamp\Projects\7_End to End Projects\end-to-end-data-science-project\venv\lib\site-packages\sklearn\model_selection\_search.py", line 1051, in fit
    self._run_search(evaluate_candidates)
  File "D:\Courses\Udemy\Complete MLOps Bootcamp\Projects\7_End to End Projects\end-to-end-data-science-project\venv\lib\site-packages\sklearn\model_selection\_search_successive_halving.py", line 357, in _run_search
    results = evaluate_candidates(
  File "D:\Courses\Udemy\Complete MLOps Bootcamp\Projects\7_End to End Projects\end-to-end-data-science-project\venv\lib\site-packages\sklearn\model_selection\_search.py", line 1028, in evaluate_candidates
    _warn_or_raise_about_fit_failures(out, self.error_score)
  File "D:\Courses\Udemy\Complete MLOps Bootcamp\Projects\7_End to End Projects\end-to-end-data-science-project\venv\lib\site-packages\sklearn\model_selection\_validation.py", line 505, in _warn_or_raise_about_fit_failures
    raise ValueError(all_fits_failed_message)
ValueError: 
All the 810 fits failed.
It is very likely that your model is misconfigured.
You can try to debug the error by setting error_score='raise'.

Below are more details about the failures:
--------------------------------------------------------------------------------
486 fits failed with the following error:
Traceback (most recent call last):
  File "D:\Courses\Udemy\Complete MLOps Bootcamp\Projects\7_End to End Projects\end-to-end-data-science-project\venv\lib\site-packages\sklearn\model_selection\_validation.py", line 859, in _fit_and_score
    estimator.fit(X_train, y_train, **fit_params)
  File "D:\Courses\Udemy\Complete MLOps Bootcamp\Projects\7_End to End Projects\end-to-end-data-science-project\venv\lib\site-packages\xgboost\core.py", line 729, in inner_f
    return func(**kwargs)
  File "D:\Courses\Udemy\Complete MLOps Bootcamp\Projects\7_End to End Projects\end-to-end-data-science-project\venv\lib\site-packages\xgboost\sklearn.py", line 1641, in fit
    raise ValueError(
ValueError: Invalid classes inferred from unique values of `y`.  Expected: [0 1 2 3 4 5], got [1 2 3 5 6 7]

--------------------------------------------------------------------------------
324 fits failed with the following error:
Traceback (most recent call last):
  File "D:\Courses\Udemy\Complete MLOps Bootcamp\Projects\7_End to End Projects\end-to-end-data-science-project\venv\lib\site-packages\sklearn\model_selection\_validation.py", line 859, in _fit_and_score
    estimator.fit(X_train, y_train, **fit_params)
  File "D:\Courses\Udemy\Complete MLOps Bootcamp\Projects\7_End to End Projects\end-to-end-data-science-project\venv\lib\site-packages\xgboost\core.py", line 729, in inner_f
    return func(**kwargs)
  File "D:\Courses\Udemy\Complete MLOps Bootcamp\Projects\7_End to End Projects\end-to-end-data-science-project\venv\lib\site-packages\xgboost\sklearn.py", line 1641, in fit
    raise ValueError(
ValueError: Invalid classes inferred from unique values of `y`.  Expected: [0 1 2 3 4 5 6], got [1 2 3 4 5 6 7]

[2025-09-07 01:20:28,661: INFO: main: >>>>>> stage Data Ingestion stage started <<<<<<]
[2025-09-07 01:20:28,684: INFO: common: yaml file: config\config.yaml loaded successfully]
[2025-09-07 01:20:28,703: INFO: common: yaml file: params.yaml loaded successfully]
[2025-09-07 01:20:28,717: INFO: common: yaml file: schema.yaml loaded successfully]
[2025-09-07 01:20:28,718: INFO: common: created directory at: artifacts]
[2025-09-07 01:20:28,719: INFO: common: created directory at: artifacts/data_ingestion]
[2025-09-07 01:20:29,510: INFO: main: >>>>>> stage Data Ingestion stage completed <<<<<<

x==========x]
[2025-09-07 01:20:29,551: INFO: main: >>>>>> stage Data Validation stage started <<<<<<]
[2025-09-07 01:20:29,583: INFO: common: yaml file: config\config.yaml loaded successfully]
[2025-09-07 01:20:29,601: INFO: common: yaml file: params.yaml loaded successfully]
[2025-09-07 01:20:29,643: INFO: common: yaml file: schema.yaml loaded successfully]
[2025-09-07 01:20:29,651: INFO: common: created directory at: artifacts]
[2025-09-07 01:20:29,652: INFO: common: created directory at: artifacts/data_validation]
[2025-09-07 01:20:32,821: INFO: main: >>>>>> stage Data Validation stage completed <<<<<<

x==========x]
[2025-09-07 01:20:32,821: INFO: main: >>>>>> stage Data Transformation stage started <<<<<<]
[2025-09-07 01:20:32,830: INFO: common: yaml file: config\config.yaml loaded successfully]
[2025-09-07 01:20:32,837: INFO: common: yaml file: params.yaml loaded successfully]
[2025-09-07 01:20:32,851: INFO: common: yaml file: schema.yaml loaded successfully]
[2025-09-07 01:20:32,853: INFO: common: created directory at: artifacts]
[2025-09-07 01:20:32,854: INFO: common: created directory at: artifacts/data_transformation]
[2025-09-07 01:20:48,632: INFO: data_transformation: Splitted data into training, validation, and test sets]
[2025-09-07 01:20:48,633: INFO: data_transformation: (464809, 55)]
[2025-09-07 01:20:48,634: INFO: data_transformation: (58101, 55)]
[2025-09-07 01:20:48,634: INFO: data_transformation: (58102, 55)]
[2025-09-07 01:20:48,705: INFO: main: >>>>>> stage Data Transformation stage completed <<<<<<

x==========x]
[2025-09-07 01:20:48,705: INFO: main: >>>>>> stage Model Training stage started <<<<<<]
[2025-09-07 01:20:48,711: INFO: common: yaml file: config\config.yaml loaded successfully]
[2025-09-07 01:20:48,718: INFO: common: yaml file: params.yaml loaded successfully]
[2025-09-07 01:20:48,733: INFO: common: yaml file: schema.yaml loaded successfully]
[2025-09-07 01:20:48,734: INFO: common: created directory at: artifacts]
[2025-09-07 01:20:48,736: INFO: common: created directory at: artifacts/model_train]
[2025-09-07 01:27:52,800: INFO: main: >>>>>> stage Model Training stage completed <<<<<<

x==========x]
